Archive member included to satisfy reference by file (symbol)

/usr/lib/gcc/arm-none-eabi/14.2.0/../../../../arm-none-eabi/lib/thumb/v8-m.main+fp/softfp/libm.a(libm_a-wf_sqrt.o)
                              CMakeFiles/test.dir/home/octo/dev/pico-sdk/src/rp2_common/pico_float/float_math.c.o (sqrtf)
/usr/lib/gcc/arm-none-eabi/14.2.0/../../../../arm-none-eabi/lib/thumb/v8-m.main+fp/softfp/libm.a(libm_a-ef_sqrt.o)
                              /usr/lib/gcc/arm-none-eabi/14.2.0/../../../../arm-none-eabi/lib/thumb/v8-m.main+fp/softfp/libm.a(libm_a-wf_sqrt.o) (__ieee754_sqrtf)
/usr/lib/gcc/arm-none-eabi/14.2.0/thumb/v8-m.main+fp/softfp/libgcc.a(_arm_addsubdf3.o)
                              CMakeFiles/test.dir/home/octo/dev/pico-sdk/src/rp2_common/pico_float/float_math.c.o (__aeabi_f2d)
/usr/lib/gcc/arm-none-eabi/14.2.0/thumb/v8-m.main+fp/softfp/libgcc.a(_aeabi_ldivmod.o)
                              CMakeFiles/test.dir/home/octo/dev/pico-sdk/src/common/pico_time/time.c.o (__aeabi_ldivmod)
/usr/lib/gcc/arm-none-eabi/14.2.0/thumb/v8-m.main+fp/softfp/libgcc.a(_aeabi_uldivmod.o)
                              CMakeFiles/test.dir/home/octo/dev/pico-sdk/src/rp2_common/hardware_clocks/clocks.c.o (__aeabi_uldivmod)
/usr/lib/gcc/arm-none-eabi/14.2.0/thumb/v8-m.main+fp/softfp/libgcc.a(_udivmoddi4.o)
                              /usr/lib/gcc/arm-none-eabi/14.2.0/thumb/v8-m.main+fp/softfp/libgcc.a(_aeabi_ldivmod.o) (__udivmoddi4)
/usr/lib/gcc/arm-none-eabi/14.2.0/thumb/v8-m.main+fp/softfp/libgcc.a(_dvmd_tls.o)
                              /usr/lib/gcc/arm-none-eabi/14.2.0/thumb/v8-m.main+fp/softfp/libgcc.a(_aeabi_ldivmod.o) (__aeabi_ldiv0)
/usr/lib/gcc/arm-none-eabi/14.2.0/../../../../arm-none-eabi/lib/thumb/v8-m.main+fp/softfp/libg.a(libc_a-atexit.o)
                              /usr/lib/gcc/arm-none-eabi/14.2.0/../../../../arm-none-eabi/lib/thumb/v8-m.main+fp/softfp/crt0.o (atexit)
/usr/lib/gcc/arm-none-eabi/14.2.0/../../../../arm-none-eabi/lib/thumb/v8-m.main+fp/softfp/libg.a(libc_a-calloc.o)
                              CMakeFiles/test.dir/home/octo/dev/pico-sdk/src/rp2_common/pico_malloc/malloc.c.o (calloc)
/usr/lib/gcc/arm-none-eabi/14.2.0/../../../../arm-none-eabi/lib/thumb/v8-m.main+fp/softfp/libg.a(libc_a-callocr.o)
                              /usr/lib/gcc/arm-none-eabi/14.2.0/../../../../arm-none-eabi/lib/thumb/v8-m.main+fp/softfp/libg.a(libc_a-calloc.o) (_calloc_r)
/usr/lib/gcc/arm-none-eabi/14.2.0/../../../../arm-none-eabi/lib/thumb/v8-m.main+fp/softfp/libg.a(libc_a-malloc.o)
                              CMakeFiles/test.dir/home/octo/dev/pico-sdk/src/rp2_common/pico_malloc/malloc.c.o (malloc)
/usr/lib/gcc/arm-none-eabi/14.2.0/../../../../arm-none-eabi/lib/thumb/v8-m.main+fp/softfp/libg.a(libc_a-mallocr.o)
                              /usr/lib/gcc/arm-none-eabi/14.2.0/../../../../arm-none-eabi/lib/thumb/v8-m.main+fp/softfp/libg.a(libc_a-callocr.o) (_malloc_r)
/usr/lib/gcc/arm-none-eabi/14.2.0/../../../../arm-none-eabi/lib/thumb/v8-m.main+fp/softfp/libg.a(libc_a-mlock.o)
                              /usr/lib/gcc/arm-none-eabi/14.2.0/../../../../arm-none-eabi/lib/thumb/v8-m.main+fp/softfp/libg.a(libc_a-mallocr.o) (__malloc_lock)
/usr/lib/gcc/arm-none-eabi/14.2.0/../../../../arm-none-eabi/lib/thumb/v8-m.main+fp/softfp/libg.a(libc_a-realloc.o)
                              CMakeFiles/test.dir/home/octo/dev/pico-sdk/src/rp2_common/pico_malloc/malloc.c.o (realloc)
/usr/lib/gcc/arm-none-eabi/14.2.0/../../../../arm-none-eabi/lib/thumb/v8-m.main+fp/softfp/libg.a(libc_a-reallocr.o)
                              /usr/lib/gcc/arm-none-eabi/14.2.0/../../../../arm-none-eabi/lib/thumb/v8-m.main+fp/softfp/libg.a(libc_a-realloc.o) (_realloc_r)
/usr/lib/gcc/arm-none-eabi/14.2.0/../../../../arm-none-eabi/lib/thumb/v8-m.main+fp/softfp/libg.a(libc_a-memcmp.o)
                              CMakeFiles/test.dir/home/octo/dev/pico-sdk/src/rp2_common/pico_atomic/atomic.c.o (memcmp)
/usr/lib/gcc/arm-none-eabi/14.2.0/../../../../arm-none-eabi/lib/thumb/v8-m.main+fp/softfp/libg.a(libc_a-memmove.o)
                              /usr/lib/gcc/arm-none-eabi/14.2.0/../../../../arm-none-eabi/lib/thumb/v8-m.main+fp/softfp/libg.a(libc_a-reallocr.o) (memmove)
/usr/lib/gcc/arm-none-eabi/14.2.0/../../../../arm-none-eabi/lib/thumb/v8-m.main+fp/softfp/libg.a(libc_a-memset.o)
                              /usr/lib/gcc/arm-none-eabi/14.2.0/../../../../arm-none-eabi/lib/thumb/v8-m.main+fp/softfp/crt0.o (memset)
/usr/lib/gcc/arm-none-eabi/14.2.0/../../../../arm-none-eabi/lib/thumb/v8-m.main+fp/softfp/libg.a(libc_a-lcltime_r.o)
                              CMakeFiles/test.dir/home/octo/dev/pico-sdk/src/common/pico_util/datetime.c.o (localtime_r)
/usr/lib/gcc/arm-none-eabi/14.2.0/../../../../arm-none-eabi/lib/thumb/v8-m.main+fp/softfp/libg.a(libc_a-mktime.o)
                              CMakeFiles/test.dir/home/octo/dev/pico-sdk/src/common/pico_util/datetime.c.o (mktime)
[...]
Memory Configuration

Name             Origin             Length             Attributes
FLASH            0x10000000         0x00400000         xr
RAM              0x20000000         0x00080000         xrw
SCRATCH_X        0x20080000         0x00001000         xrw
SCRATCH_Y        0x20081000         0x00001000         xrw
*default*        0x00000000         0xffffffff

Linker script and memory map

LOAD /usr/lib/gcc/arm-none-eabi/14.2.0/thumb/v8-m.main+fp/softfp/crti.o
LOAD /usr/lib/gcc/arm-none-eabi/14.2.0/thumb/v8-m.main+fp/softfp/crtbegin.o
LOAD /usr/lib/gcc/arm-none-eabi/14.2.0/../../../../arm-none-eabi/lib/thumb/v8-m.main+fp/softfp/crt0.o

.flash_begin    0x10000000        0x0
                0x10000000                        __flash_binary_start = .

.text           0x10000000     0x4844
                0x10000000                        __logical_binary_start = .
 *(.vectors)
 .vectors       0x10000000      0x124 CMakeFiles/test.dir/home/octo/dev/pico-sdk/src/rp2_common/pico_crt0/crt0.S.o
                0x10000000                __vectors
                0x10000000                __VECTOR_TABLE
                0x10000110                isr_invalid
                0x10000110                __default_isrs_start
                0x10000112                isr_nmi
                0x10000114                isr_hardfault
                0x10000116                isr_svcall
                0x10000118                isr_pendsv
                0x1000011a                isr_systick
                0x1000011c                isr_irq30
                0x1000011c                __unhandled_user_irq
                0x1000011c                isr_irq49
                0x1000011c                isr_irq13
                0x1000011c                isr_irq43
                0x1000011c                isr_irq45
                0x1000011c                isr_irq27
                0x1000011c                isr_irq32
                0x1000011c                isr_irq31
                0x1000011c                isr_irq5
                0x1000011c                isr_irq11
                0x1000011c                isr_irq23
                0x1000011c                isr_irq48
                0x1000011c                isr_irq35
                0x1000011c                isr_irq18
                0x1000011c                isr_irq50
                0x1000011c                isr_irq40
                0x1000011c                isr_irq28
                0x1000011c                isr_irq19
                0x1000011c                isr_irq36
                0x1000011c                isr_irq41
                0x1000011c                isr_irq0
                0x1000011c                isr_irq6
                0x1000011c                isr_irq37
                0x1000011c                isr_irq42
                0x1000011c                isr_irq22
                0x1000011c                isr_irq17
                0x1000011c                isr_irq38
                0x1000011c                isr_irq14
                0x1000011c                isr_irq2
                0x1000011c                isr_irq10
                0x1000011c                isr_irq8
                0x1000011c                isr_irq24
                0x1000011c                isr_irq46
                0x1000011c                isr_irq1
                0x1000011c                isr_irq47
                0x1000011c                isr_irq51
                0x1000011c                isr_irq7
                0x1000011c                isr_irq21
                0x1000011c                isr_irq39
                0x1000011c                isr_irq20
                0x1000011c                isr_irq15
                0x1000011c                isr_irq25
                0x1000011c                isr_irq34
                0x1000011c                isr_irq4
                0x1000011c                isr_irq16
                0x1000011c                isr_irq44
                0x1000011c                isr_irq29
                0x1000011c                isr_irq26
                0x1000011c                __default_isrs_end
                0x1000011c                isr_irq33
                0x1000011c                isr_irq3
                0x1000011c                isr_irq12
                0x1000011c                isr_irq9
                0x10000122                unhandled_user_irq_num_in_r0
 *(.binary_info_header)
 .binary_info_header
                0x10000124       0x14 CMakeFiles/test.dir/home/octo/dev/pico-sdk/src/rp2_common/pico_crt0/crt0.S.o
                0x10000138                        __binary_info_header_end = .
 *(.embedded_block)
 .embedded_block
                0x10000138       0x14 CMakeFiles/test.dir/home/octo/dev/pico-sdk/src/rp2_common/pico_crt0/crt0.S.o
                0x1000014c                        __embedded_block_end = .
 *(.reset)
 .reset         0x1000014c       0xa0 CMakeFiles/test.dir/home/octo/dev/pico-sdk/src/rp2_common/pico_crt0/crt0.S.o
                0x1000014c                _entry_point
 *(.init)
 .init          0x100001ec        0x4 /usr/lib/gcc/arm-none-eabi/14.2.0/thumb/v8-m.main+fp/softfp/crti.o
                0x100001ec                _init
 *libgcc.a:cmse_nonsecure_call.o()
 *(EXCLUDE_FILE(*libm.a: *libc.a:*lib_a-mem*.o *libgcc.a:) .text*)
 .text.frame_dummy
                0x100001f0       0x1c /usr/lib/gcc/arm-none-eabi/14.2.0/thumb/v8-m.main+fp/softfp/crtbegin.o
 .text.startup.main
                0x1000020c       0x74 CMakeFiles/test.dir/src/main.c.o
                0x1000020c                main
 .text.gpio_set_function
                0x10000280       0x3c CMakeFiles/test.dir/home/octo/dev/pico-sdk/src/rp2_common/hardware_gpio/gpio.c.o
                0x10000280                gpio_set_function
 .text.gpio_init
                0x100002bc       0x48 CMakeFiles/test.dir/home/octo/dev/pico-sdk/src/rp2_common/hardware_gpio/gpio.c.o
                0x100002bc                gpio_init
 .text.panic    0x10000304       0x30 CMakeFiles/test.dir/home/octo/dev/pico-sdk/src/rp2_common/pico_platform_panic/panic.c.o
                0x10000304                panic
 .text.hw_claim_or_assert
                0x10000334       0x58 CMakeFiles/test.dir/home/octo/dev/pico-sdk/src/common/hardware_claim/claim.c.o
                0x10000334                hw_claim_or_assert
 .text.hw_claim_unused_from_range
                0x1000038c       0x80 CMakeFiles/test.dir/home/octo/dev/pico-sdk/src/common/hardware_claim/claim.c.o
                0x1000038c                hw_claim_unused_from_range
 .text.next_striped_spin_lock_num
                0x1000040c       0x18 CMakeFiles/test.dir/home/octo/dev/pico-sdk/src/rp2_common/hardware_sync/sync.c.o
                0x1000040c                next_striped_spin_lock_num
 .text.spin_lock_claim_unused
                0x10000424       0x20 CMakeFiles/test.dir/home/octo/dev/pico-sdk/src/rp2_common/hardware_sync/sync.c.o
                0x10000424                spin_lock_claim_unused
 .text.spinlock_set_extexclall
                0x10000444       0x10 CMakeFiles/test.dir/home/octo/dev/pico-sdk/src/rp2_common/hardware_sync_spin_lock/sync_spin_lock.c.o
 .text.spin_locks_reset
                0x10000454       0x18 CMakeFiles/test.dir/home/octo/dev/pico-sdk/src/rp2_common/hardware_sync_spin_lock/sync_spin_lock.c.o
                0x10000454                spin_locks_reset
 .text.runtime_init_per_core_irq_priorities
                0x1000046c       0x40 CMakeFiles/test.dir/home/octo/dev/pico-sdk/src/rp2_common/hardware_irq/irq.c.o
                0x1000046c                runtime_init_per_core_irq_priorities
 .text.irq_set_enabled
                0x100004ac       0x2c CMakeFiles/test.dir/home/octo/dev/pico-sdk/src/rp2_common/hardware_irq/irq.c.o
                0x100004ac                irq_set_enabled
 .text.irq_is_enabled
                0x100004d8       0x20 CMakeFiles/test.dir/home/octo/dev/pico-sdk/src/rp2_common/hardware_irq/irq.c.o
                0x100004d8                irq_is_enabled
 .text.irq_set_pending
                0x100004f8       0x18 CMakeFiles/test.dir/home/octo/dev/pico-sdk/src/rp2_common/hardware_irq/irq.c.o
                0x100004f8                irq_set_pending
 .text.irq_has_shared_handler
                0x10000510       0x24 CMakeFiles/test.dir/home/octo/dev/pico-sdk/src/rp2_common/hardware_irq/irq.c.o
                0x10000510                irq_has_shared_handler
 .text.irq_set_exclusive_handler
                0x10000534       0x60 CMakeFiles/test.dir/home/octo/dev/pico-sdk/src/rp2_common/hardware_irq/irq.c.o
                0x10000534                irq_set_exclusive_handler
 .text.irq_add_shared_handler
                0x10000594      0x1e8 CMakeFiles/test.dir/home/octo/dev/pico-sdk/src/rp2_common/hardware_irq/irq.c.o
                0x10000594                irq_add_shared_handler
 .text.irq_remove_handler
                0x1000077c      0x1f4 CMakeFiles/test.dir/home/octo/dev/pico-sdk/src/rp2_common/hardware_irq/irq.c.o
                0x1000077c                irq_remove_handler
 .text.irq_add_tail_to_free_list
                0x10000970       0xbc CMakeFiles/test.dir/home/octo/dev/pico-sdk/src/rp2_common/hardware_irq/irq.c.o
                0x10000970                irq_add_tail_to_free_list
 .text.user_irq_claim_unused
                0x10000a2c       0x28 CMakeFiles/test.dir/home/octo/dev/pico-sdk/src/rp2_common/hardware_irq/irq.c.o
                0x10000a2c                user_irq_claim_unused
 .text.lock_init
                0x10000a54        0xc CMakeFiles/test.dir/home/octo/dev/pico-sdk/src/common/pico_sync/lock_core.c.o
                0x10000a54                lock_init
 .text.runtime_init_mutex
                0x10000a60       0x4c CMakeFiles/test.dir/home/octo/dev/pico-sdk/src/common/pico_sync/mutex.c.o
                0x10000a60                runtime_init_mutex
 .text.mutex_init
                0x10000aac       0x1c CMakeFiles/test.dir/home/octo/dev/pico-sdk/src/common/pico_sync/mutex.c.o
                0x10000aac                mutex_init
 .text.critical_section_init
                0x10000ac8       0x1c CMakeFiles/test.dir/home/octo/dev/pico-sdk/src/common/pico_sync/critical_section.c.o
                0x10000ac8                critical_section_init
 .text.critical_section_init_with_lock_num
                0x10000ae4       0x10 CMakeFiles/test.dir/home/octo/dev/pico-sdk/src/common/pico_sync/critical_section.c.o
                0x10000ae4                critical_section_init_with_lock_num
 .text.sleep_until_callback
                0x10000af4       0x3c CMakeFiles/test.dir/home/octo/dev/pico-sdk/src/common/pico_time/time.c.o
 .text.alarm_pool_irq_handler
                0x10000b30      0x2e0 CMakeFiles/test.dir/home/octo/dev/pico-sdk/src/common/pico_time/time.c.o
 .text.runtime_init_default_alarm_pool
                0x10000e10      0x100 CMakeFiles/test.dir/home/octo/dev/pico-sdk/src/common/pico_time/time.c.o
                0x10000e10                runtime_init_default_alarm_pool
 .text.alarm_pool_get_default
                0x10000f10        0x8 CMakeFiles/test.dir/home/octo/dev/pico-sdk/src/common/pico_time/time.c.o
                0x10000f10                alarm_pool_get_default
 .text.alarm_pool_add_alarm_at
                0x10000f18       0xdc CMakeFiles/test.dir/home/octo/dev/pico-sdk/src/common/pico_time/time.c.o
                0x10000f18                alarm_pool_add_alarm_at
 .text.alarm_pool_add_alarm_at_force_in_context
                0x10000ff4       0xc8 CMakeFiles/test.dir/home/octo/dev/pico-sdk/src/common/pico_time/time.c.o
                0x10000ff4                alarm_pool_add_alarm_at_force_in_context
 .text.alarm_pool_cancel_alarm
                0x100010bc       0x80 CMakeFiles/test.dir/home/octo/dev/pico-sdk/src/common/pico_time/time.c.o
                0x100010bc                alarm_pool_cancel_alarm
 .text.alarm_pool_core_num
                0x1000113c        0x4 CMakeFiles/test.dir/home/octo/dev/pico-sdk/src/common/pico_time/time.c.o
                0x1000113c                alarm_pool_core_num
 .text.sleep_ms
                0x10001140       0xdc CMakeFiles/test.dir/home/octo/dev/pico-sdk/src/common/pico_time/time.c.o
                0x10001140                sleep_ms
 .text.best_effort_wfe_or_timeout
                0x1000121c       0xdc CMakeFiles/test.dir/home/octo/dev/pico-sdk/src/common/pico_time/time.c.o
                0x1000121c                best_effort_wfe_or_timeout
 .text.timer_hardware_alarm_claim
                0x100012f8       0x24 CMakeFiles/test.dir/home/octo/dev/pico-sdk/src/rp2_common/hardware_timer/timer.c.o
                0x100012f8                timer_hardware_alarm_claim
 .text.timer_time_us_64
                0x1000131c       0x10 CMakeFiles/test.dir/home/octo/dev/pico-sdk/src/rp2_common/hardware_timer/timer.c.o
                0x1000131c                timer_time_us_64
 .text.time_us_64
                0x1000132c       0x14 CMakeFiles/test.dir/home/octo/dev/pico-sdk/src/rp2_common/hardware_timer/timer.c.o
                0x1000132c                time_us_64
 .text.busy_wait_us
                0x10001340       0x5c CMakeFiles/test.dir/home/octo/dev/pico-sdk/src/rp2_common/hardware_timer/timer.c.o
                0x10001340                busy_wait_us
 .text.busy_wait_until
                0x1000139c       0x24 CMakeFiles/test.dir/home/octo/dev/pico-sdk/src/rp2_common/hardware_timer/timer.c.o
                0x1000139c                busy_wait_until
 .text.uart_init
                0x100013c0      0x104 CMakeFiles/test.dir/home/octo/dev/pico-sdk/src/rp2_common/hardware_uart/uart.c.o
                0x100013c0                uart_init
 .text.clock_configure_undivided
                0x100014c4       0xd0 CMakeFiles/test.dir/home/octo/dev/pico-sdk/src/rp2_common/hardware_clocks/clocks.c.o
                0x100014c4                clock_configure_undivided
 .text.clock_get_hz
                0x10001594        0xc CMakeFiles/test.dir/home/octo/dev/pico-sdk/src/rp2_common/hardware_clocks/clocks.c.o
                0x10001594                clock_get_hz
 .text.pll_init
                0x100015a0       0x8c CMakeFiles/test.dir/home/octo/dev/pico-sdk/src/rp2_common/hardware_pll/pll.c.o
                0x100015a0                pll_init
 .text.watchdog_reboot
                0x1000162c       0x98 CMakeFiles/test.dir/home/octo/dev/pico-sdk/src/rp2_common/hardware_watchdog/watchdog.c.o
                0x1000162c                watchdog_reboot
 .text.tick_start
                0x100016c4       0x18 CMakeFiles/test.dir/home/octo/dev/pico-sdk/src/rp2_common/hardware_ticks/ticks.c.o
                0x100016c4                tick_start
 .text.rom_reboot.constprop.0.isra.0
                0x100016dc       0x34 CMakeFiles/test.dir/home/octo/dev/pico-sdk/src/rp2_common/pico_bootrom/bootrom.c.o
 .text.rom_func_lookup
                0x10001710       0x18 CMakeFiles/test.dir/home/octo/dev/pico-sdk/src/rp2_common/pico_bootrom/bootrom.c.o
                0x10001710                rom_func_lookup
 .text.rom_reset_usb_boot_extra
                0x10001728       0x1c CMakeFiles/test.dir/home/octo/dev/pico-sdk/src/rp2_common/pico_bootrom/bootrom.c.o
                0x10001728                rom_reset_usb_boot_extra
 .text.runtime_init_bootrom_locking_enable
                0x10001744       0x14 CMakeFiles/test.dir/home/octo/dev/pico-sdk/src/rp2_common/pico_bootrom/bootrom_lock.c.o
                0x10001744                runtime_init_bootrom_locking_enable
 .text.runtime_init_boot_locks_reset
                0x10001758       0x1c CMakeFiles/test.dir/home/octo/dev/pico-sdk/src/rp2_common/hardware_boot_lock/boot_lock.c.o
                0x10001758                runtime_init_boot_locks_reset
 .text.xosc_init
                0x10001774       0x2c CMakeFiles/test.dir/home/octo/dev/pico-sdk/src/rp2_common/hardware_xosc/xosc.c.o
                0x10001774                xosc_init
 .text.first_per_core_initializer
                0x100017a0        0x4 CMakeFiles/test.dir/home/octo/dev/pico-sdk/src/rp2_common/pico_runtime/runtime.c.o
 .text.hard_assertion_failure
                0x100017a4        0xc CMakeFiles/test.dir/home/octo/dev/pico-sdk/src/rp2_common/pico_runtime/runtime.c.o
                0x100017a4                hard_assertion_failure
 .text.runtime_run_initializers
                0x100017b0       0x20 CMakeFiles/test.dir/home/octo/dev/pico-sdk/src/rp2_common/pico_runtime/runtime.c.o
                0x100017b0                runtime_run_initializers
 .text.runtime_init_early_resets
                0x100017d0       0x34 CMakeFiles/test.dir/home/octo/dev/pico-sdk/src/rp2_common/pico_runtime_init/runtime_init.c.o
                0x100017d0                runtime_init_early_resets
 .text.runtime_init_usb_power_down
                0x10001804       0x1c CMakeFiles/test.dir/home/octo/dev/pico-sdk/src/rp2_common/pico_runtime_init/runtime_init.c.o
                0x10001804                runtime_init_usb_power_down
 .text.runtime_init_per_core_enable_coprocessors
                0x10001820       0x1c CMakeFiles/test.dir/home/octo/dev/pico-sdk/src/rp2_common/pico_runtime_init/runtime_init.c.o
                0x10001820                runtime_init_per_core_enable_coprocessors
 .text.runtime_init_post_clock_resets
                0x1000183c       0x20 CMakeFiles/test.dir/home/octo/dev/pico-sdk/src/rp2_common/pico_runtime_init/runtime_init.c.o
                0x1000183c                runtime_init_post_clock_resets
 .text.runtime_init_bootrom_reset
                0x1000185c       0x14 CMakeFiles/test.dir/home/octo/dev/pico-sdk/src/rp2_common/pico_runtime_init/runtime_init.c.o
                0x1000185c                runtime_init_bootrom_reset
 .text.runtime_init_per_core_bootrom_reset
                0x10001870       0x14 CMakeFiles/test.dir/home/octo/dev/pico-sdk/src/rp2_common/pico_runtime_init/runtime_init.c.o
                0x10001870                runtime_init_per_core_bootrom_reset
 .text.runtime_init_spin_locks_reset
                0x10001884        0x4 CMakeFiles/test.dir/home/octo/dev/pico-sdk/src/rp2_common/pico_runtime_init/runtime_init.c.o
                0x10001884                runtime_init_spin_locks_reset
 .text.runtime_init_install_ram_vector_table
                0x10001888       0x20 CMakeFiles/test.dir/home/octo/dev/pico-sdk/src/rp2_common/pico_runtime_init/runtime_init.c.o
                0x10001888                runtime_init_install_ram_vector_table
 .text.runtime_init_clocks
                0x100018a8       0xdc CMakeFiles/test.dir/home/octo/dev/pico-sdk/src/rp2_common/pico_runtime_init/runtime_init_clocks.c.o
                0x100018a8                runtime_init_clocks
 .text._out_char
                0x10001984        0x8 CMakeFiles/test.dir/home/octo/dev/pico-sdk/src/rp2_common/pico_printf/printf.c.o
 .text.weak_raw_vprintf
                0x1000198c       0x30 CMakeFiles/test.dir/home/octo/dev/pico-sdk/src/rp2_common/pico_printf/printf.c.o
                0x1000198c                weak_raw_vprintf
 .text._exit    0x100019bc        0x4 CMakeFiles/test.dir/home/octo/dev/pico-sdk/src/rp2_common/pico_clib_interface/newlib_interface.c.o
                0x100019bc                _exit
 .text.exit     0x100019c0        0x8 CMakeFiles/test.dir/home/octo/dev/pico-sdk/src/rp2_common/pico_clib_interface/newlib_interface.c.o
                0x100019c0                exit
 .text.runtime_init
                0x100019c8       0x24 CMakeFiles/test.dir/home/octo/dev/pico-sdk/src/rp2_common/pico_clib_interface/newlib_interface.c.o
                0x100019c8                runtime_init
 .text.stdio_out_chars_no_crlf
                0x100019ec        0x8 CMakeFiles/test.dir/home/octo/dev/pico-sdk/src/rp2_common/pico_stdio/stdio.c.o
 .text.stdio_out_chars_crlf
                0x100019f4       0xb0 CMakeFiles/test.dir/home/octo/dev/pico-sdk/src/rp2_common/pico_stdio/stdio.c.o
 .text.stdio_put_string
                0x10001aa4       0xec CMakeFiles/test.dir/home/octo/dev/pico-sdk/src/rp2_common/pico_stdio/stdio.c.o
                0x10001aa4                stdio_put_string
 .text.stdio_set_driver_enabled
                0x10001b90       0x28 CMakeFiles/test.dir/home/octo/dev/pico-sdk/src/rp2_common/pico_stdio/stdio.c.o
                0x10001b90                stdio_set_driver_enabled
 .text.stdio_init_all
                0x10001bb8       0x10 CMakeFiles/test.dir/home/octo/dev/pico-sdk/src/rp2_common/pico_stdio/stdio.c.o
                0x10001bb8                stdio_init_all
 .text.__wrap_putchar
                0x10001bc8       0x84 CMakeFiles/test.dir/home/octo/dev/pico-sdk/src/rp2_common/pico_stdio/stdio.c.o
                0x10001bc8                stdio_putchar
                0x10001bc8                __wrap_putchar
 .text.__wrap_puts
                0x10001c4c       0x3c CMakeFiles/test.dir/home/octo/dev/pico-sdk/src/rp2_common/pico_stdio/stdio.c.o
                0x10001c4c                __wrap_puts
                0x10001c4c                stdio_puts
 .text.stdio_uart_out_chars
                0x10001c88       0x50 CMakeFiles/test.dir/home/octo/dev/pico-sdk/src/rp2_common/pico_stdio_uart/stdio_uart.c.o
 .text.stdio_uart_in_chars
                0x10001cd8       0x94 CMakeFiles/test.dir/home/octo/dev/pico-sdk/src/rp2_common/pico_stdio_uart/stdio_uart.c.o
                0x10001cd8                stdio_uart_in_chars
 .text.on_uart_rx
                0x10001d6c       0x24 CMakeFiles/test.dir/home/octo/dev/pico-sdk/src/rp2_common/pico_stdio_uart/stdio_uart.c.o
 .text.stdio_uart_out_flush
                0x10001d90       0x10 CMakeFiles/test.dir/home/octo/dev/pico-sdk/src/rp2_common/pico_stdio_uart/stdio_uart.c.o
 .text.stdio_uart_set_chars_available_callback
                0x10001da0       0x88 CMakeFiles/test.dir/home/octo/dev/pico-sdk/src/rp2_common/pico_stdio_uart/stdio_uart.c.o
 .text.stdio_uart_init
                0x10001e28       0x54 CMakeFiles/test.dir/home/octo/dev/pico-sdk/src/rp2_common/pico_stdio_uart/stdio_uart.c.o
                0x10001e28                stdio_uart_init
 .text.resetd_init
                0x10001e7c        0x4 CMakeFiles/test.dir/home/octo/dev/pico-sdk/src/rp2_common/pico_stdio_usb/reset_interface.c.o
 .text.resetd_reset
                0x10001e80        0xc CMakeFiles/test.dir/home/octo/dev/pico-sdk/src/rp2_common/pico_stdio_usb/reset_interface.c.o
 .text.resetd_open
                0x10001e8c       0x28 CMakeFiles/test.dir/home/octo/dev/pico-sdk/src/rp2_common/pico_stdio_usb/reset_interface.c.o
 .text.resetd_xfer_cb
                0x10001eb4        0x4 CMakeFiles/test.dir/home/octo/dev/pico-sdk/src/rp2_common/pico_stdio_usb/reset_interface.c.o
 .text.resetd_control_xfer_cb
                0x10001eb8       0x50 CMakeFiles/test.dir/home/octo/dev/pico-sdk/src/rp2_common/pico_stdio_usb/reset_interface.c.o
 .text.tud_descriptor_bos_cb
                0x10001f08        0x8 CMakeFiles/test.dir/home/octo/dev/pico-sdk/src/rp2_common/pico_stdio_usb/reset_interface.c.o
                0x10001f08                tud_descriptor_bos_cb
 .text.tud_vendor_control_xfer_cb
                0x10001f10       0x28 CMakeFiles/test.dir/home/octo/dev/pico-sdk/src/rp2_common/pico_stdio_usb/reset_interface.c.o
                0x10001f10                tud_vendor_control_xfer_cb
 .text.usbd_app_driver_get_cb
                0x10001f38       0x10 CMakeFiles/test.dir/home/octo/dev/pico-sdk/src/rp2_common/pico_stdio_usb/reset_interface.c.o
                0x10001f38                usbd_app_driver_get_cb
 .text.tud_cdc_line_coding_cb
                0x10001f48       0x18 CMakeFiles/test.dir/home/octo/dev/pico-sdk/src/rp2_common/pico_stdio_usb/reset_interface.c.o
                0x10001f48                tud_cdc_line_coding_cb
 .text.stdio_usb_set_chars_available_callback
                0x10001f60       0x14 CMakeFiles/test.dir/home/octo/dev/pico-sdk/src/rp2_common/pico_stdio_usb/stdio_usb.c.o
                0x10001f60                stdio_usb_set_chars_available_callback
 .text.timer_task
                0x10001f74       0x70 CMakeFiles/test.dir/home/octo/dev/pico-sdk/src/rp2_common/pico_stdio_usb/stdio_usb.c.o
 .text.usb_irq  0x10001fe4        0xc CMakeFiles/test.dir/home/octo/dev/pico-sdk/src/rp2_common/pico_stdio_usb/stdio_usb.c.o
 .text.stdio_usb_in_chars
                0x10001ff0       0x88 CMakeFiles/test.dir/home/octo/dev/pico-sdk/src/rp2_common/pico_stdio_usb/stdio_usb.c.o
                0x10001ff0                stdio_usb_in_chars
 .text.stdio_usb_out_flush
                0x10002078       0x54 CMakeFiles/test.dir/home/octo/dev/pico-sdk/src/rp2_common/pico_stdio_usb/stdio_usb.c.o
 .text.stdio_usb_out_chars
                0x100020cc       0xf4 CMakeFiles/test.dir/home/octo/dev/pico-sdk/src/rp2_common/pico_stdio_usb/stdio_usb.c.o
 .text.low_priority_worker_irq
                0x100021c0       0xd8 CMakeFiles/test.dir/home/octo/dev/pico-sdk/src/rp2_common/pico_stdio_usb/stdio_usb.c.o
 .text.stdio_usb_init
                0x10002298       0xe4 CMakeFiles/test.dir/home/octo/dev/pico-sdk/src/rp2_common/pico_stdio_usb/stdio_usb.c.o
                0x10002298                stdio_usb_init
 .text.tud_descriptor_device_cb
                0x1000237c        0x8 CMakeFiles/test.dir/home/octo/dev/pico-sdk/src/rp2_common/pico_stdio_usb/stdio_usb_descriptors.c.o
                0x1000237c                tud_descriptor_device_cb
 .text.tud_descriptor_configuration_cb
                0x10002384        0x8 CMakeFiles/test.dir/home/octo/dev/pico-sdk/src/rp2_common/pico_stdio_usb/stdio_usb_descriptors.c.o
                0x10002384                tud_descriptor_configuration_cb
 .text.tud_descriptor_string_cb
                0x1000238c       0x70 CMakeFiles/test.dir/home/octo/dev/pico-sdk/src/rp2_common/pico_stdio_usb/stdio_usb_descriptors.c.o
                0x1000238c                tud_descriptor_string_cb
 .text.startup._retrieve_unique_id_on_boot
                0x100023fc       0x30 CMakeFiles/test.dir/home/octo/dev/pico-sdk/src/rp2_common/pico_unique_id/unique_id.c.o
 .text.pico_get_unique_board_id_string
                0x1000242c      0x184 CMakeFiles/test.dir/home/octo/dev/pico-sdk/src/rp2_common/pico_unique_id/unique_id.c.o
                0x1000242c                pico_get_unique_board_id_string
 .text.dcd_init
                0x100025b0       0x8c CMakeFiles/test.dir/home/octo/dev/pico-sdk/lib/tinyusb/src/portable/raspberrypi/rp2040/dcd_rp2040.c.o
                0x100025b0                dcd_init
 .text.dcd_int_enable
                0x1000263c        0x8 CMakeFiles/test.dir/home/octo/dev/pico-sdk/lib/tinyusb/src/portable/raspberrypi/rp2040/dcd_rp2040.c.o
                0x1000263c                dcd_int_enable
 .text.dcd_set_address
                0x10002644       0x10 CMakeFiles/test.dir/home/octo/dev/pico-sdk/lib/tinyusb/src/portable/raspberrypi/rp2040/dcd_rp2040.c.o
                0x10002644                dcd_set_address
 .text.dcd_sof_enable
                0x10002654       0x1c CMakeFiles/test.dir/home/octo/dev/pico-sdk/lib/tinyusb/src/portable/raspberrypi/rp2040/dcd_rp2040.c.o
                0x10002654                dcd_sof_enable
 .text.dcd_edpt0_status_complete
                0x10002670       0x1c CMakeFiles/test.dir/home/octo/dev/pico-sdk/lib/tinyusb/src/portable/raspberrypi/rp2040/dcd_rp2040.c.o
                0x10002670                dcd_edpt0_status_complete
 .text.dcd_edpt_open
                0x1000268c       0xf4 CMakeFiles/test.dir/home/octo/dev/pico-sdk/lib/tinyusb/src/portable/raspberrypi/rp2040/dcd_rp2040.c.o
                0x1000268c                dcd_edpt_open
 .text.dcd_edpt_close_all
                0x10002780        0x4 CMakeFiles/test.dir/home/octo/dev/pico-sdk/lib/tinyusb/src/portable/raspberrypi/rp2040/dcd_rp2040.c.o
                0x10002780                dcd_edpt_close_all
 .text.dcd_edpt_xfer
                0x10002784       0x28 CMakeFiles/test.dir/home/octo/dev/pico-sdk/lib/tinyusb/src/portable/raspberrypi/rp2040/dcd_rp2040.c.o
                0x10002784                dcd_edpt_xfer
 .text.dcd_edpt_stall
                0x100027ac       0x30 CMakeFiles/test.dir/home/octo/dev/pico-sdk/lib/tinyusb/src/portable/raspberrypi/rp2040/dcd_rp2040.c.o
                0x100027ac                dcd_edpt_stall
 .text.dcd_edpt_clear_stall
                0x100027dc       0x24 CMakeFiles/test.dir/home/octo/dev/pico-sdk/lib/tinyusb/src/portable/raspberrypi/rp2040/dcd_rp2040.c.o
                0x100027dc                dcd_edpt_clear_stall
 .text.rp2040_usb_init
                0x10002800       0x40 CMakeFiles/test.dir/home/octo/dev/pico-sdk/lib/tinyusb/src/portable/raspberrypi/rp2040/rp2040_usb.c.o
                0x10002800                rp2040_usb_init
 .text.hw_endpoint_xfer_start
                0x10002840       0x40 CMakeFiles/test.dir/home/octo/dev/pico-sdk/lib/tinyusb/src/portable/raspberrypi/rp2040/rp2040_usb.c.o
                0x10002840                hw_endpoint_xfer_start
 .text.configuration_reset
                0x10002880       0x8c CMakeFiles/test.dir/home/octo/dev/pico-sdk/lib/tinyusb/src/device/usbd.c.o
 .text.tud_event_hook_cb
                0x1000290c        0x4 CMakeFiles/test.dir/home/octo/dev/pico-sdk/lib/tinyusb/src/device/usbd.c.o
                0x1000290c                tud_event_hook_cb
 .text.tud_sof_cb
                0x10002910        0x4 CMakeFiles/test.dir/home/octo/dev/pico-sdk/lib/tinyusb/src/device/usbd.c.o
                0x10002910                tud_sof_cb
 .text.tud_descriptor_device_qualifier_cb
                0x10002914        0x4 CMakeFiles/test.dir/home/octo/dev/pico-sdk/lib/tinyusb/src/device/usbd.c.o
                0x10002914                tud_descriptor_device_qualifier_cb
 .text.tud_descriptor_other_speed_configuration_cb
                0x10002918        0x4 CMakeFiles/test.dir/home/octo/dev/pico-sdk/lib/tinyusb/src/device/usbd.c.o
                0x10002918                tud_descriptor_other_speed_configuration_cb
 .text.tud_mount_cb
                0x1000291c        0x4 CMakeFiles/test.dir/home/octo/dev/pico-sdk/lib/tinyusb/src/device/usbd.c.o
                0x1000291c                tud_mount_cb
 .text.tud_umount_cb
                0x10002920        0x4 CMakeFiles/test.dir/home/octo/dev/pico-sdk/lib/tinyusb/src/device/usbd.c.o
                0x10002920                tud_umount_cb
 .text.tud_suspend_cb
                0x10002924        0x4 CMakeFiles/test.dir/home/octo/dev/pico-sdk/lib/tinyusb/src/device/usbd.c.o
                0x10002924                tud_suspend_cb
 .text.tud_resume_cb
                0x10002928        0x4 CMakeFiles/test.dir/home/octo/dev/pico-sdk/lib/tinyusb/src/device/usbd.c.o
                0x10002928                tud_resume_cb
 .text.tud_mounted
                0x1000292c       0x10 CMakeFiles/test.dir/home/octo/dev/pico-sdk/lib/tinyusb/src/device/usbd.c.o
                0x1000292c                tud_mounted
 .text.tud_suspended
                0x1000293c       0x10 CMakeFiles/test.dir/home/octo/dev/pico-sdk/lib/tinyusb/src/device/usbd.c.o
                0x1000293c                tud_suspended
 .text.tud_init
                0x1000294c       0xe4 CMakeFiles/test.dir/home/octo/dev/pico-sdk/lib/tinyusb/src/device/usbd.c.o
                0x1000294c                tud_init
 .text.tud_task_ext
                0x10002a30      0x784 CMakeFiles/test.dir/home/octo/dev/pico-sdk/lib/tinyusb/src/device/usbd.c.o
                0x10002a30                tud_task_ext
 .text.usbd_open_edpt_pair
                0x100031b4       0x9c CMakeFiles/test.dir/home/octo/dev/pico-sdk/lib/tinyusb/src/device/usbd.c.o
                0x100031b4                usbd_open_edpt_pair
 .text.usbd_edpt_open
                0x10003250       0x44 CMakeFiles/test.dir/home/octo/dev/pico-sdk/lib/tinyusb/src/device/usbd.c.o
                0x10003250                usbd_edpt_open
 .text.usbd_edpt_claim
                0x10003294       0x24 CMakeFiles/test.dir/home/octo/dev/pico-sdk/lib/tinyusb/src/device/usbd.c.o
                0x10003294                usbd_edpt_claim
 .text.usbd_edpt_release
                0x100032b8       0x24 CMakeFiles/test.dir/home/octo/dev/pico-sdk/lib/tinyusb/src/device/usbd.c.o
                0x100032b8                usbd_edpt_release
 .text.usbd_edpt_xfer
                0x100032dc       0x70 CMakeFiles/test.dir/home/octo/dev/pico-sdk/lib/tinyusb/src/device/usbd.c.o
                0x100032dc                usbd_edpt_xfer
 .text.tud_control_status
                0x1000334c       0x34 CMakeFiles/test.dir/home/octo/dev/pico-sdk/lib/tinyusb/src/device/usbd_control.c.o
                0x1000334c                tud_control_status
 .text.tud_control_xfer
                0x10003380       0xb0 CMakeFiles/test.dir/home/octo/dev/pico-sdk/lib/tinyusb/src/device/usbd_control.c.o
                0x10003380                tud_control_xfer
 .text.usbd_control_reset
                0x10003430       0x14 CMakeFiles/test.dir/home/octo/dev/pico-sdk/lib/tinyusb/src/device/usbd_control.c.o
                0x10003430                usbd_control_reset
 .text.usbd_control_set_complete_callback
                0x10003444        0xc CMakeFiles/test.dir/home/octo/dev/pico-sdk/lib/tinyusb/src/device/usbd_control.c.o
                0x10003444                usbd_control_set_complete_callback
 .text.usbd_control_set_request
                0x10003450       0x1c CMakeFiles/test.dir/home/octo/dev/pico-sdk/lib/tinyusb/src/device/usbd_control.c.o
                0x10003450                usbd_control_set_request
 .text.usbd_control_xfer_cb
                0x1000346c      0x100 CMakeFiles/test.dir/home/octo/dev/pico-sdk/lib/tinyusb/src/device/usbd_control.c.o
                0x1000346c                usbd_control_xfer_cb
 .text._prep_out_transaction.isra.0
                0x1000356c       0x5c CMakeFiles/test.dir/home/octo/dev/pico-sdk/lib/tinyusb/src/class/cdc/cdc_device.c.o
 .text.tud_cdc_n_connected
                0x100035c8       0x2c CMakeFiles/test.dir/home/octo/dev/pico-sdk/lib/tinyusb/src/class/cdc/cdc_device.c.o
                0x100035c8                tud_cdc_n_connected
 .text.tud_cdc_n_available
                0x100035f4       0x18 CMakeFiles/test.dir/home/octo/dev/pico-sdk/lib/tinyusb/src/class/cdc/cdc_device.c.o
                0x100035f4                tud_cdc_n_available
 .text.tud_cdc_n_read
                0x1000360c       0x8c CMakeFiles/test.dir/home/octo/dev/pico-sdk/lib/tinyusb/src/class/cdc/cdc_device.c.o
                0x1000360c                tud_cdc_n_read
 .text.tud_cdc_n_write_flush
                0x10003698       0x8c CMakeFiles/test.dir/home/octo/dev/pico-sdk/lib/tinyusb/src/class/cdc/cdc_device.c.o
                0x10003698                tud_cdc_n_write_flush
 .text.tud_cdc_n_write
                0x10003724       0x40 CMakeFiles/test.dir/home/octo/dev/pico-sdk/lib/tinyusb/src/class/cdc/cdc_device.c.o
                0x10003724                tud_cdc_n_write
 .text.tud_cdc_n_write_available
                0x10003764       0x18 CMakeFiles/test.dir/home/octo/dev/pico-sdk/lib/tinyusb/src/class/cdc/cdc_device.c.o
                0x10003764                tud_cdc_n_write_available
 .text.cdcd_init
                0x1000377c       0x78 CMakeFiles/test.dir/home/octo/dev/pico-sdk/lib/tinyusb/src/class/cdc/cdc_device.c.o
                0x1000377c                cdcd_init
 .text.cdcd_deinit
                0x100037f4       0x30 CMakeFiles/test.dir/home/octo/dev/pico-sdk/lib/tinyusb/src/class/cdc/cdc_device.c.o
                0x100037f4                cdcd_deinit
 .text.cdcd_reset
                0x10003824       0x4c CMakeFiles/test.dir/home/octo/dev/pico-sdk/lib/tinyusb/src/class/cdc/cdc_device.c.o
                0x10003824                cdcd_reset
 .text.cdcd_open
                0x10003870       0xbc CMakeFiles/test.dir/home/octo/dev/pico-sdk/lib/tinyusb/src/class/cdc/cdc_device.c.o
                0x10003870                cdcd_open
 .text.cdcd_control_xfer_cb
                0x1000392c       0xc4 CMakeFiles/test.dir/home/octo/dev/pico-sdk/lib/tinyusb/src/class/cdc/cdc_device.c.o
                0x1000392c                cdcd_control_xfer_cb
 .text.cdcd_xfer_cb
                0x100039f0       0xf4 CMakeFiles/test.dir/home/octo/dev/pico-sdk/lib/tinyusb/src/class/cdc/cdc_device.c.o
                0x100039f0                cdcd_xfer_cb
 .text.vendord_init
                0x10003ae4       0x5c CMakeFiles/test.dir/home/octo/dev/pico-sdk/lib/tinyusb/src/class/vendor/vendor_device.c.o
                0x10003ae4                vendord_init
 .text.vendord_deinit
                0x10003b40       0x1c CMakeFiles/test.dir/home/octo/dev/pico-sdk/lib/tinyusb/src/class/vendor/vendor_device.c.o
                0x10003b40                vendord_deinit
 .text.vendord_reset
                0x10003b5c       0x20 CMakeFiles/test.dir/home/octo/dev/pico-sdk/lib/tinyusb/src/class/vendor/vendor_device.c.o
                0x10003b5c                vendord_reset
 .text.vendord_open
                0x10003b7c       0xfc CMakeFiles/test.dir/home/octo/dev/pico-sdk/lib/tinyusb/src/class/vendor/vendor_device.c.o
                0x10003b7c                vendord_open
 .text.vendord_xfer_cb
                0x10003c78       0x88 CMakeFiles/test.dir/home/octo/dev/pico-sdk/lib/tinyusb/src/class/vendor/vendor_device.c.o
                0x10003c78                vendord_xfer_cb
 .text.tusb_init
                0x10003d00       0x1c CMakeFiles/test.dir/home/octo/dev/pico-sdk/lib/tinyusb/src/tusb.c.o
                0x10003d00                tusb_init
 .text.tu_edpt_claim
                0x10003d1c       0x54 CMakeFiles/test.dir/home/octo/dev/pico-sdk/lib/tinyusb/src/tusb.c.o
                0x10003d1c                tu_edpt_claim
 .text.tu_edpt_release
                0x10003d70       0x38 CMakeFiles/test.dir/home/octo/dev/pico-sdk/lib/tinyusb/src/tusb.c.o
                0x10003d70                tu_edpt_release
 .text.tu_edpt_validate
                0x10003da8       0x60 CMakeFiles/test.dir/home/octo/dev/pico-sdk/lib/tinyusb/src/tusb.c.o
                0x10003da8                tu_edpt_validate
 .text.tu_edpt_bind_driver
                0x10003e08       0x58 CMakeFiles/test.dir/home/octo/dev/pico-sdk/lib/tinyusb/src/tusb.c.o
                0x10003e08                tu_edpt_bind_driver
 .text.tu_edpt_stream_init
                0x10003e60       0x58 CMakeFiles/test.dir/home/octo/dev/pico-sdk/lib/tinyusb/src/tusb.c.o
                0x10003e60                tu_edpt_stream_init
 .text.tu_edpt_stream_deinit
                0x10003eb8        0x4 CMakeFiles/test.dir/home/octo/dev/pico-sdk/lib/tinyusb/src/tusb.c.o
                0x10003eb8                tu_edpt_stream_deinit
 .text.tu_edpt_stream_write_zlp_if_needed
                0x10003ebc       0x68 CMakeFiles/test.dir/home/octo/dev/pico-sdk/lib/tinyusb/src/tusb.c.o
                0x10003ebc                tu_edpt_stream_write_zlp_if_needed
 .text.tu_edpt_stream_write_xfer
                0x10003f24       0x70 CMakeFiles/test.dir/home/octo/dev/pico-sdk/lib/tinyusb/src/tusb.c.o
                0x10003f24                tu_edpt_stream_write_xfer
 .text.tu_edpt_stream_read_xfer
                0x10003f94       0xc8 CMakeFiles/test.dir/home/octo/dev/pico-sdk/lib/tinyusb/src/tusb.c.o
                0x10003f94                tu_edpt_stream_read_xfer
 .text.tu_fifo_config
                0x1000405c       0x60 CMakeFiles/test.dir/home/octo/dev/pico-sdk/lib/tinyusb/src/common/tusb_fifo.c.o
                0x1000405c                tu_fifo_config
 .text.tu_fifo_count
                0x100040bc       0x20 CMakeFiles/test.dir/home/octo/dev/pico-sdk/lib/tinyusb/src/common/tusb_fifo.c.o
                0x100040bc                tu_fifo_count
 .text.tu_fifo_empty
                0x100040dc       0x14 CMakeFiles/test.dir/home/octo/dev/pico-sdk/lib/tinyusb/src/common/tusb_fifo.c.o
                0x100040dc                tu_fifo_empty
 .text.tu_fifo_remaining
                0x100040f0       0x24 CMakeFiles/test.dir/home/octo/dev/pico-sdk/lib/tinyusb/src/common/tusb_fifo.c.o
                0x100040f0                tu_fifo_remaining
 .text.tu_fifo_read
                0x10004114       0x94 CMakeFiles/test.dir/home/octo/dev/pico-sdk/lib/tinyusb/src/common/tusb_fifo.c.o
                0x10004114                tu_fifo_read
 .text.tu_fifo_read_n
                0x100041a8       0xd8 CMakeFiles/test.dir/home/octo/dev/pico-sdk/lib/tinyusb/src/common/tusb_fifo.c.o
                0x100041a8                tu_fifo_read_n
 .text.tu_fifo_write
                0x10004280       0xa4 CMakeFiles/test.dir/home/octo/dev/pico-sdk/lib/tinyusb/src/common/tusb_fifo.c.o
                0x10004280                tu_fifo_write
 .text.tu_fifo_write_n
                0x10004324      0x15c CMakeFiles/test.dir/home/octo/dev/pico-sdk/lib/tinyusb/src/common/tusb_fifo.c.o
                0x10004324                tu_fifo_write_n
 .text.tu_fifo_clear
                0x10004480       0x38 CMakeFiles/test.dir/home/octo/dev/pico-sdk/lib/tinyusb/src/common/tusb_fifo.c.o
                0x10004480                tu_fifo_clear
 .text.tu_fifo_set_overwritable
                0x100044b8       0x3c CMakeFiles/test.dir/home/octo/dev/pico-sdk/lib/tinyusb/src/common/tusb_fifo.c.o
                0x100044b8                tu_fifo_set_overwritable
 .text.atexit   0x100044f4        0xc /usr/lib/gcc/arm-none-eabi/14.2.0/../../../../arm-none-eabi/lib/thumb/v8-m.main+fp/softfp/libg.a(libc_a-atexit.o)
                0x100044f4                atexit
 .text.memset   0x10004500       0x9c /usr/lib/gcc/arm-none-eabi/14.2.0/../../../../arm-none-eabi/lib/thumb/v8-m.main+fp/softfp/libg.a(libc_a-memset.o)
                0x10004500                memset
 .text.__libc_fini_array
                0x1000459c       0x28 /usr/lib/gcc/arm-none-eabi/14.2.0/../../../../arm-none-eabi/lib/thumb/v8-m.main+fp/softfp/libg.a(libc_a-fini.o)
                0x1000459c                __libc_fini_array
 .text.__retarget_lock_acquire_recursive
                0x100045c4        0x4 /usr/lib/gcc/arm-none-eabi/14.2.0/../../../../arm-none-eabi/lib/thumb/v8-m.main+fp/softfp/libg.a(libc_a-lock.o)
                0x100045c4                __retarget_lock_acquire_recursive
 .text.__retarget_lock_release_recursive
                0x100045c8        0x4 /usr/lib/gcc/arm-none-eabi/14.2.0/../../../../arm-none-eabi/lib/thumb/v8-m.main+fp/softfp/libg.a(libc_a-lock.o)
                0x100045c8                __retarget_lock_release_recursive
 .text          0x100045cc       0xec /usr/lib/gcc/arm-none-eabi/14.2.0/../../../../arm-none-eabi/lib/thumb/v8-m.main+fp/softfp/libg.a(libc_a-memcpy.o)
                0x100045cc                memcpy
 .text.strlen   0x100046b8       0x5c /usr/lib/gcc/arm-none-eabi/14.2.0/../../../../arm-none-eabi/lib/thumb/v8-m.main+fp/softfp/libg.a(libc_a-strlen-stub.o)
                0x100046b8                strlen
 .text.__register_exitproc
                0x10004714       0x84 /usr/lib/gcc/arm-none-eabi/14.2.0/../../../../arm-none-eabi/lib/thumb/v8-m.main+fp/softfp/libg.a(libc_a-__atexit.o)
                0x10004714                __register_exitproc
 .text.startup.register_fini
                0x10004798       0x14 /usr/lib/gcc/arm-none-eabi/14.2.0/../../../../arm-none-eabi/lib/thumb/v8-m.main+fp/softfp/libg.a(libc_a-__call_atexit.o)
 *(.fini)
 .fini          0x100047ac        0x4 /usr/lib/gcc/arm-none-eabi/14.2.0/thumb/v8-m.main+fp/softfp/crti.o
                0x100047ac                _fini
 .fini.__stub   0x100047b0       0x48 linker stubs
 *crtbegin.o(.ctors)
 *crtbegin?.o(.ctors)
 *(EXCLUDE_FILE(*crtend.o *crtend?.o) .ctors)
 *(SORT_BY_NAME(.ctors.*))
 *(.ctors)
 *crtbegin.o(.dtors)
 *crtbegin?.o(.dtors)
 *(EXCLUDE_FILE(*crtend.o *crtend?.o) .dtors)
 *(SORT_BY_NAME(.dtors.*))
 *(.dtors)
                0x100047f8                        . = ALIGN (0x4)
                0x100047f8                        PROVIDE (__preinit_array_start = .)
 *(SORT_BY_NAME(.preinit_array.*))
 .preinit_array.00050
                0x100047f8        0x4 CMakeFiles/test.dir/home/octo/dev/pico-sdk/src/rp2_common/pico_runtime_init/runtime_init.c.o
                0x100047f8                __pre_init_runtime_init_bootrom_reset
 .preinit_array.00100
                0x100047fc        0x4 CMakeFiles/test.dir/home/octo/dev/pico-sdk/src/rp2_common/pico_runtime_init/runtime_init.c.o
                0x100047fc                __pre_init_runtime_init_early_resets
 .preinit_array.00101
                0x10004800        0x4 CMakeFiles/test.dir/home/octo/dev/pico-sdk/src/rp2_common/pico_runtime_init/runtime_init.c.o
                0x10004800                __pre_init_runtime_init_usb_power_down
 .preinit_array.00500
                0x10004804        0x4 CMakeFiles/test.dir/home/octo/dev/pico-sdk/src/rp2_common/pico_runtime_init/runtime_init.c.o
                0x10004804                __pre_init_runtime_init_clocks
 .preinit_array.00600
                0x10004808        0x4 CMakeFiles/test.dir/home/octo/dev/pico-sdk/src/rp2_common/pico_runtime_init/runtime_init.c.o
                0x10004808                __pre_init_runtime_init_post_clock_resets
 .preinit_array.01000
                0x1000480c        0x4 CMakeFiles/test.dir/home/octo/dev/pico-sdk/src/rp2_common/hardware_boot_lock/boot_lock.c.o
                0x1000480c                __pre_init_runtime_init_boot_locks_reset
 .preinit_array.01000
                0x10004810        0x4 CMakeFiles/test.dir/home/octo/dev/pico-sdk/src/rp2_common/pico_runtime_init/runtime_init.c.o
                0x10004810                __pre_init_runtime_init_spin_locks_reset
 .preinit_array.01010
                0x10004814        0x4 CMakeFiles/test.dir/home/octo/dev/pico-sdk/src/rp2_common/pico_bootrom/bootrom_lock.c.o
                0x10004814                __pre_init_runtime_init_bootrom_locking_enable
 .preinit_array.01100
                0x10004818        0x4 CMakeFiles/test.dir/home/octo/dev/pico-sdk/src/common/pico_sync/mutex.c.o
                0x10004818                __pre_init_runtime_init_mutex
 .preinit_array.10080
                0x1000481c        0x4 CMakeFiles/test.dir/home/octo/dev/pico-sdk/src/rp2_common/pico_runtime_init/runtime_init.c.o
                0x1000481c                __pre_init_runtime_init_install_ram_vector_table
 .preinit_array.11000
                0x10004820        0x4 CMakeFiles/test.dir/home/octo/dev/pico-sdk/src/common/pico_time/time.c.o
                0x10004820                __pre_init_runtime_init_default_alarm_pool
 .preinit_array.YYYYY
                0x10004824        0x4 CMakeFiles/test.dir/home/octo/dev/pico-sdk/src/rp2_common/pico_runtime/runtime.c.o
                0x10004824                __pre_init_first_per_core_initializer
 .preinit_array.ZZZZZ.00051
                0x10004828        0x4 CMakeFiles/test.dir/home/octo/dev/pico-sdk/src/rp2_common/pico_runtime_init/runtime_init.c.o
                0x10004828                __pre_init_runtime_init_per_core_bootrom_reset
 .preinit_array.ZZZZZ.00200
                0x1000482c        0x4 CMakeFiles/test.dir/home/octo/dev/pico-sdk/src/rp2_common/pico_runtime_init/runtime_init.c.o
                0x1000482c                __pre_init_runtime_init_per_core_enable_coprocessors
 .preinit_array.ZZZZZ.01000
                0x10004830        0x4 CMakeFiles/test.dir/home/octo/dev/pico-sdk/src/rp2_common/hardware_sync_spin_lock/sync_spin_lock.c.o
                0x10004830                __pre_init_spinlock_set_extexclall
 .preinit_array.ZZZZZ.01200
                0x10004834        0x4 CMakeFiles/test.dir/home/octo/dev/pico-sdk/src/rp2_common/hardware_irq/irq.c.o
                0x10004834                __pre_init_runtime_init_per_core_irq_priorities
 *(.preinit_array)
                0x10004838                        PROVIDE (__preinit_array_end = .)
                0x10004838                        . = ALIGN (0x4)
                0x10004838                        PROVIDE (__init_array_start = .)
 *(SORT_BY_NAME(.init_array.*))
 .init_array.00000
                0x10004838        0x4 /usr/lib/gcc/arm-none-eabi/14.2.0/../../../../arm-none-eabi/lib/thumb/v8-m.main+fp/softfp/libg.a(libc_a-__call_atexit.o)
 *(.init_array)
 .init_array    0x1000483c        0x4 /usr/lib/gcc/arm-none-eabi/14.2.0/thumb/v8-m.main+fp/softfp/crtbegin.o
 .init_array    0x10004840        0x4 CMakeFiles/test.dir/home/octo/dev/pico-sdk/src/rp2_common/pico_unique_id/unique_id.c.o
                0x10004844                        PROVIDE (__init_array_end = .)
                0x10004844                        . = ALIGN (0x4)
                0x10004844                        PROVIDE (__fini_array_start = .)
 *(SORT_BY_NAME(.fini_array.*))
 *(.fini_array)
                0x10004844                        PROVIDE (__fini_array_end = .)
 *(.eh_frame*)
 .eh_frame      0x10004844        0x0 /usr/lib/gcc/arm-none-eabi/14.2.0/thumb/v8-m.main+fp/softfp/crtbegin.o
                0x10004844                        . = ALIGN (0x4)

.glue_7         0x10004844        0x0
 .glue_7        0x10004844        0x0 linker stubs

.glue_7t        0x10004844        0x0
 .glue_7t       0x10004844        0x0 linker stubs

.vfp11_veneer   0x10004844        0x0
 .vfp11_veneer  0x10004844        0x0 linker stubs

.v4_bx          0x10004844        0x0
 .v4_bx         0x10004844        0x0 linker stubs

.iplt           0x10004844        0x0
 .iplt          0x10004844        0x0 /usr/lib/gcc/arm-none-eabi/14.2.0/thumb/v8-m.main+fp/softfp/crtbegin.o

.boot2          0x10004844        0x0
                0x10004844                        __boot2_start__ = .
 *(.boot2)
                0x10004844                        __boot2_end__ = .
                0x00000001                        ASSERT (((__boot2_end__ - __boot2_start__) <= 0x100), ERROR: Pico second stage bootloader must be no more than 256 bytes in size)

.rodata         0x10004844      0x3ac
 *(EXCLUDE_FILE(*libm.a: *libc.a:*lib_a-mem*.o *libgcc.a:) .rodata*)
 .rodata.panic.str1.4
                0x10004844      0x180 CMakeFiles/test.dir/home/octo/dev/pico-sdk/src/rp2_common/pico_platform_panic/panic.c.o
                                 0x12 (size before relaxing)
 .rodata.spin_lock_claim_unused.str1.4
                0x100049c4       0x1b CMakeFiles/test.dir/home/octo/dev/pico-sdk/src/rp2_common/hardware_sync/sync.c.o
 .rodata.user_irq_claim_unused.str1.4
                0x100049c4       0x1b CMakeFiles/test.dir/home/octo/dev/pico-sdk/src/rp2_common/hardware_irq/irq.c.o
 .rodata.timer_hardware_alarm_claim.str1.4
                0x100049c4       0x22 CMakeFiles/test.dir/home/octo/dev/pico-sdk/src/rp2_common/hardware_timer/timer.c.o
 .rodata.hard_assertion_failure.str1.4
                0x100049c4        0xc CMakeFiles/test.dir/home/octo/dev/pico-sdk/src/rp2_common/pico_runtime/runtime.c.o
 .rodata.str1.4
                0x100049c4       0x3c CMakeFiles/test.dir/home/octo/dev/pico-sdk/src/rp2_common/pico_standard_binary_info/standard_binary_info.c.o
 .rodata.__bi_84
                0x100049c4        0xc CMakeFiles/test.dir/home/octo/dev/pico-sdk/src/rp2_common/pico_standard_binary_info/standard_binary_info.c.o
 .rodata.__bi_78
                0x100049d0        0xc CMakeFiles/test.dir/home/octo/dev/pico-sdk/src/rp2_common/pico_standard_binary_info/standard_binary_info.c.o
 .rodata.__bi_54
                0x100049dc        0xc CMakeFiles/test.dir/home/octo/dev/pico-sdk/src/rp2_common/pico_standard_binary_info/standard_binary_info.c.o
 .rodata.__bi_48
                0x100049e8        0xc CMakeFiles/test.dir/home/octo/dev/pico-sdk/src/rp2_common/pico_standard_binary_info/standard_binary_info.c.o
 .rodata.__bi_42
                0x100049f4        0xc CMakeFiles/test.dir/home/octo/dev/pico-sdk/src/rp2_common/pico_standard_binary_info/standard_binary_info.c.o
 .rodata.__bi_34
                0x10004a00        0xc CMakeFiles/test.dir/home/octo/dev/pico-sdk/src/rp2_common/pico_standard_binary_info/standard_binary_info.c.o
 .rodata.__bi_26
                0x10004a0c        0xc CMakeFiles/test.dir/home/octo/dev/pico-sdk/src/rp2_common/pico_standard_binary_info/standard_binary_info.c.o
 .rodata.crlf_str.0
                0x10004a18        0x2 CMakeFiles/test.dir/home/octo/dev/pico-sdk/src/rp2_common/pico_stdio/stdio.c.o
 .rodata.str1.4
                0x10004a1a       0x2c CMakeFiles/test.dir/home/octo/dev/pico-sdk/src/rp2_common/pico_stdio_uart/stdio_uart.c.o
 *fill*         0x10004a1a        0x2 
 .rodata.__bi_45.4
                0x10004a1c        0xc CMakeFiles/test.dir/home/octo/dev/pico-sdk/src/rp2_common/pico_stdio_uart/stdio_uart.c.o
 .rodata.__bi_49.5
                0x10004a28        0x8 CMakeFiles/test.dir/home/octo/dev/pico-sdk/src/rp2_common/pico_stdio_uart/stdio_uart.c.o
 .rodata.__bi_50.6
                0x10004a30        0x8 CMakeFiles/test.dir/home/octo/dev/pico-sdk/src/rp2_common/pico_stdio_uart/stdio_uart.c.o
 .rodata._resetd_driver
                0x10004a38       0x20 CMakeFiles/test.dir/home/octo/dev/pico-sdk/src/rp2_common/pico_stdio_usb/reset_interface.c.o
 .rodata.desc_ms_os_20
                0x10004a58       0xa6 CMakeFiles/test.dir/home/octo/dev/pico-sdk/src/rp2_common/pico_stdio_usb/reset_interface.c.o
 *fill*         0x10004afe        0x2 
 .rodata.desc_bos
                0x10004b00       0x21 CMakeFiles/test.dir/home/octo/dev/pico-sdk/src/rp2_common/pico_stdio_usb/reset_interface.c.o
                0x10004b00                desc_bos
 .rodata.str1.4
                0x10004b21       0x13 CMakeFiles/test.dir/home/octo/dev/pico-sdk/src/rp2_common/pico_stdio_usb/stdio_usb.c.o
 *fill*         0x10004b21        0x3 
 .rodata.__bi_197.0
                0x10004b24        0xc CMakeFiles/test.dir/home/octo/dev/pico-sdk/src/rp2_common/pico_stdio_usb/stdio_usb.c.o
 .rodata.str1.4
                0x10004b30       0x2a CMakeFiles/test.dir/home/octo/dev/pico-sdk/src/rp2_common/pico_stdio_usb/stdio_usb_descriptors.c.o
 .rodata.usbd_desc_str
                0x10004b30       0x18 CMakeFiles/test.dir/home/octo/dev/pico-sdk/src/rp2_common/pico_stdio_usb/stdio_usb_descriptors.c.o
 .rodata.usbd_desc_cfg
                0x10004b48       0x54 CMakeFiles/test.dir/home/octo/dev/pico-sdk/src/rp2_common/pico_stdio_usb/stdio_usb_descriptors.c.o
 .rodata.usbd_desc_device
                0x10004b9c       0x12 CMakeFiles/test.dir/home/octo/dev/pico-sdk/src/rp2_common/pico_stdio_usb/stdio_usb_descriptors.c.o
 .rodata.str1.4
                0x10004bae       0x14 CMakeFiles/test.dir/home/octo/dev/pico-sdk/lib/tinyusb/src/portable/raspberrypi/rp2040/dcd_rp2040.c.o
 .rodata.str1.4
                0x10004bae       0x48 CMakeFiles/test.dir/home/octo/dev/pico-sdk/lib/tinyusb/src/portable/raspberrypi/rp2040/rp2040_usb.c.o
 *fill*         0x10004bae        0x2 
 .rodata._usbd_driver
                0x10004bb0       0x40 CMakeFiles/test.dir/home/octo/dev/pico-sdk/lib/tinyusb/src/device/usbd.c.o
 *(.srodata*)
                0x10004bf0                        . = ALIGN (0x4)
 *(SORT_BY_ALIGNMENT(SORT_BY_NAME(.flashdata*)))
                0x10004bf0                        . = ALIGN (0x4)

.ARM.extab
 *(.ARM.extab* .gnu.linkonce.armextab.*)
                0x10004bf0                        __exidx_start = .

.ARM.exidx      0x10004bf0        0x8
 *(.ARM.exidx* .gnu.linkonce.armexidx.*)
 .ARM.exidx     0x10004bf0        0x8 /usr/lib/gcc/arm-none-eabi/14.2.0/../../../../arm-none-eabi/lib/thumb/v8-m.main+fp/softfp/libg.a(libc_a-memcpy.o)
                0x10004bf8                        __exidx_end = .
                0x10004bf8                        . = ALIGN (0x4)
                0x10004bf8                        __binary_info_start = .

.binary_info    0x10004bf8       0x2c
 *(.binary_info.keep.*)
 .binary_info.keep.__bi_ptr84
                0x10004bf8        0x4 CMakeFiles/test.dir/home/octo/dev/pico-sdk/src/rp2_common/pico_standard_binary_info/standard_binary_info.c.o
 .binary_info.keep.__bi_ptr78
                0x10004bfc        0x4 CMakeFiles/test.dir/home/octo/dev/pico-sdk/src/rp2_common/pico_standard_binary_info/standard_binary_info.c.o
 .binary_info.keep.__bi_ptr54
                0x10004c00        0x4 CMakeFiles/test.dir/home/octo/dev/pico-sdk/src/rp2_common/pico_standard_binary_info/standard_binary_info.c.o
 .binary_info.keep.__bi_ptr48
                0x10004c04        0x4 CMakeFiles/test.dir/home/octo/dev/pico-sdk/src/rp2_common/pico_standard_binary_info/standard_binary_info.c.o
 .binary_info.keep.__bi_ptr42
                0x10004c08        0x4 CMakeFiles/test.dir/home/octo/dev/pico-sdk/src/rp2_common/pico_standard_binary_info/standard_binary_info.c.o
 .binary_info.keep.__bi_ptr34
                0x10004c0c        0x4 CMakeFiles/test.dir/home/octo/dev/pico-sdk/src/rp2_common/pico_standard_binary_info/standard_binary_info.c.o
 .binary_info.keep.__bi_ptr26
                0x10004c10        0x4 CMakeFiles/test.dir/home/octo/dev/pico-sdk/src/rp2_common/pico_standard_binary_info/standard_binary_info.c.o
 *(.binary_info.*)
 .binary_info.__bi_ptr50
                0x10004c14        0x4 CMakeFiles/test.dir/home/octo/dev/pico-sdk/src/rp2_common/pico_stdio_uart/stdio_uart.c.o
 .binary_info.__bi_ptr49
                0x10004c18        0x4 CMakeFiles/test.dir/home/octo/dev/pico-sdk/src/rp2_common/pico_stdio_uart/stdio_uart.c.o
 .binary_info.__bi_ptr45
                0x10004c1c        0x4 CMakeFiles/test.dir/home/octo/dev/pico-sdk/src/rp2_common/pico_stdio_uart/stdio_uart.c.o
 .binary_info.__bi_ptr197
                0x10004c20        0x4 CMakeFiles/test.dir/home/octo/dev/pico-sdk/src/rp2_common/pico_stdio_usb/stdio_usb.c.o
                0x10004c24                        __binary_info_end = .
                0x10004c24                        . = ALIGN (0x4)

.ram_vector_table
                0x20000000      0x110
 *(.ram_vector_table)
 .ram_vector_table
                0x20000000      0x110 CMakeFiles/test.dir/home/octo/dev/pico-sdk/src/rp2_common/pico_runtime_init/runtime_init.c.o
                0x20000000                ram_vector_table

.uninitialized_data
                0x20000110        0x0
                0x20000110                        . = ALIGN (0x4)
 *(.uninitialized_data*)

.data           0x20000110      0xdf8 load address 0x10004c24
                0x20000110                        __data_start__ = .
 *(vtable)
 *(.time_critical*)
 .time_critical.mutex_try_enter
                0x20000110       0x50 CMakeFiles/test.dir/home/octo/dev/pico-sdk/src/common/pico_sync/mutex.c.o
                0x20000110                mutex_try_enter
 .time_critical.mutex_enter_block_until
                0x20000160       0x6c CMakeFiles/test.dir/home/octo/dev/pico-sdk/src/common/pico_sync/mutex.c.o
                0x20000160                mutex_enter_block_until
 .time_critical.mutex_try_enter_block_until
                0x200001cc       0x68 CMakeFiles/test.dir/home/octo/dev/pico-sdk/src/common/pico_sync/mutex.c.o
                0x200001cc                mutex_try_enter_block_until
 .time_critical.mutex_enter_timeout_ms
                0x20000234       0x38 CMakeFiles/test.dir/home/octo/dev/pico-sdk/src/common/pico_sync/mutex.c.o
                0x20000234                mutex_enter_timeout_ms
 .time_critical.mutex_exit
                0x2000026c       0x3c CMakeFiles/test.dir/home/octo/dev/pico-sdk/src/common/pico_sync/mutex.c.o
                0x2000026c                mutex_exit
 .time_critical.reset_non_control_endpoints
                0x200002a8       0x64 CMakeFiles/test.dir/home/octo/dev/pico-sdk/lib/tinyusb/src/portable/raspberrypi/rp2040/dcd_rp2040.c.o
 .time_critical.hw_handle_buff_status
                0x2000030c       0x94 CMakeFiles/test.dir/home/octo/dev/pico-sdk/lib/tinyusb/src/portable/raspberrypi/rp2040/dcd_rp2040.c.o
 .time_critical.dcd_rp2040_irq
                0x200003a0      0x560 CMakeFiles/test.dir/home/octo/dev/pico-sdk/lib/tinyusb/src/portable/raspberrypi/rp2040/dcd_rp2040.c.o
 .time_critical.prepare_ep_buffer
                0x20000900       0xc0 CMakeFiles/test.dir/home/octo/dev/pico-sdk/lib/tinyusb/src/portable/raspberrypi/rp2040/rp2040_usb.c.o
 .time_critical.sync_ep_buffer
                0x200009c0       0xb4 CMakeFiles/test.dir/home/octo/dev/pico-sdk/lib/tinyusb/src/portable/raspberrypi/rp2040/rp2040_usb.c.o
 .time_critical._hw_endpoint_xfer_sync
                0x20000a74       0x2c CMakeFiles/test.dir/home/octo/dev/pico-sdk/lib/tinyusb/src/portable/raspberrypi/rp2040/rp2040_usb.c.o
 .time_critical.e15_is_bulkin_ep
                0x20000aa0       0x28 CMakeFiles/test.dir/home/octo/dev/pico-sdk/lib/tinyusb/src/portable/raspberrypi/rp2040/rp2040_usb.c.o
 .time_critical.e15_is_critical_frame_period
                0x20000ac8       0x28 CMakeFiles/test.dir/home/octo/dev/pico-sdk/lib/tinyusb/src/portable/raspberrypi/rp2040/rp2040_usb.c.o
 .time_critical.hw_endpoint_reset_transfer
                0x20000af0        0xc CMakeFiles/test.dir/home/octo/dev/pico-sdk/lib/tinyusb/src/portable/raspberrypi/rp2040/rp2040_usb.c.o
                0x20000af0                hw_endpoint_reset_transfer
 .time_critical._hw_endpoint_buffer_control_update32
                0x20000afc       0x44 CMakeFiles/test.dir/home/octo/dev/pico-sdk/lib/tinyusb/src/portable/raspberrypi/rp2040/rp2040_usb.c.o
                0x20000afc                _hw_endpoint_buffer_control_update32
 .time_critical.hw_endpoint_start_next_buffer
                0x20000b40       0x64 CMakeFiles/test.dir/home/octo/dev/pico-sdk/lib/tinyusb/src/portable/raspberrypi/rp2040/rp2040_usb.c.o
                0x20000b40                hw_endpoint_start_next_buffer
 .time_critical.hw_endpoint_xfer_continue
                0x20000ba4       0x3c CMakeFiles/test.dir/home/octo/dev/pico-sdk/lib/tinyusb/src/portable/raspberrypi/rp2040/rp2040_usb.c.o
                0x20000ba4                hw_endpoint_xfer_continue
 .time_critical.tinyusb
                0x20000be0      0x224 CMakeFiles/test.dir/home/octo/dev/pico-sdk/lib/tinyusb/src/device/usbd.c.o
                0x20000be0                dcd_event_handler
 *fill*         0x20000e04        0x4 
 .time_critical.tinyusb.__stub
                0x20000e08       0x30 linker stubs
 *(.text*)
                0x20000e38                        . = ALIGN (0x4)
 *(.rodata*)
                0x20000e38                        . = ALIGN (0x4)
 *(.data*)
 .data.leds     0x20000e38       0x10 CMakeFiles/test.dir/src/main.c.o
                0x20000e38                leds
 .data.striped_spin_lock_num
                0x20000e48        0x1 CMakeFiles/test.dir/home/octo/dev/pico-sdk/src/rp2_common/hardware_sync/sync.c.o
 *fill*         0x20000e49        0x3 
 .data          0x20000e4c       0x48 CMakeFiles/test.dir/home/octo/dev/pico-sdk/src/rp2_common/hardware_irq/irq_handler_chain.S.o
                0x20000e4c                irq_handler_chain_slots
                0x20000e7c                irq_handler_chain_first_slot
                0x20000e86                irq_handler_chain_remove_tail
 .data.default_alarm_pool
                0x20000e94       0x18 CMakeFiles/test.dir/home/octo/dev/pico-sdk/src/common/pico_time/time.c.o
 .data.stdio_uart
                0x20000eac       0x18 CMakeFiles/test.dir/home/octo/dev/pico-sdk/src/rp2_common/pico_stdio_uart/stdio_uart.c.o
                0x20000eac                stdio_uart
 .data.stdio_usb
                0x20000ec4       0x18 CMakeFiles/test.dir/home/octo/dev/pico-sdk/src/rp2_common/pico_stdio_usb/stdio_usb.c.o
                0x20000ec4                stdio_usb
 .data._usbd_qdef
                0x20000edc       0x1c CMakeFiles/test.dir/home/octo/dev/pico-sdk/lib/tinyusb/src/device/usbd.c.o
                0x20000edc                _usbd_qdef
 .data._usbd_rhport
                0x20000ef8        0x1 CMakeFiles/test.dir/home/octo/dev/pico-sdk/lib/tinyusb/src/device/usbd.c.o
 *fill*         0x20000ef9        0x3 
 .data.__atexit_recursive_mutex
                0x20000efc        0x4 /usr/lib/gcc/arm-none-eabi/14.2.0/../../../../arm-none-eabi/lib/thumb/v8-m.main+fp/softfp/libg.a(libc_a-__call_atexit.o)
                0x20000efc                __atexit_recursive_mutex
 *(.sdata*)
                0x20000f00                        . = ALIGN (0x4)
 *(.after_data.*)
                0x20000f00                        . = ALIGN (0x4)
                0x20000f00                        PROVIDE (__mutex_array_start = .)
 *(SORT_BY_NAME(.mutex_array.*))
 *(.mutex_array)
 .mutex_array   0x20000f00        0x8 CMakeFiles/test.dir/home/octo/dev/pico-sdk/src/rp2_common/pico_stdio/stdio.c.o
                0x20000f08                        PROVIDE (__mutex_array_end = .)
 *(.jcr)
                0x20000f08                        . = ALIGN (0x4)

.igot.plt       0x20000f08        0x0 load address 0x10005a1c
 .igot.plt      0x20000f08        0x0 /usr/lib/gcc/arm-none-eabi/14.2.0/thumb/v8-m.main+fp/softfp/crtbegin.o

.tdata          0x20000f08        0x0 load address 0x10005a1c
                0x20000f08                        . = ALIGN (0x4)
 *(.tdata .tdata.* .gnu.linkonce.td.*)
                0x20000f08                        __tdata_end = .
                0x20000f08                        PROVIDE (__data_end__ = .)
                0x10004c24                        __etext = LOADADDR (.data)

.tbss           0x20000f08        0x0 load address 0x10005a1c
                0x20000f08                        . = ALIGN (0x4)
                0x20000f08                        __bss_start__ = .
                0x20000f08                        __tls_base = .
 *(.tbss .tbss.* .gnu.linkonce.tb.*)
 *(.tcommon)
                0x20000f08                        __tls_end = .

.bss            0x20000f08      0xf4c load address 0x10005a1c
                0x20000f08                        . = ALIGN (0x4)
                0x20000f08                        __tbss_end = .
 *(SORT_BY_ALIGNMENT(SORT_BY_NAME(.bss*)))
 .bss.default_alarm_pool_entries
                0x20000f08      0x180 CMakeFiles/test.dir/home/octo/dev/pico-sdk/src/common/pico_time/time.c.o
 .bss.last_avail_time.1
                0x20001088        0x8 CMakeFiles/test.dir/home/octo/dev/pico-sdk/src/rp2_common/pico_stdio_usb/stdio_usb.c.o
 .bss.__atexit  0x20001090        0x4 /usr/lib/gcc/arm-none-eabi/14.2.0/../../../../arm-none-eabi/lib/thumb/v8-m.main+fp/softfp/libg.a(libc_a-__call_atexit.o)
                0x20001090                __atexit
 .bss.__atexit0
                0x20001094      0x190 /usr/lib/gcc/arm-none-eabi/14.2.0/../../../../arm-none-eabi/lib/thumb/v8-m.main+fp/softfp/libg.a(libc_a-__atexit.o)
                0x20001094                __atexit0
 .bss.__lock___atexit_recursive_mutex
                0x20001224        0x1 /usr/lib/gcc/arm-none-eabi/14.2.0/../../../../arm-none-eabi/lib/thumb/v8-m.main+fp/softfp/libg.a(libc_a-lock.o)
                0x20001224                __lock___atexit_recursive_mutex
 *fill*         0x20001225        0x3 
 .bss._app_driver
                0x20001228        0x4 CMakeFiles/test.dir/home/octo/dev/pico-sdk/lib/tinyusb/src/device/usbd.c.o
 .bss._cdcd_fifo_cfg
                0x2000122c        0x1 CMakeFiles/test.dir/home/octo/dev/pico-sdk/lib/tinyusb/src/class/cdc/cdc_device.c.o
 *fill*         0x2000122d        0x3 
 .bss._cdcd_itf
                0x20001230      0x2c8 CMakeFiles/test.dir/home/octo/dev/pico-sdk/lib/tinyusb/src/class/cdc/cdc_device.c.o
 .bss._ctrl_xfer
                0x200014f8       0x14 CMakeFiles/test.dir/home/octo/dev/pico-sdk/lib/tinyusb/src/device/usbd_control.c.o
 .bss._sw_spin_locks
                0x2000150c       0x20 CMakeFiles/test.dir/home/octo/dev/pico-sdk/src/rp2_common/hardware_sync_spin_lock/sync_spin_lock.c.o
                0x2000150c                _sw_spin_locks
 .bss._ubsd_mutexdef
                0x2000152c        0x8 CMakeFiles/test.dir/home/octo/dev/pico-sdk/lib/tinyusb/src/device/usbd.c.o
 .bss._usbd_ctrl_buf
                0x20001534       0x40 CMakeFiles/test.dir/home/octo/dev/pico-sdk/lib/tinyusb/src/device/usbd_control.c.o
 .bss._usbd_dev
                0x20001574       0x54 CMakeFiles/test.dir/home/octo/dev/pico-sdk/lib/tinyusb/src/device/usbd.c.o
 .bss._usbd_mutex
                0x200015c8        0x4 CMakeFiles/test.dir/home/octo/dev/pico-sdk/lib/tinyusb/src/device/usbd.c.o
 .bss._usbd_q   0x200015cc        0x4 CMakeFiles/test.dir/home/octo/dev/pico-sdk/lib/tinyusb/src/device/usbd.c.o
 .bss._usbd_qdef_buf
                0x200015d0       0xc0 CMakeFiles/test.dir/home/octo/dev/pico-sdk/lib/tinyusb/src/device/usbd.c.o
                0x200015d0                _usbd_qdef_buf
 .bss._vendord_itf
                0x20001690      0x2cc CMakeFiles/test.dir/home/octo/dev/pico-sdk/lib/tinyusb/src/class/vendor/vendor_device.c.o
 .bss.chars_available_callback
                0x2000195c        0x4 CMakeFiles/test.dir/home/octo/dev/pico-sdk/src/rp2_common/pico_stdio_uart/stdio_uart.c.o
 .bss.chars_available_callback
                0x20001960        0x4 CMakeFiles/test.dir/home/octo/dev/pico-sdk/src/rp2_common/pico_stdio_usb/stdio_usb.c.o
 .bss.chars_available_param
                0x20001964        0x4 CMakeFiles/test.dir/home/octo/dev/pico-sdk/src/rp2_common/pico_stdio_uart/stdio_uart.c.o
 .bss.chars_available_param
                0x20001968        0x4 CMakeFiles/test.dir/home/octo/dev/pico-sdk/src/rp2_common/pico_stdio_usb/stdio_usb.c.o
 .bss.claimed   0x2000196c        0x4 CMakeFiles/test.dir/home/octo/dev/pico-sdk/src/rp2_common/hardware_sync/sync.c.o
 .bss.claimed   0x20001970        0x2 CMakeFiles/test.dir/home/octo/dev/pico-sdk/src/rp2_common/hardware_timer/timer.c.o
 *fill*         0x20001972        0x2 
 .bss.configured_freq
                0x20001974       0x28 CMakeFiles/test.dir/home/octo/dev/pico-sdk/src/rp2_common/hardware_clocks/clocks.c.o
 .bss.desc_str.0
                0x2000199c       0x28 CMakeFiles/test.dir/home/octo/dev/pico-sdk/src/rp2_common/pico_stdio_usb/stdio_usb_descriptors.c.o
 .bss.drivers   0x200019c4        0x4 CMakeFiles/test.dir/home/octo/dev/pico-sdk/src/rp2_common/pico_stdio/stdio.c.o
 .bss.e15_last_sof
                0x200019c8        0x4 CMakeFiles/test.dir/home/octo/dev/pico-sdk/lib/tinyusb/src/portable/raspberrypi/rp2040/rp2040_usb.c.o
                0x200019c8                e15_last_sof
 .bss.filter    0x200019cc        0x4 CMakeFiles/test.dir/home/octo/dev/pico-sdk/src/rp2_common/pico_stdio/stdio.c.o
 .bss.hw_endpoints
                0x200019d0      0x400 CMakeFiles/test.dir/home/octo/dev/pico-sdk/lib/tinyusb/src/portable/raspberrypi/rp2040/dcd_rp2040.c.o
 .bss.lazy_vsnprintf
                0x20001dd0        0x4 CMakeFiles/test.dir/home/octo/dev/pico-sdk/src/rp2_common/pico_printf/printf.c.o
 .bss.load_value
                0x20001dd4        0x4 CMakeFiles/test.dir/home/octo/dev/pico-sdk/src/rp2_common/hardware_watchdog/watchdog.c.o
 .bss.next_buffer_ptr
                0x20001dd8        0x4 CMakeFiles/test.dir/home/octo/dev/pico-sdk/lib/tinyusb/src/portable/raspberrypi/rp2040/dcd_rp2040.c.o
 .bss.object.0  0x20001ddc       0x18 /usr/lib/gcc/arm-none-eabi/14.2.0/thumb/v8-m.main+fp/softfp/crtbegin.o
 .bss.one_shot_timer_crit_sec
                0x20001df4        0x8 CMakeFiles/test.dir/home/octo/dev/pico-sdk/src/rp2_common/pico_stdio_usb/stdio_usb.c.o
 .bss.pools     0x20001dfc       0x20 CMakeFiles/test.dir/home/octo/dev/pico-sdk/src/common/pico_time/time.c.o
 .bss.retrieved_id
                0x20001e1c        0x8 CMakeFiles/test.dir/home/octo/dev/pico-sdk/src/rp2_common/pico_unique_id/unique_id.c.o
 .bss.sleep_notifier
                0x20001e24        0x4 CMakeFiles/test.dir/home/octo/dev/pico-sdk/src/common/pico_time/time.c.o
 .bss.stdio_usb_mutex
                0x20001e28        0x8 CMakeFiles/test.dir/home/octo/dev/pico-sdk/src/rp2_common/pico_stdio_usb/stdio_usb.c.o
 .bss.uart_char_to_line_feed
                0x20001e30        0x4 CMakeFiles/test.dir/home/octo/dev/pico-sdk/src/rp2_common/hardware_uart/uart.c.o
                0x20001e30                uart_char_to_line_feed
 .bss.uart_instance
                0x20001e34        0x4 CMakeFiles/test.dir/home/octo/dev/pico-sdk/src/rp2_common/pico_stdio_uart/stdio_uart.c.o
 .bss.usbd_serial_str
                0x20001e38       0x11 CMakeFiles/test.dir/home/octo/dev/pico-sdk/src/rp2_common/pico_stdio_usb/stdio_usb_descriptors.c.o
 .bss._app_driver_count
                0x20001e49        0x1 CMakeFiles/test.dir/home/octo/dev/pico-sdk/lib/tinyusb/src/device/usbd.c.o
 .bss._sof_enable
                0x20001e4a        0x1 CMakeFiles/test.dir/home/octo/dev/pico-sdk/lib/tinyusb/src/portable/raspberrypi/rp2040/dcd_rp2040.c.o
 .bss._usbd_queued_setup
                0x20001e4b        0x1 CMakeFiles/test.dir/home/octo/dev/pico-sdk/lib/tinyusb/src/device/usbd.c.o
 .bss.irq_handler_chain_free_slot_head
                0x20001e4c        0x1 CMakeFiles/test.dir/home/octo/dev/pico-sdk/src/rp2_common/hardware_irq/irq.c.o
 .bss.itf_num   0x20001e4d        0x1 CMakeFiles/test.dir/home/octo/dev/pico-sdk/src/rp2_common/pico_stdio_usb/reset_interface.c.o
 .bss.low_priority_irq_num
                0x20001e4e        0x1 CMakeFiles/test.dir/home/octo/dev/pico-sdk/src/rp2_common/pico_stdio_usb/stdio_usb.c.o
 .bss.one_shot_timer_pending
                0x20001e4f        0x1 CMakeFiles/test.dir/home/octo/dev/pico-sdk/src/rp2_common/pico_stdio_usb/stdio_usb.c.o
 .bss.user_irq_claimed
                0x20001e50        0x1 CMakeFiles/test.dir/home/octo/dev/pico-sdk/src/rp2_common/hardware_irq/irq.c.o
 *(COMMON)
                [!provide]                        PROVIDE (__global_pointer$ = (. + 0x800))
 *(.sbss*)
                0x20001e54                        . = ALIGN (0x4)
 *fill*         0x20001e51        0x3 
                0x20001e54                        __bss_end__ = .

.heap           0x20001e54      0x800 load address 0x10005a1c
                0x20001e54                        __end__ = .
                0x20001e54                        end = __end__
 *(.heap*)
 .heap          0x20001e54      0x800 CMakeFiles/test.dir/home/octo/dev/pico-sdk/src/rp2_common/pico_crt0/crt0.S.o
                0x20080000                        __HeapLimit = (ORIGIN (RAM) + LENGTH (RAM))

.scratch_x      0x20080000        0x0 load address 0x10005a1c
                0x20080000                        __scratch_x_start__ = .
 *(.scratch_x.*)
                0x20080000                        . = ALIGN (0x4)
                0x20080000                        __scratch_x_end__ = .
                0x10005a1c                        __scratch_x_source__ = LOADADDR (.scratch_x)

.scratch_y      0x20081000        0x0 load address 0x10005a1c
                0x20081000                        __scratch_y_start__ = .
 *(.scratch_y.*)
                0x20081000                        . = ALIGN (0x4)
                0x20081000                        __scratch_y_end__ = .
                0x10005a1c                        __scratch_y_source__ = LOADADDR (.scratch_y)

.stack1_dummy
 *(.stack1*)

.stack_dummy    0x20081000      0x800
 *(.stack*)
 .stack         0x20081000      0x800 CMakeFiles/test.dir/home/octo/dev/pico-sdk/src/rp2_common/pico_crt0/crt0.S.o

.flash_end      0x10005a1c       0x14
 *(.embedded_end_block*)
 .embedded_end_block
                0x10005a1c       0x14 CMakeFiles/test.dir/home/octo/dev/pico-sdk/src/rp2_common/pico_crt0/crt0.S.o
                0x10005a30                        PROVIDE (__flash_binary_end = .)
                0x20080000                        __StackLimit = (ORIGIN (RAM) + LENGTH (RAM))
                0x20081000                        __StackOneTop = (ORIGIN (SCRATCH_X) + LENGTH (SCRATCH_X))
                0x20082000                        __StackTop = (ORIGIN (SCRATCH_Y) + LENGTH (SCRATCH_Y))
                0x20081000                        __StackOneBottom = (__StackOneTop - SIZEOF (.stack1_dummy))
                0x20081800                        __StackBottom = (__StackTop - SIZEOF (.stack_dummy))
                0x20082000                        PROVIDE (__stack = __StackTop)
                [!provide]                        PROVIDE (__heap_start = __end__)
                [!provide]                        PROVIDE (__heap_end = __HeapLimit)
                [!provide]                        PROVIDE (__tls_align = MAX (ALIGNOF (.tdata), ALIGNOF (.tbss)))
                [!provide]                        PROVIDE (__tls_size_align = (((__tls_size + __tls_align) - 0x1) & ~ ((__tls_align - 0x1))))
                [!provide]                        PROVIDE (__arm32_tls_tcb_offset = MAX (0x8, __tls_align))
                [!provide]                        PROVIDE (_end = __end__)
                [!provide]                        PROVIDE (__llvm_libc_heap_limit = __HeapLimit)
                0x00000001                        ASSERT ((__StackLimit >= __HeapLimit), region RAM overflowed)
                0x00000001                        ASSERT (((__binary_info_header_end - __logical_binary_start) <= 0x400), Binary info must be in first 1024 bytes of the binary)
                0x00000001                        ASSERT (((__embedded_block_end - __logical_binary_start) <= 0x1000), Embedded block must be in first 4096 bytes of the binary)
LOAD CMakeFiles/test.dir/src/main.c.o
LOAD CMakeFiles/test.dir/home/octo/dev/pico-sdk/src/rp2_common/pico_stdlib/stdlib.c.o
LOAD CMakeFiles/test.dir/home/octo/dev/pico-sdk/src/rp2_common/hardware_gpio/gpio.c.o
LOAD CMakeFiles/test.dir/home/octo/dev/pico-sdk/src/rp2350/pico_platform/platform.c.o
LOAD CMakeFiles/test.dir/home/octo/dev/pico-sdk/src/rp2_common/pico_platform_panic/panic.c.o
LOAD CMakeFiles/test.dir/home/octo/dev/pico-sdk/src/common/hardware_claim/claim.c.o
LOAD CMakeFiles/test.dir/home/octo/dev/pico-sdk/src/rp2_common/hardware_sync/sync.c.o
LOAD CMakeFiles/test.dir/home/octo/dev/pico-sdk/src/rp2_common/hardware_sync_spin_lock/sync_spin_lock.c.o
LOAD CMakeFiles/test.dir/home/octo/dev/pico-sdk/src/rp2_common/hardware_irq/irq.c.o
LOAD CMakeFiles/test.dir/home/octo/dev/pico-sdk/src/rp2_common/hardware_irq/irq_handler_chain.S.o
LOAD CMakeFiles/test.dir/home/octo/dev/pico-sdk/src/common/pico_sync/sem.c.o
LOAD CMakeFiles/test.dir/home/octo/dev/pico-sdk/src/common/pico_sync/lock_core.c.o
LOAD CMakeFiles/test.dir/home/octo/dev/pico-sdk/src/common/pico_sync/mutex.c.o
LOAD CMakeFiles/test.dir/home/octo/dev/pico-sdk/src/common/pico_sync/critical_section.c.o
LOAD CMakeFiles/test.dir/home/octo/dev/pico-sdk/src/common/pico_time/time.c.o
LOAD CMakeFiles/test.dir/home/octo/dev/pico-sdk/src/common/pico_time/timeout_helper.c.o
LOAD CMakeFiles/test.dir/home/octo/dev/pico-sdk/src/rp2_common/hardware_timer/timer.c.o
LOAD CMakeFiles/test.dir/home/octo/dev/pico-sdk/src/common/pico_util/datetime.c.o
LOAD CMakeFiles/test.dir/home/octo/dev/pico-sdk/src/common/pico_util/pheap.c.o
LOAD CMakeFiles/test.dir/home/octo/dev/pico-sdk/src/common/pico_util/queue.c.o
LOAD CMakeFiles/test.dir/home/octo/dev/pico-sdk/src/rp2_common/hardware_uart/uart.c.o
LOAD CMakeFiles/test.dir/home/octo/dev/pico-sdk/src/rp2_common/hardware_clocks/clocks.c.o
LOAD CMakeFiles/test.dir/home/octo/dev/pico-sdk/src/rp2_common/hardware_pll/pll.c.o
LOAD CMakeFiles/test.dir/home/octo/dev/pico-sdk/src/rp2_common/hardware_vreg/vreg.c.o
LOAD CMakeFiles/test.dir/home/octo/dev/pico-sdk/src/rp2_common/hardware_watchdog/watchdog.c.o
LOAD CMakeFiles/test.dir/home/octo/dev/pico-sdk/src/rp2_common/hardware_ticks/ticks.c.o
LOAD CMakeFiles/test.dir/home/octo/dev/pico-sdk/src/rp2_common/pico_bootrom/bootrom.c.o
LOAD CMakeFiles/test.dir/home/octo/dev/pico-sdk/src/rp2_common/pico_bootrom/bootrom_lock.c.o
LOAD CMakeFiles/test.dir/home/octo/dev/pico-sdk/src/rp2_common/hardware_boot_lock/boot_lock.c.o
LOAD CMakeFiles/test.dir/home/octo/dev/pico-sdk/src/rp2_common/pico_flash/flash.c.o
LOAD CMakeFiles/test.dir/home/octo/dev/pico-sdk/src/rp2_common/hardware_xosc/xosc.c.o
LOAD CMakeFiles/test.dir/home/octo/dev/pico-sdk/src/rp2_common/hardware_divider/divider.c.o
LOAD CMakeFiles/test.dir/home/octo/dev/pico-sdk/src/rp2_common/pico_runtime/runtime.c.o
LOAD CMakeFiles/test.dir/home/octo/dev/pico-sdk/src/rp2_common/pico_runtime_init/runtime_init.c.o
LOAD CMakeFiles/test.dir/home/octo/dev/pico-sdk/src/rp2_common/pico_runtime_init/runtime_init_clocks.c.o
LOAD CMakeFiles/test.dir/home/octo/dev/pico-sdk/src/rp2_common/pico_runtime_init/runtime_init_stack_guard.c.o
LOAD CMakeFiles/test.dir/home/octo/dev/pico-sdk/src/rp2_common/pico_bit_ops/bit_ops_aeabi.S.o
LOAD CMakeFiles/test.dir/home/octo/dev/pico-sdk/src/rp2_common/pico_divider/divider_compiler.c.o
LOAD CMakeFiles/test.dir/home/octo/dev/pico-sdk/src/rp2_common/pico_double/double_math.c.o
LOAD CMakeFiles/test.dir/home/octo/dev/pico-sdk/src/rp2_common/pico_double/double_aeabi_dcp.S.o
LOAD CMakeFiles/test.dir/home/octo/dev/pico-sdk/src/rp2_common/pico_double/double_fma_dcp.S.o
LOAD CMakeFiles/test.dir/home/octo/dev/pico-sdk/src/rp2_common/pico_double/double_sci_m33.S.o
LOAD CMakeFiles/test.dir/home/octo/dev/pico-sdk/src/rp2_common/pico_double/double_conv_m33.S.o
LOAD CMakeFiles/test.dir/home/octo/dev/pico-sdk/src/rp2_common/pico_float/float_math.c.o
LOAD CMakeFiles/test.dir/home/octo/dev/pico-sdk/src/rp2_common/pico_float/float_sci_m33_vfp.S.o
LOAD CMakeFiles/test.dir/home/octo/dev/pico-sdk/src/rp2_common/pico_float/float_conv_m33.S.o
LOAD CMakeFiles/test.dir/home/octo/dev/pico-sdk/src/rp2_common/pico_malloc/malloc.c.o
LOAD CMakeFiles/test.dir/home/octo/dev/pico-sdk/src/rp2_common/pico_atomic/atomic.c.o
LOAD CMakeFiles/test.dir/home/octo/dev/pico-sdk/src/rp2_common/pico_cxx_options/new_delete.cpp.o
LOAD CMakeFiles/test.dir/home/octo/dev/pico-sdk/src/rp2_common/pico_standard_binary_info/standard_binary_info.c.o
LOAD CMakeFiles/test.dir/home/octo/dev/pico-sdk/src/rp2_common/pico_printf/printf.c.o
LOAD CMakeFiles/test.dir/home/octo/dev/pico-sdk/src/rp2_common/pico_crt0/crt0.S.o
LOAD CMakeFiles/test.dir/home/octo/dev/pico-sdk/src/rp2_common/pico_clib_interface/newlib_interface.c.o
LOAD CMakeFiles/test.dir/home/octo/dev/pico-sdk/src/rp2_common/pico_stdio/stdio.c.o
LOAD CMakeFiles/test.dir/home/octo/dev/pico-sdk/src/rp2_common/pico_stdio_uart/stdio_uart.c.o
LOAD CMakeFiles/test.dir/home/octo/dev/pico-sdk/src/rp2_common/pico_stdio_usb/reset_interface.c.o
LOAD CMakeFiles/test.dir/home/octo/dev/pico-sdk/src/rp2_common/pico_stdio_usb/stdio_usb.c.o
LOAD CMakeFiles/test.dir/home/octo/dev/pico-sdk/src/rp2_common/pico_stdio_usb/stdio_usb_descriptors.c.o
LOAD CMakeFiles/test.dir/home/octo/dev/pico-sdk/src/rp2_common/pico_unique_id/unique_id.c.o
LOAD CMakeFiles/test.dir/home/octo/dev/pico-sdk/src/rp2_common/hardware_flash/flash.c.o
LOAD CMakeFiles/test.dir/home/octo/dev/pico-sdk/src/rp2_common/hardware_xip_cache/xip_cache.c.o
LOAD CMakeFiles/test.dir/home/octo/dev/pico-sdk/lib/tinyusb/src/portable/raspberrypi/rp2040/dcd_rp2040.c.o
LOAD CMakeFiles/test.dir/home/octo/dev/pico-sdk/lib/tinyusb/src/portable/raspberrypi/rp2040/rp2040_usb.c.o
LOAD CMakeFiles/test.dir/home/octo/dev/pico-sdk/lib/tinyusb/src/device/usbd.c.o
LOAD CMakeFiles/test.dir/home/octo/dev/pico-sdk/lib/tinyusb/src/device/usbd_control.c.o
LOAD CMakeFiles/test.dir/home/octo/dev/pico-sdk/lib/tinyusb/src/class/audio/audio_device.c.o
LOAD CMakeFiles/test.dir/home/octo/dev/pico-sdk/lib/tinyusb/src/class/cdc/cdc_device.c.o
LOAD CMakeFiles/test.dir/home/octo/dev/pico-sdk/lib/tinyusb/src/class/dfu/dfu_device.c.o
LOAD CMakeFiles/test.dir/home/octo/dev/pico-sdk/lib/tinyusb/src/class/dfu/dfu_rt_device.c.o
LOAD CMakeFiles/test.dir/home/octo/dev/pico-sdk/lib/tinyusb/src/class/hid/hid_device.c.o
LOAD CMakeFiles/test.dir/home/octo/dev/pico-sdk/lib/tinyusb/src/class/midi/midi_device.c.o
LOAD CMakeFiles/test.dir/home/octo/dev/pico-sdk/lib/tinyusb/src/class/msc/msc_device.c.o
LOAD CMakeFiles/test.dir/home/octo/dev/pico-sdk/lib/tinyusb/src/class/net/ecm_rndis_device.c.o
LOAD CMakeFiles/test.dir/home/octo/dev/pico-sdk/lib/tinyusb/src/class/net/ncm_device.c.o
LOAD CMakeFiles/test.dir/home/octo/dev/pico-sdk/lib/tinyusb/src/class/usbtmc/usbtmc_device.c.o
LOAD CMakeFiles/test.dir/home/octo/dev/pico-sdk/lib/tinyusb/src/class/vendor/vendor_device.c.o
LOAD CMakeFiles/test.dir/home/octo/dev/pico-sdk/lib/tinyusb/src/class/video/video_device.c.o
LOAD CMakeFiles/test.dir/home/octo/dev/pico-sdk/lib/tinyusb/src/tusb.c.o
LOAD CMakeFiles/test.dir/home/octo/dev/pico-sdk/lib/tinyusb/src/common/tusb_fifo.c.o
LOAD CMakeFiles/test.dir/home/octo/dev/pico-sdk/src/rp2_common/pico_fix/rp2040_usb_device_enumeration/rp2040_usb_device_enumeration.c.o
LOAD pico-sdk/src/rp2350/boot_stage2/CMakeFiles/bs2_default_library.dir/bs2_default_padded_checksummed.S.o
LOAD /usr/lib/gcc/arm-none-eabi/14.2.0/../../../../arm-none-eabi/lib/thumb/v8-m.main+fp/softfp/libstdc++.a
LOAD /usr/lib/gcc/arm-none-eabi/14.2.0/../../../../arm-none-eabi/lib/thumb/v8-m.main+fp/softfp/libm.a
START GROUP
LOAD /usr/lib/gcc/arm-none-eabi/14.2.0/thumb/v8-m.main+fp/softfp/libgcc.a
LOAD /usr/lib/gcc/arm-none-eabi/14.2.0/../../../../arm-none-eabi/lib/thumb/v8-m.main+fp/softfp/libg.a
LOAD /usr/lib/gcc/arm-none-eabi/14.2.0/../../../../arm-none-eabi/lib/thumb/v8-m.main+fp/softfp/libc.a
END GROUP
START GROUP
LOAD /usr/lib/gcc/arm-none-eabi/14.2.0/thumb/v8-m.main+fp/softfp/libgcc.a
LOAD /usr/lib/gcc/arm-none-eabi/14.2.0/../../../../arm-none-eabi/lib/thumb/v8-m.main+fp/softfp/libc.a
LOAD /usr/lib/gcc/arm-none-eabi/14.2.0/../../../../arm-none-eabi/lib/thumb/v8-m.main+fp/softfp/libnosys.a
END GROUP
LOAD /usr/lib/gcc/arm-none-eabi/14.2.0/thumb/v8-m.main+fp/softfp/crtend.o
LOAD /usr/lib/gcc/arm-none-eabi/14.2.0/thumb/v8-m.main+fp/softfp/crtn.o
OUTPUT(test.elf elf32-littlearm)
LOAD linker stubs

.rel.dyn        0x10005a30        0x0
 .rel.iplt      0x10005a30        0x0 /usr/lib/gcc/arm-none-eabi/14.2.0/thumb/v8-m.main+fp/softfp/crtbegin.o

.ARM.attributes
                0x00000000       0x34
 .ARM.attributes
                0x00000000       0x26 /usr/lib/gcc/arm-none-eabi/14.2.0/thumb/v8-m.main+fp/softfp/crti.o
 .ARM.attributes
                0x00000026       0x36 /usr/lib/gcc/arm-none-eabi/14.2.0/thumb/v8-m.main+fp/softfp/crtbegin.o
 .ARM.attributes
                0x0000005c       0x38 CMakeFiles/test.dir/src/main.c.o
 .ARM.attributes
                0x00000094       0x38 CMakeFiles/test.dir/home/octo/dev/pico-sdk/src/rp2_common/hardware_gpio/gpio.c.o
 .ARM.attributes
                0x000000cc       0x38 CMakeFiles/test.dir/home/octo/dev/pico-sdk/src/rp2_common/pico_platform_panic/panic.c.o
 .ARM.attributes
                0x00000104       0x38 CMakeFiles/test.dir/home/octo/dev/pico-sdk/src/common/hardware_claim/claim.c.o
 .ARM.attributes
                0x0000013c       0x38 CMakeFiles/test.dir/home/octo/dev/pico-sdk/src/rp2_common/hardware_sync/sync.c.o
 .ARM.attributes
                0x00000174       0x38 CMakeFiles/test.dir/home/octo/dev/pico-sdk/src/rp2_common/hardware_sync_spin_lock/sync_spin_lock.c.o
 .ARM.attributes
                0x000001ac       0x38 CMakeFiles/test.dir/home/octo/dev/pico-sdk/src/rp2_common/hardware_irq/irq.c.o
 .ARM.attributes
                0x000001e4       0x28 CMakeFiles/test.dir/home/octo/dev/pico-sdk/src/rp2_common/hardware_irq/irq_handler_chain.S.o
 .ARM.attributes
                0x0000020c       0x38 CMakeFiles/test.dir/home/octo/dev/pico-sdk/src/common/pico_sync/lock_core.c.o
 .ARM.attributes
                0x00000244       0x38 CMakeFiles/test.dir/home/octo/dev/pico-sdk/src/common/pico_sync/mutex.c.o
 .ARM.attributes
                0x0000027c       0x38 CMakeFiles/test.dir/home/octo/dev/pico-sdk/src/common/pico_sync/critical_section.c.o
 .ARM.attributes
                0x000002b4       0x38 CMakeFiles/test.dir/home/octo/dev/pico-sdk/src/common/pico_time/time.c.o
 .ARM.attributes
                0x000002ec       0x38 CMakeFiles/test.dir/home/octo/dev/pico-sdk/src/rp2_common/hardware_timer/timer.c.o
 .ARM.attributes
                0x00000324       0x38 CMakeFiles/test.dir/home/octo/dev/pico-sdk/src/rp2_common/hardware_uart/uart.c.o
 .ARM.attributes
                0x0000035c       0x38 CMakeFiles/test.dir/home/octo/dev/pico-sdk/src/rp2_common/hardware_clocks/clocks.c.o
 .ARM.attributes
                0x00000394       0x38 CMakeFiles/test.dir/home/octo/dev/pico-sdk/src/rp2_common/hardware_pll/pll.c.o
 .ARM.attributes
                0x000003cc       0x38 CMakeFiles/test.dir/home/octo/dev/pico-sdk/src/rp2_common/hardware_watchdog/watchdog.c.o
 .ARM.attributes
                0x00000404       0x38 CMakeFiles/test.dir/home/octo/dev/pico-sdk/src/rp2_common/hardware_ticks/ticks.c.o
 .ARM.attributes
                0x0000043c       0x38 CMakeFiles/test.dir/home/octo/dev/pico-sdk/src/rp2_common/pico_bootrom/bootrom.c.o
 .ARM.attributes
                0x00000474       0x38 CMakeFiles/test.dir/home/octo/dev/pico-sdk/src/rp2_common/pico_bootrom/bootrom_lock.c.o
 .ARM.attributes
                0x000004ac       0x38 CMakeFiles/test.dir/home/octo/dev/pico-sdk/src/rp2_common/hardware_boot_lock/boot_lock.c.o
 .ARM.attributes
                0x000004e4       0x38 CMakeFiles/test.dir/home/octo/dev/pico-sdk/src/rp2_common/hardware_xosc/xosc.c.o
 .ARM.attributes
                0x0000051c       0x38 CMakeFiles/test.dir/home/octo/dev/pico-sdk/src/rp2_common/pico_runtime/runtime.c.o
 .ARM.attributes
                0x00000554       0x38 CMakeFiles/test.dir/home/octo/dev/pico-sdk/src/rp2_common/pico_runtime_init/runtime_init.c.o
 .ARM.attributes
                0x0000058c       0x38 CMakeFiles/test.dir/home/octo/dev/pico-sdk/src/rp2_common/pico_runtime_init/runtime_init_clocks.c.o
 .ARM.attributes
                0x000005c4       0x38 CMakeFiles/test.dir/home/octo/dev/pico-sdk/src/rp2_common/pico_standard_binary_info/standard_binary_info.c.o
 .ARM.attributes
                0x000005fc       0x38 CMakeFiles/test.dir/home/octo/dev/pico-sdk/src/rp2_common/pico_printf/printf.c.o
 .ARM.attributes
                0x00000634       0x28 CMakeFiles/test.dir/home/octo/dev/pico-sdk/src/rp2_common/pico_crt0/crt0.S.o
 .ARM.attributes
                0x0000065c       0x38 CMakeFiles/test.dir/home/octo/dev/pico-sdk/src/rp2_common/pico_clib_interface/newlib_interface.c.o
 .ARM.attributes
                0x00000694       0x38 CMakeFiles/test.dir/home/octo/dev/pico-sdk/src/rp2_common/pico_stdio/stdio.c.o
 .ARM.attributes
                0x000006cc       0x38 CMakeFiles/test.dir/home/octo/dev/pico-sdk/src/rp2_common/pico_stdio_uart/stdio_uart.c.o
 .ARM.attributes
                0x00000704       0x38 CMakeFiles/test.dir/home/octo/dev/pico-sdk/src/rp2_common/pico_stdio_usb/reset_interface.c.o
 .ARM.attributes
                0x0000073c       0x38 CMakeFiles/test.dir/home/octo/dev/pico-sdk/src/rp2_common/pico_stdio_usb/stdio_usb.c.o
 .ARM.attributes
                0x00000774       0x38 CMakeFiles/test.dir/home/octo/dev/pico-sdk/src/rp2_common/pico_stdio_usb/stdio_usb_descriptors.c.o
 .ARM.attributes
                0x000007ac       0x38 CMakeFiles/test.dir/home/octo/dev/pico-sdk/src/rp2_common/pico_unique_id/unique_id.c.o
 .ARM.attributes
                0x000007e4       0x38 CMakeFiles/test.dir/home/octo/dev/pico-sdk/lib/tinyusb/src/portable/raspberrypi/rp2040/dcd_rp2040.c.o
 .ARM.attributes
                0x0000081c       0x38 CMakeFiles/test.dir/home/octo/dev/pico-sdk/lib/tinyusb/src/portable/raspberrypi/rp2040/rp2040_usb.c.o
 .ARM.attributes
                0x00000854       0x38 CMakeFiles/test.dir/home/octo/dev/pico-sdk/lib/tinyusb/src/device/usbd.c.o
 .ARM.attributes
                0x0000088c       0x38 CMakeFiles/test.dir/home/octo/dev/pico-sdk/lib/tinyusb/src/device/usbd_control.c.o
 .ARM.attributes
                0x000008c4       0x38 CMakeFiles/test.dir/home/octo/dev/pico-sdk/lib/tinyusb/src/class/cdc/cdc_device.c.o
 .ARM.attributes
                0x000008fc       0x38 CMakeFiles/test.dir/home/octo/dev/pico-sdk/lib/tinyusb/src/class/vendor/vendor_device.c.o
 .ARM.attributes
                0x00000934       0x38 CMakeFiles/test.dir/home/octo/dev/pico-sdk/lib/tinyusb/src/tusb.c.o
 .ARM.attributes
                0x0000096c       0x38 CMakeFiles/test.dir/home/octo/dev/pico-sdk/lib/tinyusb/src/common/tusb_fifo.c.o
 .ARM.attributes
                0x000009a4       0x36 /usr/lib/gcc/arm-none-eabi/14.2.0/../../../../arm-none-eabi/lib/thumb/v8-m.main+fp/softfp/libg.a(libc_a-atexit.o)
 .ARM.attributes
                0x000009da       0x36 /usr/lib/gcc/arm-none-eabi/14.2.0/../../../../arm-none-eabi/lib/thumb/v8-m.main+fp/softfp/libg.a(libc_a-memset.o)
 .ARM.attributes
                0x00000a10       0x36 /usr/lib/gcc/arm-none-eabi/14.2.0/../../../../arm-none-eabi/lib/thumb/v8-m.main+fp/softfp/libg.a(libc_a-fini.o)
 .ARM.attributes
                0x00000a46       0x36 /usr/lib/gcc/arm-none-eabi/14.2.0/../../../../arm-none-eabi/lib/thumb/v8-m.main+fp/softfp/libg.a(libc_a-lock.o)
 .ARM.attributes
                0x00000a7c       0x24 /usr/lib/gcc/arm-none-eabi/14.2.0/../../../../arm-none-eabi/lib/thumb/v8-m.main+fp/softfp/libg.a(libc_a-memcpy.o)
 .ARM.attributes
                0x00000aa0       0x36 /usr/lib/gcc/arm-none-eabi/14.2.0/../../../../arm-none-eabi/lib/thumb/v8-m.main+fp/softfp/libg.a(libc_a-strlen-stub.o)
 .ARM.attributes
                0x00000ad6       0x36 /usr/lib/gcc/arm-none-eabi/14.2.0/../../../../arm-none-eabi/lib/thumb/v8-m.main+fp/softfp/libg.a(libc_a-__atexit.o)
 .ARM.attributes
                0x00000b0c       0x36 /usr/lib/gcc/arm-none-eabi/14.2.0/../../../../arm-none-eabi/lib/thumb/v8-m.main+fp/softfp/libg.a(libc_a-__call_atexit.o)

.comment        0x00000000       0x1e
 .comment       0x00000000       0x1e CMakeFiles/test.dir/src/main.c.o
                                 0x1f (size before relaxing)
 .comment       0x0000001e       0x1f CMakeFiles/test.dir/home/octo/dev/pico-sdk/src/rp2_common/hardware_gpio/gpio.c.o
 .comment       0x0000001e       0x1f CMakeFiles/test.dir/home/octo/dev/pico-sdk/src/rp2_common/pico_platform_panic/panic.c.o
 .comment       0x0000001e       0x1f CMakeFiles/test.dir/home/octo/dev/pico-sdk/src/common/hardware_claim/claim.c.o
 .comment       0x0000001e       0x1f CMakeFiles/test.dir/home/octo/dev/pico-sdk/src/rp2_common/hardware_sync/sync.c.o
 .comment       0x0000001e       0x1f CMakeFiles/test.dir/home/octo/dev/pico-sdk/src/rp2_common/hardware_sync_spin_lock/sync_spin_lock.c.o
 .comment       0x0000001e       0x1f CMakeFiles/test.dir/home/octo/dev/pico-sdk/src/rp2_common/hardware_irq/irq.c.o
 .comment       0x0000001e       0x1f CMakeFiles/test.dir/home/octo/dev/pico-sdk/src/common/pico_sync/lock_core.c.o
 .comment       0x0000001e       0x1f CMakeFiles/test.dir/home/octo/dev/pico-sdk/src/common/pico_sync/mutex.c.o
 .comment       0x0000001e       0x1f CMakeFiles/test.dir/home/octo/dev/pico-sdk/src/common/pico_sync/critical_section.c.o
 .comment       0x0000001e       0x1f CMakeFiles/test.dir/home/octo/dev/pico-sdk/src/common/pico_time/time.c.o
 .comment       0x0000001e       0x1f CMakeFiles/test.dir/home/octo/dev/pico-sdk/src/rp2_common/hardware_timer/timer.c.o
 .comment       0x0000001e       0x1f CMakeFiles/test.dir/home/octo/dev/pico-sdk/src/rp2_common/hardware_uart/uart.c.o