Archive member included to satisfy reference by file (symbol)

/usr/lib/gcc/arm-none-eabi/14.2.0/../../../../arm-none-eabi/lib/thumb/v8-m.main+fp/softfp/libm.a(libm_a-wf_sqrt.o)
                              CMakeFiles/helloworld.dir/home/octo/dev/pico-sdk/src/rp2_common/pico_float/float_math.c.o (sqrtf)
/usr/lib/gcc/arm-none-eabi/14.2.0/../../../../arm-none-eabi/lib/thumb/v8-m.main+fp/softfp/libm.a(libm_a-ef_sqrt.o)
                              /usr/lib/gcc/arm-none-eabi/14.2.0/../../../../arm-none-eabi/lib/thumb/v8-m.main+fp/softfp/libm.a(libm_a-wf_sqrt.o) (__ieee754_sqrtf)
/usr/lib/gcc/arm-none-eabi/14.2.0/thumb/v8-m.main+fp/softfp/libgcc.a(_arm_addsubdf3.o)
                              CMakeFiles/helloworld.dir/home/octo/dev/pico-sdk/src/rp2_common/pico_float/float_math.c.o (__aeabi_f2d)
/usr/lib/gcc/arm-none-eabi/14.2.0/thumb/v8-m.main+fp/softfp/libgcc.a(_aeabi_ldivmod.o)
                              CMakeFiles/helloworld.dir/home/octo/dev/pico-sdk/src/common/pico_time/time.c.o (__aeabi_ldivmod)
/usr/lib/gcc/arm-none-eabi/14.2.0/thumb/v8-m.main+fp/softfp/libgcc.a(_aeabi_uldivmod.o)
                              CMakeFiles/helloworld.dir/home/octo/dev/pico-sdk/src/rp2_common/hardware_clocks/clocks.c.o (__aeabi_uldivmod)
/usr/lib/gcc/arm-none-eabi/14.2.0/thumb/v8-m.main+fp/softfp/libgcc.a(_udivmoddi4.o)
                              /usr/lib/gcc/arm-none-eabi/14.2.0/thumb/v8-m.main+fp/softfp/libgcc.a(_aeabi_ldivmod.o) (__udivmoddi4)
/usr/lib/gcc/arm-none-eabi/14.2.0/thumb/v8-m.main+fp/softfp/libgcc.a(_dvmd_tls.o)
                              /usr/lib/gcc/arm-none-eabi/14.2.0/thumb/v8-m.main+fp/softfp/libgcc.a(_aeabi_ldivmod.o) (__aeabi_ldiv0)
/usr/lib/gcc/arm-none-eabi/14.2.0/../../../../arm-none-eabi/lib/thumb/v8-m.main+fp/softfp/libg.a(libc_a-atexit.o)
                              /usr/lib/gcc/arm-none-eabi/14.2.0/../../../../arm-none-eabi/lib/thumb/v8-m.main+fp/softfp/crt0.o (atexit)
/usr/lib/gcc/arm-none-eabi/14.2.0/../../../../arm-none-eabi/lib/thumb/v8-m.main+fp/softfp/libg.a(libc_a-calloc.o)
                              CMakeFiles/helloworld.dir/home/octo/dev/pico-sdk/src/rp2_common/pico_malloc/malloc.c.o (calloc)
/usr/lib/gcc/arm-none-eabi/14.2.0/../../../../arm-none-eabi/lib/thumb/v8-m.main+fp/softfp/libg.a(libc_a-callocr.o)
                              /usr/lib/gcc/arm-none-eabi/14.2.0/../../../../arm-none-eabi/lib/thumb/v8-m.main+fp/softfp/libg.a(libc_a-calloc.o) (_calloc_r)
/usr/lib/gcc/arm-none-eabi/14.2.0/../../../../arm-none-eabi/lib/thumb/v8-m.main+fp/softfp/libg.a(libc_a-malloc.o)
                              CMakeFiles/helloworld.dir/home/octo/dev/pico-sdk/src/rp2_common/pico_malloc/malloc.c.o (malloc)
/usr/lib/gcc/arm-none-eabi/14.2.0/../../../../arm-none-eabi/lib/thumb/v8-m.main+fp/softfp/libg.a(libc_a-mallocr.o)
                              /usr/lib/gcc/arm-none-eabi/14.2.0/../../../../arm-none-eabi/lib/thumb/v8-m.main+fp/softfp/libg.a(libc_a-callocr.o) (_malloc_r)
/usr/lib/gcc/arm-none-eabi/14.2.0/../../../../arm-none-eabi/lib/thumb/v8-m.main+fp/softfp/libg.a(libc_a-mlock.o)
                              /usr/lib/gcc/arm-none-eabi/14.2.0/../../../../arm-none-eabi/lib/thumb/v8-m.main+fp/softfp/libg.a(libc_a-mallocr.o) (__malloc_lock)
/usr/lib/gcc/arm-none-eabi/14.2.0/../../../../arm-none-eabi/lib/thumb/v8-m.main+fp/softfp/libg.a(libc_a-realloc.o)
                              CMakeFiles/helloworld.dir/home/octo/dev/pico-sdk/src/rp2_common/pico_malloc/malloc.c.o (realloc)
/usr/lib/gcc/arm-none-eabi/14.2.0/../../../../arm-none-eabi/lib/thumb/v8-m.main+fp/softfp/libg.a(libc_a-reallocr.o)
                              /usr/lib/gcc/arm-none-eabi/14.2.0/../../../../arm-none-eabi/lib/thumb/v8-m.main+fp/softfp/libg.a(libc_a-realloc.o) (_realloc_r)
/usr/lib/gcc/arm-none-eabi/14.2.0/../../../../arm-none-eabi/lib/thumb/v8-m.main+fp/softfp/libg.a(libc_a-memcmp.o)
                              CMakeFiles/helloworld.dir/home/octo/dev/pico-sdk/src/rp2_common/pico_atomic/atomic.c.o (memcmp)
/usr/lib/gcc/arm-none-eabi/14.2.0/../../../../arm-none-eabi/lib/thumb/v8-m.main+fp/softfp/libg.a(libc_a-memmove.o)
                              /usr/lib/gcc/arm-none-eabi/14.2.0/../../../../arm-none-eabi/lib/thumb/v8-m.main+fp/softfp/libg.a(libc_a-reallocr.o) (memmove)
/usr/lib/gcc/arm-none-eabi/14.2.0/../../../../arm-none-eabi/lib/thumb/v8-m.main+fp/softfp/libg.a(libc_a-memset.o)
                              /usr/lib/gcc/arm-none-eabi/14.2.0/../../../../arm-none-eabi/lib/thumb/v8-m.main+fp/softfp/crt0.o (memset)
/usr/lib/gcc/arm-none-eabi/14.2.0/../../../../arm-none-eabi/lib/thumb/v8-m.main+fp/softfp/libg.a(libc_a-lcltime_r.o)
                              CMakeFiles/helloworld.dir/home/octo/dev/pico-sdk/src/common/pico_util/datetime.c.o (localtime_r)
/usr/lib/gcc/arm-none-eabi/14.2.0/../../../../arm-none-eabi/lib/thumb/v8-m.main+fp/softfp/libg.a(libc_a-mktime.o)
                              CMakeFiles/helloworld.dir/home/octo/dev/pico-sdk/src/common/pico_util/datetime.c.o (mktime)
[...]
Memory Configuration

Name             Origin             Length             Attributes
FLASH            0x10000000         0x00400000         xr
RAM              0x20000000         0x00080000         xrw
SCRATCH_X        0x20080000         0x00001000         xrw
SCRATCH_Y        0x20081000         0x00001000         xrw
*default*        0x00000000         0xffffffff

Linker script and memory map

LOAD /usr/lib/gcc/arm-none-eabi/14.2.0/thumb/v8-m.main+fp/softfp/crti.o
LOAD /usr/lib/gcc/arm-none-eabi/14.2.0/thumb/v8-m.main+fp/softfp/crtbegin.o
LOAD /usr/lib/gcc/arm-none-eabi/14.2.0/../../../../arm-none-eabi/lib/thumb/v8-m.main+fp/softfp/crt0.o

.flash_begin    0x10000000        0x0
                0x10000000                        __flash_binary_start = .

.text           0x10000000     0x4814
                0x10000000                        __logical_binary_start = .
 *(.vectors)
 .vectors       0x10000000      0x124 CMakeFiles/helloworld.dir/home/octo/dev/pico-sdk/src/rp2_common/pico_crt0/crt0.S.o
                0x10000000                __vectors
                0x10000000                __VECTOR_TABLE
                0x10000110                isr_invalid
                0x10000110                __default_isrs_start
                0x10000112                isr_nmi
                0x10000114                isr_hardfault
                0x10000116                isr_svcall
                0x10000118                isr_pendsv
                0x1000011a                isr_systick
                0x1000011c                isr_irq30
                0x1000011c                __unhandled_user_irq
                0x1000011c                isr_irq49
                0x1000011c                isr_irq13
                0x1000011c                isr_irq43
                0x1000011c                isr_irq45
                0x1000011c                isr_irq27
                0x1000011c                isr_irq32
                0x1000011c                isr_irq31
                0x1000011c                isr_irq5
                0x1000011c                isr_irq11
                0x1000011c                isr_irq23
                0x1000011c                isr_irq48
                0x1000011c                isr_irq35
                0x1000011c                isr_irq18
                0x1000011c                isr_irq50
                0x1000011c                isr_irq40
                0x1000011c                isr_irq28
                0x1000011c                isr_irq19
                0x1000011c                isr_irq36
                0x1000011c                isr_irq41
                0x1000011c                isr_irq0
                0x1000011c                isr_irq6
                0x1000011c                isr_irq37
                0x1000011c                isr_irq42
                0x1000011c                isr_irq22
                0x1000011c                isr_irq17
                0x1000011c                isr_irq38
                0x1000011c                isr_irq14
                0x1000011c                isr_irq2
                0x1000011c                isr_irq10
                0x1000011c                isr_irq8
                0x1000011c                isr_irq24
                0x1000011c                isr_irq46
                0x1000011c                isr_irq1
                0x1000011c                isr_irq47
                0x1000011c                isr_irq51
                0x1000011c                isr_irq7
                0x1000011c                isr_irq21
                0x1000011c                isr_irq39
                0x1000011c                isr_irq20
                0x1000011c                isr_irq15
                0x1000011c                isr_irq25
                0x1000011c                isr_irq34
                0x1000011c                isr_irq4
                0x1000011c                isr_irq16
                0x1000011c                isr_irq44
                0x1000011c                isr_irq29
                0x1000011c                isr_irq26
                0x1000011c                __default_isrs_end
                0x1000011c                isr_irq33
                0x1000011c                isr_irq3
                0x1000011c                isr_irq12
                0x1000011c                isr_irq9
                0x10000122                unhandled_user_irq_num_in_r0
 *(.binary_info_header)
 .binary_info_header
                0x10000124       0x14 CMakeFiles/helloworld.dir/home/octo/dev/pico-sdk/src/rp2_common/pico_crt0/crt0.S.o
                0x10000138                        __binary_info_header_end = .
 *(.embedded_block)
 .embedded_block
                0x10000138       0x14 CMakeFiles/helloworld.dir/home/octo/dev/pico-sdk/src/rp2_common/pico_crt0/crt0.S.o
                0x1000014c                        __embedded_block_end = .
 *(.reset)
 .reset         0x1000014c       0xa0 CMakeFiles/helloworld.dir/home/octo/dev/pico-sdk/src/rp2_common/pico_crt0/crt0.S.o
                0x1000014c                _entry_point
 *(.init)
 .init          0x100001ec        0x4 /usr/lib/gcc/arm-none-eabi/14.2.0/thumb/v8-m.main+fp/softfp/crti.o
                0x100001ec                _init
 *libgcc.a:cmse_nonsecure_call.o()
 *(EXCLUDE_FILE(*libm.a: *libc.a:*lib_a-mem*.o *libgcc.a:) .text*)
 .text.frame_dummy
                0x100001f0       0x1c /usr/lib/gcc/arm-none-eabi/14.2.0/thumb/v8-m.main+fp/softfp/crtbegin.o
 .text.startup.main
                0x1000020c       0x40 CMakeFiles/helloworld.dir/src/main.c.o
                0x1000020c                main
 .text.gpio_set_function
                0x1000024c       0x3c CMakeFiles/helloworld.dir/home/octo/dev/pico-sdk/src/rp2_common/hardware_gpio/gpio.c.o
                0x1000024c                gpio_set_function
 .text.gpio_init
                0x10000288       0x48 CMakeFiles/helloworld.dir/home/octo/dev/pico-sdk/src/rp2_common/hardware_gpio/gpio.c.o
                0x10000288                gpio_init
 .text.panic    0x100002d0       0x30 CMakeFiles/helloworld.dir/home/octo/dev/pico-sdk/src/rp2_common/pico_platform_panic/panic.c.o
                0x100002d0                panic
 .text.hw_claim_or_assert
                0x10000300       0x58 CMakeFiles/helloworld.dir/home/octo/dev/pico-sdk/src/common/hardware_claim/claim.c.o
                0x10000300                hw_claim_or_assert
 .text.hw_claim_unused_from_range
                0x10000358       0x80 CMakeFiles/helloworld.dir/home/octo/dev/pico-sdk/src/common/hardware_claim/claim.c.o
                0x10000358                hw_claim_unused_from_range
 .text.next_striped_spin_lock_num
                0x100003d8       0x18 CMakeFiles/helloworld.dir/home/octo/dev/pico-sdk/src/rp2_common/hardware_sync/sync.c.o
                0x100003d8                next_striped_spin_lock_num
 .text.spin_lock_claim_unused
                0x100003f0       0x20 CMakeFiles/helloworld.dir/home/octo/dev/pico-sdk/src/rp2_common/hardware_sync/sync.c.o
                0x100003f0                spin_lock_claim_unused
 .text.spinlock_set_extexclall
                0x10000410       0x10 CMakeFiles/helloworld.dir/home/octo/dev/pico-sdk/src/rp2_common/hardware_sync_spin_lock/sync_spin_lock.c.o
 .text.spin_locks_reset
                0x10000420       0x18 CMakeFiles/helloworld.dir/home/octo/dev/pico-sdk/src/rp2_common/hardware_sync_spin_lock/sync_spin_lock.c.o
                0x10000420                spin_locks_reset
 .text.runtime_init_per_core_irq_priorities
                0x10000438       0x40 CMakeFiles/helloworld.dir/home/octo/dev/pico-sdk/src/rp2_common/hardware_irq/irq.c.o
                0x10000438                runtime_init_per_core_irq_priorities
 .text.irq_set_enabled
                0x10000478       0x2c CMakeFiles/helloworld.dir/home/octo/dev/pico-sdk/src/rp2_common/hardware_irq/irq.c.o
                0x10000478                irq_set_enabled
 .text.irq_is_enabled
                0x100004a4       0x20 CMakeFiles/helloworld.dir/home/octo/dev/pico-sdk/src/rp2_common/hardware_irq/irq.c.o
                0x100004a4                irq_is_enabled
 .text.irq_set_pending
                0x100004c4       0x18 CMakeFiles/helloworld.dir/home/octo/dev/pico-sdk/src/rp2_common/hardware_irq/irq.c.o
                0x100004c4                irq_set_pending
 .text.irq_has_shared_handler
                0x100004dc       0x24 CMakeFiles/helloworld.dir/home/octo/dev/pico-sdk/src/rp2_common/hardware_irq/irq.c.o
                0x100004dc                irq_has_shared_handler
 .text.irq_set_exclusive_handler
                0x10000500       0x60 CMakeFiles/helloworld.dir/home/octo/dev/pico-sdk/src/rp2_common/hardware_irq/irq.c.o
                0x10000500                irq_set_exclusive_handler
 .text.irq_add_shared_handler
                0x10000560      0x1e8 CMakeFiles/helloworld.dir/home/octo/dev/pico-sdk/src/rp2_common/hardware_irq/irq.c.o
                0x10000560                irq_add_shared_handler
 .text.irq_remove_handler
                0x10000748      0x1f4 CMakeFiles/helloworld.dir/home/octo/dev/pico-sdk/src/rp2_common/hardware_irq/irq.c.o
                0x10000748                irq_remove_handler
 .text.irq_add_tail_to_free_list
                0x1000093c       0xbc CMakeFiles/helloworld.dir/home/octo/dev/pico-sdk/src/rp2_common/hardware_irq/irq.c.o
                0x1000093c                irq_add_tail_to_free_list
 .text.user_irq_claim_unused
                0x100009f8       0x28 CMakeFiles/helloworld.dir/home/octo/dev/pico-sdk/src/rp2_common/hardware_irq/irq.c.o
                0x100009f8                user_irq_claim_unused
 .text.lock_init
                0x10000a20        0xc CMakeFiles/helloworld.dir/home/octo/dev/pico-sdk/src/common/pico_sync/lock_core.c.o
                0x10000a20                lock_init
 .text.runtime_init_mutex
                0x10000a2c       0x4c CMakeFiles/helloworld.dir/home/octo/dev/pico-sdk/src/common/pico_sync/mutex.c.o
                0x10000a2c                runtime_init_mutex
 .text.mutex_init
                0x10000a78       0x1c CMakeFiles/helloworld.dir/home/octo/dev/pico-sdk/src/common/pico_sync/mutex.c.o
                0x10000a78                mutex_init
 .text.critical_section_init
                0x10000a94       0x1c CMakeFiles/helloworld.dir/home/octo/dev/pico-sdk/src/common/pico_sync/critical_section.c.o
                0x10000a94                critical_section_init
 .text.critical_section_init_with_lock_num
                0x10000ab0       0x10 CMakeFiles/helloworld.dir/home/octo/dev/pico-sdk/src/common/pico_sync/critical_section.c.o
                0x10000ab0                critical_section_init_with_lock_num
 .text.sleep_until_callback
                0x10000ac0       0x3c CMakeFiles/helloworld.dir/home/octo/dev/pico-sdk/src/common/pico_time/time.c.o
 *fill*         0x10000afc        0x4 
 .text.alarm_pool_irq_handler
                0x10000b00      0x2e0 CMakeFiles/helloworld.dir/home/octo/dev/pico-sdk/src/common/pico_time/time.c.o
 .text.runtime_init_default_alarm_pool
                0x10000de0      0x100 CMakeFiles/helloworld.dir/home/octo/dev/pico-sdk/src/common/pico_time/time.c.o
                0x10000de0                runtime_init_default_alarm_pool
 .text.alarm_pool_get_default
                0x10000ee0        0x8 CMakeFiles/helloworld.dir/home/octo/dev/pico-sdk/src/common/pico_time/time.c.o
                0x10000ee0                alarm_pool_get_default
 .text.alarm_pool_add_alarm_at
                0x10000ee8       0xdc CMakeFiles/helloworld.dir/home/octo/dev/pico-sdk/src/common/pico_time/time.c.o
                0x10000ee8                alarm_pool_add_alarm_at
 .text.alarm_pool_add_alarm_at_force_in_context
                0x10000fc4       0xc8 CMakeFiles/helloworld.dir/home/octo/dev/pico-sdk/src/common/pico_time/time.c.o
                0x10000fc4                alarm_pool_add_alarm_at_force_in_context
 .text.alarm_pool_cancel_alarm
                0x1000108c       0x80 CMakeFiles/helloworld.dir/home/octo/dev/pico-sdk/src/common/pico_time/time.c.o
                0x1000108c                alarm_pool_cancel_alarm
 .text.alarm_pool_core_num
                0x1000110c        0x4 CMakeFiles/helloworld.dir/home/octo/dev/pico-sdk/src/common/pico_time/time.c.o
                0x1000110c                alarm_pool_core_num
 .text.sleep_ms
                0x10001110       0xdc CMakeFiles/helloworld.dir/home/octo/dev/pico-sdk/src/common/pico_time/time.c.o
                0x10001110                sleep_ms
 .text.best_effort_wfe_or_timeout
                0x100011ec       0xdc CMakeFiles/helloworld.dir/home/octo/dev/pico-sdk/src/common/pico_time/time.c.o
                0x100011ec                best_effort_wfe_or_timeout
 .text.timer_hardware_alarm_claim
                0x100012c8       0x24 CMakeFiles/helloworld.dir/home/octo/dev/pico-sdk/src/rp2_common/hardware_timer/timer.c.o
                0x100012c8                timer_hardware_alarm_claim
 .text.timer_time_us_64
                0x100012ec       0x10 CMakeFiles/helloworld.dir/home/octo/dev/pico-sdk/src/rp2_common/hardware_timer/timer.c.o
                0x100012ec                timer_time_us_64
 .text.time_us_64
                0x100012fc       0x14 CMakeFiles/helloworld.dir/home/octo/dev/pico-sdk/src/rp2_common/hardware_timer/timer.c.o
                0x100012fc                time_us_64
 .text.busy_wait_us
                0x10001310       0x5c CMakeFiles/helloworld.dir/home/octo/dev/pico-sdk/src/rp2_common/hardware_timer/timer.c.o
                0x10001310                busy_wait_us
 .text.busy_wait_until
                0x1000136c       0x24 CMakeFiles/helloworld.dir/home/octo/dev/pico-sdk/src/rp2_common/hardware_timer/timer.c.o
                0x1000136c                busy_wait_until
 .text.uart_init
                0x10001390      0x104 CMakeFiles/helloworld.dir/home/octo/dev/pico-sdk/src/rp2_common/hardware_uart/uart.c.o
                0x10001390                uart_init
 .text.clock_configure_undivided
                0x10001494       0xd0 CMakeFiles/helloworld.dir/home/octo/dev/pico-sdk/src/rp2_common/hardware_clocks/clocks.c.o
                0x10001494                clock_configure_undivided
 .text.clock_get_hz
                0x10001564        0xc CMakeFiles/helloworld.dir/home/octo/dev/pico-sdk/src/rp2_common/hardware_clocks/clocks.c.o
                0x10001564                clock_get_hz
 .text.pll_init
                0x10001570       0x8c CMakeFiles/helloworld.dir/home/octo/dev/pico-sdk/src/rp2_common/hardware_pll/pll.c.o
                0x10001570                pll_init
 .text.watchdog_reboot
                0x100015fc       0x98 CMakeFiles/helloworld.dir/home/octo/dev/pico-sdk/src/rp2_common/hardware_watchdog/watchdog.c.o
                0x100015fc                watchdog_reboot
 .text.tick_start
                0x10001694       0x18 CMakeFiles/helloworld.dir/home/octo/dev/pico-sdk/src/rp2_common/hardware_ticks/ticks.c.o
                0x10001694                tick_start
 .text.rom_reboot.constprop.0.isra.0
                0x100016ac       0x34 CMakeFiles/helloworld.dir/home/octo/dev/pico-sdk/src/rp2_common/pico_bootrom/bootrom.c.o
 .text.rom_func_lookup
                0x100016e0       0x18 CMakeFiles/helloworld.dir/home/octo/dev/pico-sdk/src/rp2_common/pico_bootrom/bootrom.c.o
                0x100016e0                rom_func_lookup
 .text.rom_reset_usb_boot_extra
                0x100016f8       0x1c CMakeFiles/helloworld.dir/home/octo/dev/pico-sdk/src/rp2_common/pico_bootrom/bootrom.c.o
                0x100016f8                rom_reset_usb_boot_extra
 .text.runtime_init_bootrom_locking_enable
                0x10001714       0x14 CMakeFiles/helloworld.dir/home/octo/dev/pico-sdk/src/rp2_common/pico_bootrom/bootrom_lock.c.o
                0x10001714                runtime_init_bootrom_locking_enable
 .text.runtime_init_boot_locks_reset
                0x10001728       0x1c CMakeFiles/helloworld.dir/home/octo/dev/pico-sdk/src/rp2_common/hardware_boot_lock/boot_lock.c.o
                0x10001728                runtime_init_boot_locks_reset
 .text.xosc_init
                0x10001744       0x2c CMakeFiles/helloworld.dir/home/octo/dev/pico-sdk/src/rp2_common/hardware_xosc/xosc.c.o
                0x10001744                xosc_init
 .text.first_per_core_initializer
                0x10001770        0x4 CMakeFiles/helloworld.dir/home/octo/dev/pico-sdk/src/rp2_common/pico_runtime/runtime.c.o
 .text.hard_assertion_failure
                0x10001774        0xc CMakeFiles/helloworld.dir/home/octo/dev/pico-sdk/src/rp2_common/pico_runtime/runtime.c.o
                0x10001774                hard_assertion_failure
 .text.runtime_run_initializers
                0x10001780       0x20 CMakeFiles/helloworld.dir/home/octo/dev/pico-sdk/src/rp2_common/pico_runtime/runtime.c.o
                0x10001780                runtime_run_initializers
 .text.runtime_init_early_resets
                0x100017a0       0x34 CMakeFiles/helloworld.dir/home/octo/dev/pico-sdk/src/rp2_common/pico_runtime_init/runtime_init.c.o
                0x100017a0                runtime_init_early_resets
 .text.runtime_init_usb_power_down
                0x100017d4       0x1c CMakeFiles/helloworld.dir/home/octo/dev/pico-sdk/src/rp2_common/pico_runtime_init/runtime_init.c.o
                0x100017d4                runtime_init_usb_power_down
 .text.runtime_init_per_core_enable_coprocessors
                0x100017f0       0x1c CMakeFiles/helloworld.dir/home/octo/dev/pico-sdk/src/rp2_common/pico_runtime_init/runtime_init.c.o
                0x100017f0                runtime_init_per_core_enable_coprocessors
 .text.runtime_init_post_clock_resets
                0x1000180c       0x20 CMakeFiles/helloworld.dir/home/octo/dev/pico-sdk/src/rp2_common/pico_runtime_init/runtime_init.c.o
                0x1000180c                runtime_init_post_clock_resets
 .text.runtime_init_bootrom_reset
                0x1000182c       0x14 CMakeFiles/helloworld.dir/home/octo/dev/pico-sdk/src/rp2_common/pico_runtime_init/runtime_init.c.o
                0x1000182c                runtime_init_bootrom_reset
 .text.runtime_init_per_core_bootrom_reset
                0x10001840       0x14 CMakeFiles/helloworld.dir/home/octo/dev/pico-sdk/src/rp2_common/pico_runtime_init/runtime_init.c.o
                0x10001840                runtime_init_per_core_bootrom_reset
 .text.runtime_init_spin_locks_reset
                0x10001854        0x4 CMakeFiles/helloworld.dir/home/octo/dev/pico-sdk/src/rp2_common/pico_runtime_init/runtime_init.c.o
                0x10001854                runtime_init_spin_locks_reset
 .text.runtime_init_install_ram_vector_table
                0x10001858       0x20 CMakeFiles/helloworld.dir/home/octo/dev/pico-sdk/src/rp2_common/pico_runtime_init/runtime_init.c.o
                0x10001858                runtime_init_install_ram_vector_table
 .text.runtime_init_clocks
                0x10001878       0xdc CMakeFiles/helloworld.dir/home/octo/dev/pico-sdk/src/rp2_common/pico_runtime_init/runtime_init_clocks.c.o
                0x10001878                runtime_init_clocks
 .text._out_char
                0x10001954        0x8 CMakeFiles/helloworld.dir/home/octo/dev/pico-sdk/src/rp2_common/pico_printf/printf.c.o
 .text.weak_raw_vprintf
                0x1000195c       0x30 CMakeFiles/helloworld.dir/home/octo/dev/pico-sdk/src/rp2_common/pico_printf/printf.c.o
                0x1000195c                weak_raw_vprintf
 .text._exit    0x1000198c        0x4 CMakeFiles/helloworld.dir/home/octo/dev/pico-sdk/src/rp2_common/pico_clib_interface/newlib_interface.c.o
                0x1000198c                _exit
 .text.exit     0x10001990        0x8 CMakeFiles/helloworld.dir/home/octo/dev/pico-sdk/src/rp2_common/pico_clib_interface/newlib_interface.c.o
                0x10001990                exit
 .text.runtime_init
                0x10001998       0x24 CMakeFiles/helloworld.dir/home/octo/dev/pico-sdk/src/rp2_common/pico_clib_interface/newlib_interface.c.o
                0x10001998                runtime_init
 .text.stdio_out_chars_no_crlf
                0x100019bc        0x8 CMakeFiles/helloworld.dir/home/octo/dev/pico-sdk/src/rp2_common/pico_stdio/stdio.c.o
 .text.stdio_out_chars_crlf
                0x100019c4       0xb0 CMakeFiles/helloworld.dir/home/octo/dev/pico-sdk/src/rp2_common/pico_stdio/stdio.c.o
 .text.stdio_put_string
                0x10001a74       0xec CMakeFiles/helloworld.dir/home/octo/dev/pico-sdk/src/rp2_common/pico_stdio/stdio.c.o
                0x10001a74                stdio_put_string
 .text.stdio_set_driver_enabled
                0x10001b60       0x28 CMakeFiles/helloworld.dir/home/octo/dev/pico-sdk/src/rp2_common/pico_stdio/stdio.c.o
                0x10001b60                stdio_set_driver_enabled
 .text.stdio_init_all
                0x10001b88       0x10 CMakeFiles/helloworld.dir/home/octo/dev/pico-sdk/src/rp2_common/pico_stdio/stdio.c.o
                0x10001b88                stdio_init_all
 .text.__wrap_putchar
                0x10001b98       0x84 CMakeFiles/helloworld.dir/home/octo/dev/pico-sdk/src/rp2_common/pico_stdio/stdio.c.o
                0x10001b98                stdio_putchar
                0x10001b98                __wrap_putchar
 .text.__wrap_puts
                0x10001c1c       0x3c CMakeFiles/helloworld.dir/home/octo/dev/pico-sdk/src/rp2_common/pico_stdio/stdio.c.o
                0x10001c1c                __wrap_puts
                0x10001c1c                stdio_puts
 .text.stdio_uart_out_chars
                0x10001c58       0x50 CMakeFiles/helloworld.dir/home/octo/dev/pico-sdk/src/rp2_common/pico_stdio_uart/stdio_uart.c.o
 .text.stdio_uart_in_chars
                0x10001ca8       0x94 CMakeFiles/helloworld.dir/home/octo/dev/pico-sdk/src/rp2_common/pico_stdio_uart/stdio_uart.c.o
                0x10001ca8                stdio_uart_in_chars
 .text.on_uart_rx
                0x10001d3c       0x24 CMakeFiles/helloworld.dir/home/octo/dev/pico-sdk/src/rp2_common/pico_stdio_uart/stdio_uart.c.o
 .text.stdio_uart_out_flush
                0x10001d60       0x10 CMakeFiles/helloworld.dir/home/octo/dev/pico-sdk/src/rp2_common/pico_stdio_uart/stdio_uart.c.o
 .text.stdio_uart_set_chars_available_callback
                0x10001d70       0x88 CMakeFiles/helloworld.dir/home/octo/dev/pico-sdk/src/rp2_common/pico_stdio_uart/stdio_uart.c.o
 .text.stdio_uart_init
                0x10001df8       0x54 CMakeFiles/helloworld.dir/home/octo/dev/pico-sdk/src/rp2_common/pico_stdio_uart/stdio_uart.c.o
                0x10001df8                stdio_uart_init
 .text.resetd_init
                0x10001e4c        0x4 CMakeFiles/helloworld.dir/home/octo/dev/pico-sdk/src/rp2_common/pico_stdio_usb/reset_interface.c.o
 .text.resetd_reset
                0x10001e50        0xc CMakeFiles/helloworld.dir/home/octo/dev/pico-sdk/src/rp2_common/pico_stdio_usb/reset_interface.c.o
 .text.resetd_open
                0x10001e5c       0x28 CMakeFiles/helloworld.dir/home/octo/dev/pico-sdk/src/rp2_common/pico_stdio_usb/reset_interface.c.o
 .text.resetd_xfer_cb
                0x10001e84        0x4 CMakeFiles/helloworld.dir/home/octo/dev/pico-sdk/src/rp2_common/pico_stdio_usb/reset_interface.c.o
 .text.resetd_control_xfer_cb
                0x10001e88       0x50 CMakeFiles/helloworld.dir/home/octo/dev/pico-sdk/src/rp2_common/pico_stdio_usb/reset_interface.c.o
 .text.tud_descriptor_bos_cb
                0x10001ed8        0x8 CMakeFiles/helloworld.dir/home/octo/dev/pico-sdk/src/rp2_common/pico_stdio_usb/reset_interface.c.o
                0x10001ed8                tud_descriptor_bos_cb
 .text.tud_vendor_control_xfer_cb
                0x10001ee0       0x28 CMakeFiles/helloworld.dir/home/octo/dev/pico-sdk/src/rp2_common/pico_stdio_usb/reset_interface.c.o
                0x10001ee0                tud_vendor_control_xfer_cb
 .text.usbd_app_driver_get_cb
                0x10001f08       0x10 CMakeFiles/helloworld.dir/home/octo/dev/pico-sdk/src/rp2_common/pico_stdio_usb/reset_interface.c.o
                0x10001f08                usbd_app_driver_get_cb
 .text.tud_cdc_line_coding_cb
                0x10001f18       0x18 CMakeFiles/helloworld.dir/home/octo/dev/pico-sdk/src/rp2_common/pico_stdio_usb/reset_interface.c.o
                0x10001f18                tud_cdc_line_coding_cb
 .text.stdio_usb_set_chars_available_callback
                0x10001f30       0x14 CMakeFiles/helloworld.dir/home/octo/dev/pico-sdk/src/rp2_common/pico_stdio_usb/stdio_usb.c.o
                0x10001f30                stdio_usb_set_chars_available_callback
 .text.timer_task
                0x10001f44       0x70 CMakeFiles/helloworld.dir/home/octo/dev/pico-sdk/src/rp2_common/pico_stdio_usb/stdio_usb.c.o
 .text.usb_irq  0x10001fb4        0xc CMakeFiles/helloworld.dir/home/octo/dev/pico-sdk/src/rp2_common/pico_stdio_usb/stdio_usb.c.o
 .text.stdio_usb_in_chars
                0x10001fc0       0x88 CMakeFiles/helloworld.dir/home/octo/dev/pico-sdk/src/rp2_common/pico_stdio_usb/stdio_usb.c.o
                0x10001fc0                stdio_usb_in_chars
 .text.stdio_usb_out_flush
                0x10002048       0x54 CMakeFiles/helloworld.dir/home/octo/dev/pico-sdk/src/rp2_common/pico_stdio_usb/stdio_usb.c.o
 .text.stdio_usb_out_chars
                0x1000209c       0xf4 CMakeFiles/helloworld.dir/home/octo/dev/pico-sdk/src/rp2_common/pico_stdio_usb/stdio_usb.c.o
 .text.low_priority_worker_irq
                0x10002190       0xd8 CMakeFiles/helloworld.dir/home/octo/dev/pico-sdk/src/rp2_common/pico_stdio_usb/stdio_usb.c.o
 .text.stdio_usb_init
                0x10002268       0xe4 CMakeFiles/helloworld.dir/home/octo/dev/pico-sdk/src/rp2_common/pico_stdio_usb/stdio_usb.c.o
                0x10002268                stdio_usb_init
 .text.tud_descriptor_device_cb
                0x1000234c        0x8 CMakeFiles/helloworld.dir/home/octo/dev/pico-sdk/src/rp2_common/pico_stdio_usb/stdio_usb_descriptors.c.o
                0x1000234c                tud_descriptor_device_cb
 .text.tud_descriptor_configuration_cb
                0x10002354        0x8 CMakeFiles/helloworld.dir/home/octo/dev/pico-sdk/src/rp2_common/pico_stdio_usb/stdio_usb_descriptors.c.o
                0x10002354                tud_descriptor_configuration_cb
 .text.tud_descriptor_string_cb
                0x1000235c       0x70 CMakeFiles/helloworld.dir/home/octo/dev/pico-sdk/src/rp2_common/pico_stdio_usb/stdio_usb_descriptors.c.o
                0x1000235c                tud_descriptor_string_cb
 .text.startup._retrieve_unique_id_on_boot
                0x100023cc       0x30 CMakeFiles/helloworld.dir/home/octo/dev/pico-sdk/src/rp2_common/pico_unique_id/unique_id.c.o
 .text.pico_get_unique_board_id_string
                0x100023fc      0x184 CMakeFiles/helloworld.dir/home/octo/dev/pico-sdk/src/rp2_common/pico_unique_id/unique_id.c.o
                0x100023fc                pico_get_unique_board_id_string
 .text.dcd_init
                0x10002580       0x8c CMakeFiles/helloworld.dir/home/octo/dev/pico-sdk/lib/tinyusb/src/portable/raspberrypi/rp2040/dcd_rp2040.c.o
                0x10002580                dcd_init
 .text.dcd_int_enable
                0x1000260c        0x8 CMakeFiles/helloworld.dir/home/octo/dev/pico-sdk/lib/tinyusb/src/portable/raspberrypi/rp2040/dcd_rp2040.c.o
                0x1000260c                dcd_int_enable
 .text.dcd_set_address
                0x10002614       0x10 CMakeFiles/helloworld.dir/home/octo/dev/pico-sdk/lib/tinyusb/src/portable/raspberrypi/rp2040/dcd_rp2040.c.o
                0x10002614                dcd_set_address
 .text.dcd_sof_enable
                0x10002624       0x1c CMakeFiles/helloworld.dir/home/octo/dev/pico-sdk/lib/tinyusb/src/portable/raspberrypi/rp2040/dcd_rp2040.c.o
                0x10002624                dcd_sof_enable
 .text.dcd_edpt0_status_complete
                0x10002640       0x1c CMakeFiles/helloworld.dir/home/octo/dev/pico-sdk/lib/tinyusb/src/portable/raspberrypi/rp2040/dcd_rp2040.c.o
                0x10002640                dcd_edpt0_status_complete
 .text.dcd_edpt_open
                0x1000265c       0xf4 CMakeFiles/helloworld.dir/home/octo/dev/pico-sdk/lib/tinyusb/src/portable/raspberrypi/rp2040/dcd_rp2040.c.o
                0x1000265c                dcd_edpt_open
 .text.dcd_edpt_close_all
                0x10002750        0x4 CMakeFiles/helloworld.dir/home/octo/dev/pico-sdk/lib/tinyusb/src/portable/raspberrypi/rp2040/dcd_rp2040.c.o
                0x10002750                dcd_edpt_close_all
 .text.dcd_edpt_xfer
                0x10002754       0x28 CMakeFiles/helloworld.dir/home/octo/dev/pico-sdk/lib/tinyusb/src/portable/raspberrypi/rp2040/dcd_rp2040.c.o
                0x10002754                dcd_edpt_xfer
 .text.dcd_edpt_stall
                0x1000277c       0x30 CMakeFiles/helloworld.dir/home/octo/dev/pico-sdk/lib/tinyusb/src/portable/raspberrypi/rp2040/dcd_rp2040.c.o
                0x1000277c                dcd_edpt_stall
 .text.dcd_edpt_clear_stall
                0x100027ac       0x24 CMakeFiles/helloworld.dir/home/octo/dev/pico-sdk/lib/tinyusb/src/portable/raspberrypi/rp2040/dcd_rp2040.c.o
                0x100027ac                dcd_edpt_clear_stall
 .text.rp2040_usb_init
                0x100027d0       0x40 CMakeFiles/helloworld.dir/home/octo/dev/pico-sdk/lib/tinyusb/src/portable/raspberrypi/rp2040/rp2040_usb.c.o
                0x100027d0                rp2040_usb_init
 .text.hw_endpoint_xfer_start
                0x10002810       0x40 CMakeFiles/helloworld.dir/home/octo/dev/pico-sdk/lib/tinyusb/src/portable/raspberrypi/rp2040/rp2040_usb.c.o
                0x10002810                hw_endpoint_xfer_start
 .text.configuration_reset
                0x10002850       0x8c CMakeFiles/helloworld.dir/home/octo/dev/pico-sdk/lib/tinyusb/src/device/usbd.c.o
 .text.tud_event_hook_cb
                0x100028dc        0x4 CMakeFiles/helloworld.dir/home/octo/dev/pico-sdk/lib/tinyusb/src/device/usbd.c.o
                0x100028dc                tud_event_hook_cb
 .text.tud_sof_cb
                0x100028e0        0x4 CMakeFiles/helloworld.dir/home/octo/dev/pico-sdk/lib/tinyusb/src/device/usbd.c.o
                0x100028e0                tud_sof_cb
 .text.tud_descriptor_device_qualifier_cb
                0x100028e4        0x4 CMakeFiles/helloworld.dir/home/octo/dev/pico-sdk/lib/tinyusb/src/device/usbd.c.o
                0x100028e4                tud_descriptor_device_qualifier_cb
 .text.tud_descriptor_other_speed_configuration_cb
                0x100028e8        0x4 CMakeFiles/helloworld.dir/home/octo/dev/pico-sdk/lib/tinyusb/src/device/usbd.c.o
                0x100028e8                tud_descriptor_other_speed_configuration_cb
 .text.tud_mount_cb
                0x100028ec        0x4 CMakeFiles/helloworld.dir/home/octo/dev/pico-sdk/lib/tinyusb/src/device/usbd.c.o
                0x100028ec                tud_mount_cb
 .text.tud_umount_cb
                0x100028f0        0x4 CMakeFiles/helloworld.dir/home/octo/dev/pico-sdk/lib/tinyusb/src/device/usbd.c.o
                0x100028f0                tud_umount_cb
 .text.tud_suspend_cb
                0x100028f4        0x4 CMakeFiles/helloworld.dir/home/octo/dev/pico-sdk/lib/tinyusb/src/device/usbd.c.o
                0x100028f4                tud_suspend_cb
 .text.tud_resume_cb
                0x100028f8        0x4 CMakeFiles/helloworld.dir/home/octo/dev/pico-sdk/lib/tinyusb/src/device/usbd.c.o
                0x100028f8                tud_resume_cb
 .text.tud_mounted
                0x100028fc       0x10 CMakeFiles/helloworld.dir/home/octo/dev/pico-sdk/lib/tinyusb/src/device/usbd.c.o
                0x100028fc                tud_mounted
 .text.tud_suspended
                0x1000290c       0x10 CMakeFiles/helloworld.dir/home/octo/dev/pico-sdk/lib/tinyusb/src/device/usbd.c.o
                0x1000290c                tud_suspended
 .text.tud_init
                0x1000291c       0xe4 CMakeFiles/helloworld.dir/home/octo/dev/pico-sdk/lib/tinyusb/src/device/usbd.c.o
                0x1000291c                tud_init
 .text.tud_task_ext
                0x10002a00      0x784 CMakeFiles/helloworld.dir/home/octo/dev/pico-sdk/lib/tinyusb/src/device/usbd.c.o
                0x10002a00                tud_task_ext
 .text.usbd_open_edpt_pair
                0x10003184       0x9c CMakeFiles/helloworld.dir/home/octo/dev/pico-sdk/lib/tinyusb/src/device/usbd.c.o
                0x10003184                usbd_open_edpt_pair
 .text.usbd_edpt_open
                0x10003220       0x44 CMakeFiles/helloworld.dir/home/octo/dev/pico-sdk/lib/tinyusb/src/device/usbd.c.o
                0x10003220                usbd_edpt_open
 .text.usbd_edpt_claim
                0x10003264       0x24 CMakeFiles/helloworld.dir/home/octo/dev/pico-sdk/lib/tinyusb/src/device/usbd.c.o
                0x10003264                usbd_edpt_claim
 .text.usbd_edpt_release
                0x10003288       0x24 CMakeFiles/helloworld.dir/home/octo/dev/pico-sdk/lib/tinyusb/src/device/usbd.c.o
                0x10003288                usbd_edpt_release
 .text.usbd_edpt_xfer
                0x100032ac       0x70 CMakeFiles/helloworld.dir/home/octo/dev/pico-sdk/lib/tinyusb/src/device/usbd.c.o
                0x100032ac                usbd_edpt_xfer
 .text.tud_control_status
                0x1000331c       0x34 CMakeFiles/helloworld.dir/home/octo/dev/pico-sdk/lib/tinyusb/src/device/usbd_control.c.o
                0x1000331c                tud_control_status
 .text.tud_control_xfer
                0x10003350       0xb0 CMakeFiles/helloworld.dir/home/octo/dev/pico-sdk/lib/tinyusb/src/device/usbd_control.c.o
                0x10003350                tud_control_xfer
 .text.usbd_control_reset
                0x10003400       0x14 CMakeFiles/helloworld.dir/home/octo/dev/pico-sdk/lib/tinyusb/src/device/usbd_control.c.o
                0x10003400                usbd_control_reset
 .text.usbd_control_set_complete_callback
                0x10003414        0xc CMakeFiles/helloworld.dir/home/octo/dev/pico-sdk/lib/tinyusb/src/device/usbd_control.c.o
                0x10003414                usbd_control_set_complete_callback
 .text.usbd_control_set_request
                0x10003420       0x1c CMakeFiles/helloworld.dir/home/octo/dev/pico-sdk/lib/tinyusb/src/device/usbd_control.c.o
                0x10003420                usbd_control_set_request
 .text.usbd_control_xfer_cb
                0x1000343c      0x100 CMakeFiles/helloworld.dir/home/octo/dev/pico-sdk/lib/tinyusb/src/device/usbd_control.c.o
                0x1000343c                usbd_control_xfer_cb
 .text._prep_out_transaction.isra.0
                0x1000353c       0x5c CMakeFiles/helloworld.dir/home/octo/dev/pico-sdk/lib/tinyusb/src/class/cdc/cdc_device.c.o
 .text.tud_cdc_n_connected
                0x10003598       0x2c CMakeFiles/helloworld.dir/home/octo/dev/pico-sdk/lib/tinyusb/src/class/cdc/cdc_device.c.o
                0x10003598                tud_cdc_n_connected
 .text.tud_cdc_n_available
                0x100035c4       0x18 CMakeFiles/helloworld.dir/home/octo/dev/pico-sdk/lib/tinyusb/src/class/cdc/cdc_device.c.o
                0x100035c4                tud_cdc_n_available
 .text.tud_cdc_n_read
                0x100035dc       0x8c CMakeFiles/helloworld.dir/home/octo/dev/pico-sdk/lib/tinyusb/src/class/cdc/cdc_device.c.o
                0x100035dc                tud_cdc_n_read
 .text.tud_cdc_n_write_flush
                0x10003668       0x8c CMakeFiles/helloworld.dir/home/octo/dev/pico-sdk/lib/tinyusb/src/class/cdc/cdc_device.c.o
                0x10003668                tud_cdc_n_write_flush
 .text.tud_cdc_n_write
                0x100036f4       0x40 CMakeFiles/helloworld.dir/home/octo/dev/pico-sdk/lib/tinyusb/src/class/cdc/cdc_device.c.o
                0x100036f4                tud_cdc_n_write
 .text.tud_cdc_n_write_available
                0x10003734       0x18 CMakeFiles/helloworld.dir/home/octo/dev/pico-sdk/lib/tinyusb/src/class/cdc/cdc_device.c.o
                0x10003734                tud_cdc_n_write_available
 .text.cdcd_init
                0x1000374c       0x78 CMakeFiles/helloworld.dir/home/octo/dev/pico-sdk/lib/tinyusb/src/class/cdc/cdc_device.c.o
                0x1000374c                cdcd_init
 .text.cdcd_deinit
                0x100037c4       0x30 CMakeFiles/helloworld.dir/home/octo/dev/pico-sdk/lib/tinyusb/src/class/cdc/cdc_device.c.o
                0x100037c4                cdcd_deinit
 .text.cdcd_reset
                0x100037f4       0x4c CMakeFiles/helloworld.dir/home/octo/dev/pico-sdk/lib/tinyusb/src/class/cdc/cdc_device.c.o
                0x100037f4                cdcd_reset
 .text.cdcd_open
                0x10003840       0xbc CMakeFiles/helloworld.dir/home/octo/dev/pico-sdk/lib/tinyusb/src/class/cdc/cdc_device.c.o
                0x10003840                cdcd_open
 .text.cdcd_control_xfer_cb
                0x100038fc       0xc4 CMakeFiles/helloworld.dir/home/octo/dev/pico-sdk/lib/tinyusb/src/class/cdc/cdc_device.c.o
                0x100038fc                cdcd_control_xfer_cb
 .text.cdcd_xfer_cb
                0x100039c0       0xf4 CMakeFiles/helloworld.dir/home/octo/dev/pico-sdk/lib/tinyusb/src/class/cdc/cdc_device.c.o
                0x100039c0                cdcd_xfer_cb
 .text.vendord_init
                0x10003ab4       0x5c CMakeFiles/helloworld.dir/home/octo/dev/pico-sdk/lib/tinyusb/src/class/vendor/vendor_device.c.o
                0x10003ab4                vendord_init
 .text.vendord_deinit
                0x10003b10       0x1c CMakeFiles/helloworld.dir/home/octo/dev/pico-sdk/lib/tinyusb/src/class/vendor/vendor_device.c.o
                0x10003b10                vendord_deinit
 .text.vendord_reset
                0x10003b2c       0x20 CMakeFiles/helloworld.dir/home/octo/dev/pico-sdk/lib/tinyusb/src/class/vendor/vendor_device.c.o
                0x10003b2c                vendord_reset
 .text.vendord_open
                0x10003b4c       0xfc CMakeFiles/helloworld.dir/home/octo/dev/pico-sdk/lib/tinyusb/src/class/vendor/vendor_device.c.o
                0x10003b4c                vendord_open
 .text.vendord_xfer_cb
                0x10003c48       0x88 CMakeFiles/helloworld.dir/home/octo/dev/pico-sdk/lib/tinyusb/src/class/vendor/vendor_device.c.o
                0x10003c48                vendord_xfer_cb
 .text.tusb_init
                0x10003cd0       0x1c CMakeFiles/helloworld.dir/home/octo/dev/pico-sdk/lib/tinyusb/src/tusb.c.o
                0x10003cd0                tusb_init
 .text.tu_edpt_claim
                0x10003cec       0x54 CMakeFiles/helloworld.dir/home/octo/dev/pico-sdk/lib/tinyusb/src/tusb.c.o
                0x10003cec                tu_edpt_claim
 .text.tu_edpt_release
                0x10003d40       0x38 CMakeFiles/helloworld.dir/home/octo/dev/pico-sdk/lib/tinyusb/src/tusb.c.o
                0x10003d40                tu_edpt_release
 .text.tu_edpt_validate
                0x10003d78       0x60 CMakeFiles/helloworld.dir/home/octo/dev/pico-sdk/lib/tinyusb/src/tusb.c.o
                0x10003d78                tu_edpt_validate
 .text.tu_edpt_bind_driver
                0x10003dd8       0x58 CMakeFiles/helloworld.dir/home/octo/dev/pico-sdk/lib/tinyusb/src/tusb.c.o
                0x10003dd8                tu_edpt_bind_driver
 .text.tu_edpt_stream_init
                0x10003e30       0x58 CMakeFiles/helloworld.dir/home/octo/dev/pico-sdk/lib/tinyusb/src/tusb.c.o
                0x10003e30                tu_edpt_stream_init
 .text.tu_edpt_stream_deinit
                0x10003e88        0x4 CMakeFiles/helloworld.dir/home/octo/dev/pico-sdk/lib/tinyusb/src/tusb.c.o
                0x10003e88                tu_edpt_stream_deinit
 .text.tu_edpt_stream_write_zlp_if_needed
                0x10003e8c       0x68 CMakeFiles/helloworld.dir/home/octo/dev/pico-sdk/lib/tinyusb/src/tusb.c.o
                0x10003e8c                tu_edpt_stream_write_zlp_if_needed
 .text.tu_edpt_stream_write_xfer
                0x10003ef4       0x70 CMakeFiles/helloworld.dir/home/octo/dev/pico-sdk/lib/tinyusb/src/tusb.c.o
                0x10003ef4                tu_edpt_stream_write_xfer
 .text.tu_edpt_stream_read_xfer
                0x10003f64       0xc8 CMakeFiles/helloworld.dir/home/octo/dev/pico-sdk/lib/tinyusb/src/tusb.c.o
                0x10003f64                tu_edpt_stream_read_xfer
 .text.tu_fifo_config
                0x1000402c       0x60 CMakeFiles/helloworld.dir/home/octo/dev/pico-sdk/lib/tinyusb/src/common/tusb_fifo.c.o
                0x1000402c                tu_fifo_config
 .text.tu_fifo_count
                0x1000408c       0x20 CMakeFiles/helloworld.dir/home/octo/dev/pico-sdk/lib/tinyusb/src/common/tusb_fifo.c.o
                0x1000408c                tu_fifo_count
 .text.tu_fifo_empty
                0x100040ac       0x14 CMakeFiles/helloworld.dir/home/octo/dev/pico-sdk/lib/tinyusb/src/common/tusb_fifo.c.o
                0x100040ac                tu_fifo_empty
 .text.tu_fifo_remaining
                0x100040c0       0x24 CMakeFiles/helloworld.dir/home/octo/dev/pico-sdk/lib/tinyusb/src/common/tusb_fifo.c.o
                0x100040c0                tu_fifo_remaining
 .text.tu_fifo_read
                0x100040e4       0x94 CMakeFiles/helloworld.dir/home/octo/dev/pico-sdk/lib/tinyusb/src/common/tusb_fifo.c.o
                0x100040e4                tu_fifo_read
 .text.tu_fifo_read_n
                0x10004178       0xd8 CMakeFiles/helloworld.dir/home/octo/dev/pico-sdk/lib/tinyusb/src/common/tusb_fifo.c.o
                0x10004178                tu_fifo_read_n
 .text.tu_fifo_write
                0x10004250       0xa4 CMakeFiles/helloworld.dir/home/octo/dev/pico-sdk/lib/tinyusb/src/common/tusb_fifo.c.o
                0x10004250                tu_fifo_write
 .text.tu_fifo_write_n
                0x100042f4      0x15c CMakeFiles/helloworld.dir/home/octo/dev/pico-sdk/lib/tinyusb/src/common/tusb_fifo.c.o
                0x100042f4                tu_fifo_write_n
 .text.tu_fifo_clear
                0x10004450       0x38 CMakeFiles/helloworld.dir/home/octo/dev/pico-sdk/lib/tinyusb/src/common/tusb_fifo.c.o
                0x10004450                tu_fifo_clear
 .text.tu_fifo_set_overwritable
                0x10004488       0x3c CMakeFiles/helloworld.dir/home/octo/dev/pico-sdk/lib/tinyusb/src/common/tusb_fifo.c.o
                0x10004488                tu_fifo_set_overwritable
 .text.atexit   0x100044c4        0xc /usr/lib/gcc/arm-none-eabi/14.2.0/../../../../arm-none-eabi/lib/thumb/v8-m.main+fp/softfp/libg.a(libc_a-atexit.o)
                0x100044c4                atexit
 .text.memset   0x100044d0       0x9c /usr/lib/gcc/arm-none-eabi/14.2.0/../../../../arm-none-eabi/lib/thumb/v8-m.main+fp/softfp/libg.a(libc_a-memset.o)
                0x100044d0                memset
 .text.__libc_fini_array
                0x1000456c       0x28 /usr/lib/gcc/arm-none-eabi/14.2.0/../../../../arm-none-eabi/lib/thumb/v8-m.main+fp/softfp/libg.a(libc_a-fini.o)
                0x1000456c                __libc_fini_array
 .text.__retarget_lock_acquire_recursive
                0x10004594        0x4 /usr/lib/gcc/arm-none-eabi/14.2.0/../../../../arm-none-eabi/lib/thumb/v8-m.main+fp/softfp/libg.a(libc_a-lock.o)
                0x10004594                __retarget_lock_acquire_recursive
 .text.__retarget_lock_release_recursive
                0x10004598        0x4 /usr/lib/gcc/arm-none-eabi/14.2.0/../../../../arm-none-eabi/lib/thumb/v8-m.main+fp/softfp/libg.a(libc_a-lock.o)
                0x10004598                __retarget_lock_release_recursive
 .text          0x1000459c       0xec /usr/lib/gcc/arm-none-eabi/14.2.0/../../../../arm-none-eabi/lib/thumb/v8-m.main+fp/softfp/libg.a(libc_a-memcpy.o)
                0x1000459c                memcpy
 .text.strlen   0x10004688       0x5c /usr/lib/gcc/arm-none-eabi/14.2.0/../../../../arm-none-eabi/lib/thumb/v8-m.main+fp/softfp/libg.a(libc_a-strlen-stub.o)
                0x10004688                strlen
 .text.__register_exitproc
                0x100046e4       0x84 /usr/lib/gcc/arm-none-eabi/14.2.0/../../../../arm-none-eabi/lib/thumb/v8-m.main+fp/softfp/libg.a(libc_a-__atexit.o)
                0x100046e4                __register_exitproc
 .text.startup.register_fini
                0x10004768       0x14 /usr/lib/gcc/arm-none-eabi/14.2.0/../../../../arm-none-eabi/lib/thumb/v8-m.main+fp/softfp/libg.a(libc_a-__call_atexit.o)
 *(.fini)
 .fini          0x1000477c        0x4 /usr/lib/gcc/arm-none-eabi/14.2.0/thumb/v8-m.main+fp/softfp/crti.o
                0x1000477c                _fini
 .fini.__stub   0x10004780       0x48 linker stubs
 *crtbegin.o(.ctors)
 *crtbegin?.o(.ctors)
 *(EXCLUDE_FILE(*crtend.o *crtend?.o) .ctors)
 *(SORT_BY_NAME(.ctors.*))
 *(.ctors)
 *crtbegin.o(.dtors)
 *crtbegin?.o(.dtors)
 *(EXCLUDE_FILE(*crtend.o *crtend?.o) .dtors)
 *(SORT_BY_NAME(.dtors.*))
 *(.dtors)
                0x100047c8                        . = ALIGN (0x4)
                0x100047c8                        PROVIDE (__preinit_array_start = .)
 *(SORT_BY_NAME(.preinit_array.*))
 .preinit_array.00050
                0x100047c8        0x4 CMakeFiles/helloworld.dir/home/octo/dev/pico-sdk/src/rp2_common/pico_runtime_init/runtime_init.c.o
                0x100047c8                __pre_init_runtime_init_bootrom_reset
 .preinit_array.00100
                0x100047cc        0x4 CMakeFiles/helloworld.dir/home/octo/dev/pico-sdk/src/rp2_common/pico_runtime_init/runtime_init.c.o
                0x100047cc                __pre_init_runtime_init_early_resets
 .preinit_array.00101
                0x100047d0        0x4 CMakeFiles/helloworld.dir/home/octo/dev/pico-sdk/src/rp2_common/pico_runtime_init/runtime_init.c.o
                0x100047d0                __pre_init_runtime_init_usb_power_down
 .preinit_array.00500
                0x100047d4        0x4 CMakeFiles/helloworld.dir/home/octo/dev/pico-sdk/src/rp2_common/pico_runtime_init/runtime_init.c.o
                0x100047d4                __pre_init_runtime_init_clocks
 .preinit_array.00600
                0x100047d8        0x4 CMakeFiles/helloworld.dir/home/octo/dev/pico-sdk/src/rp2_common/pico_runtime_init/runtime_init.c.o
                0x100047d8                __pre_init_runtime_init_post_clock_resets
 .preinit_array.01000
                0x100047dc        0x4 CMakeFiles/helloworld.dir/home/octo/dev/pico-sdk/src/rp2_common/hardware_boot_lock/boot_lock.c.o
                0x100047dc                __pre_init_runtime_init_boot_locks_reset
 .preinit_array.01000
                0x100047e0        0x4 CMakeFiles/helloworld.dir/home/octo/dev/pico-sdk/src/rp2_common/pico_runtime_init/runtime_init.c.o
                0x100047e0                __pre_init_runtime_init_spin_locks_reset
 .preinit_array.01010
                0x100047e4        0x4 CMakeFiles/helloworld.dir/home/octo/dev/pico-sdk/src/rp2_common/pico_bootrom/bootrom_lock.c.o
                0x100047e4                __pre_init_runtime_init_bootrom_locking_enable
 .preinit_array.01100
                0x100047e8        0x4 CMakeFiles/helloworld.dir/home/octo/dev/pico-sdk/src/common/pico_sync/mutex.c.o
                0x100047e8                __pre_init_runtime_init_mutex
 .preinit_array.10080
                0x100047ec        0x4 CMakeFiles/helloworld.dir/home/octo/dev/pico-sdk/src/rp2_common/pico_runtime_init/runtime_init.c.o
                0x100047ec                __pre_init_runtime_init_install_ram_vector_table
 .preinit_array.11000
                0x100047f0        0x4 CMakeFiles/helloworld.dir/home/octo/dev/pico-sdk/src/common/pico_time/time.c.o
                0x100047f0                __pre_init_runtime_init_default_alarm_pool
 .preinit_array.YYYYY
                0x100047f4        0x4 CMakeFiles/helloworld.dir/home/octo/dev/pico-sdk/src/rp2_common/pico_runtime/runtime.c.o
                0x100047f4                __pre_init_first_per_core_initializer
 .preinit_array.ZZZZZ.00051
                0x100047f8        0x4 CMakeFiles/helloworld.dir/home/octo/dev/pico-sdk/src/rp2_common/pico_runtime_init/runtime_init.c.o
                0x100047f8                __pre_init_runtime_init_per_core_bootrom_reset
 .preinit_array.ZZZZZ.00200
                0x100047fc        0x4 CMakeFiles/helloworld.dir/home/octo/dev/pico-sdk/src/rp2_common/pico_runtime_init/runtime_init.c.o
                0x100047fc                __pre_init_runtime_init_per_core_enable_coprocessors
 .preinit_array.ZZZZZ.01000
                0x10004800        0x4 CMakeFiles/helloworld.dir/home/octo/dev/pico-sdk/src/rp2_common/hardware_sync_spin_lock/sync_spin_lock.c.o
                0x10004800                __pre_init_spinlock_set_extexclall
 .preinit_array.ZZZZZ.01200
                0x10004804        0x4 CMakeFiles/helloworld.dir/home/octo/dev/pico-sdk/src/rp2_common/hardware_irq/irq.c.o
                0x10004804                __pre_init_runtime_init_per_core_irq_priorities
 *(.preinit_array)
                0x10004808                        PROVIDE (__preinit_array_end = .)
                0x10004808                        . = ALIGN (0x4)
                0x10004808                        PROVIDE (__init_array_start = .)
 *(SORT_BY_NAME(.init_array.*))
 .init_array.00000
                0x10004808        0x4 /usr/lib/gcc/arm-none-eabi/14.2.0/../../../../arm-none-eabi/lib/thumb/v8-m.main+fp/softfp/libg.a(libc_a-__call_atexit.o)
 *(.init_array)
 .init_array    0x1000480c        0x4 /usr/lib/gcc/arm-none-eabi/14.2.0/thumb/v8-m.main+fp/softfp/crtbegin.o
 .init_array    0x10004810        0x4 CMakeFiles/helloworld.dir/home/octo/dev/pico-sdk/src/rp2_common/pico_unique_id/unique_id.c.o
                0x10004814                        PROVIDE (__init_array_end = .)
                0x10004814                        . = ALIGN (0x4)
                0x10004814                        PROVIDE (__fini_array_start = .)
 *(SORT_BY_NAME(.fini_array.*))
 *(.fini_array)
                0x10004814                        PROVIDE (__fini_array_end = .)
 *(.eh_frame*)
 .eh_frame      0x10004814        0x0 /usr/lib/gcc/arm-none-eabi/14.2.0/thumb/v8-m.main+fp/softfp/crtbegin.o
                0x10004814                        . = ALIGN (0x4)

.glue_7         0x10004814        0x0
 .glue_7        0x10004814        0x0 linker stubs

.glue_7t        0x10004814        0x0
 .glue_7t       0x10004814        0x0 linker stubs

.vfp11_veneer   0x10004814        0x0
 .vfp11_veneer  0x10004814        0x0 linker stubs

.v4_bx          0x10004814        0x0
 .v4_bx         0x10004814        0x0 linker stubs

.iplt           0x10004814        0x0
 .iplt          0x10004814        0x0 /usr/lib/gcc/arm-none-eabi/14.2.0/thumb/v8-m.main+fp/softfp/crtbegin.o

.boot2          0x10004814        0x0
                0x10004814                        __boot2_start__ = .
 *(.boot2)
                0x10004814                        __boot2_end__ = .
                0x00000001                        ASSERT (((__boot2_end__ - __boot2_start__) <= 0x100), ERROR: Pico second stage bootloader must be no more than 256 bytes in size)

.rodata         0x10004814      0x3c0
 *(EXCLUDE_FILE(*libm.a: *libc.a:*lib_a-mem*.o *libgcc.a:) .rodata*)
 .rodata.main.str1.4
                0x10004814      0x194 CMakeFiles/helloworld.dir/src/main.c.o
                                  0xd (size before relaxing)
 .rodata.panic.str1.4
                0x100049a8       0x12 CMakeFiles/helloworld.dir/home/octo/dev/pico-sdk/src/rp2_common/pico_platform_panic/panic.c.o
 .rodata.spin_lock_claim_unused.str1.4
                0x100049a8       0x1b CMakeFiles/helloworld.dir/home/octo/dev/pico-sdk/src/rp2_common/hardware_sync/sync.c.o
 .rodata.user_irq_claim_unused.str1.4
                0x100049a8       0x1b CMakeFiles/helloworld.dir/home/octo/dev/pico-sdk/src/rp2_common/hardware_irq/irq.c.o
 .rodata.timer_hardware_alarm_claim.str1.4
                0x100049a8       0x22 CMakeFiles/helloworld.dir/home/octo/dev/pico-sdk/src/rp2_common/hardware_timer/timer.c.o
 .rodata.hard_assertion_failure.str1.4
                0x100049a8        0xc CMakeFiles/helloworld.dir/home/octo/dev/pico-sdk/src/rp2_common/pico_runtime/runtime.c.o
 .rodata.str1.4
                0x100049a8       0x40 CMakeFiles/helloworld.dir/home/octo/dev/pico-sdk/src/rp2_common/pico_standard_binary_info/standard_binary_info.c.o
 .rodata.__bi_84
                0x100049a8        0xc CMakeFiles/helloworld.dir/home/octo/dev/pico-sdk/src/rp2_common/pico_standard_binary_info/standard_binary_info.c.o
 .rodata.__bi_78
                0x100049b4        0xc CMakeFiles/helloworld.dir/home/octo/dev/pico-sdk/src/rp2_common/pico_standard_binary_info/standard_binary_info.c.o
 .rodata.__bi_54
                0x100049c0        0xc CMakeFiles/helloworld.dir/home/octo/dev/pico-sdk/src/rp2_common/pico_standard_binary_info/standard_binary_info.c.o
 .rodata.__bi_48
                0x100049cc        0xc CMakeFiles/helloworld.dir/home/octo/dev/pico-sdk/src/rp2_common/pico_standard_binary_info/standard_binary_info.c.o
 .rodata.__bi_42
                0x100049d8        0xc CMakeFiles/helloworld.dir/home/octo/dev/pico-sdk/src/rp2_common/pico_standard_binary_info/standard_binary_info.c.o
 .rodata.__bi_34
                0x100049e4        0xc CMakeFiles/helloworld.dir/home/octo/dev/pico-sdk/src/rp2_common/pico_standard_binary_info/standard_binary_info.c.o
 .rodata.__bi_26
                0x100049f0        0xc CMakeFiles/helloworld.dir/home/octo/dev/pico-sdk/src/rp2_common/pico_standard_binary_info/standard_binary_info.c.o
 .rodata.crlf_str.0
                0x100049fc        0x2 CMakeFiles/helloworld.dir/home/octo/dev/pico-sdk/src/rp2_common/pico_stdio/stdio.c.o
 .rodata.str1.4
                0x100049fe       0x2c CMakeFiles/helloworld.dir/home/octo/dev/pico-sdk/src/rp2_common/pico_stdio_uart/stdio_uart.c.o
 *fill*         0x100049fe        0x2 
 .rodata.__bi_45.4
                0x10004a00        0xc CMakeFiles/helloworld.dir/home/octo/dev/pico-sdk/src/rp2_common/pico_stdio_uart/stdio_uart.c.o
 .rodata.__bi_49.5
                0x10004a0c        0x8 CMakeFiles/helloworld.dir/home/octo/dev/pico-sdk/src/rp2_common/pico_stdio_uart/stdio_uart.c.o
 .rodata.__bi_50.6
                0x10004a14        0x8 CMakeFiles/helloworld.dir/home/octo/dev/pico-sdk/src/rp2_common/pico_stdio_uart/stdio_uart.c.o
 .rodata._resetd_driver
                0x10004a1c       0x20 CMakeFiles/helloworld.dir/home/octo/dev/pico-sdk/src/rp2_common/pico_stdio_usb/reset_interface.c.o
 .rodata.desc_ms_os_20
                0x10004a3c       0xa6 CMakeFiles/helloworld.dir/home/octo/dev/pico-sdk/src/rp2_common/pico_stdio_usb/reset_interface.c.o
 *fill*         0x10004ae2        0x2 
 .rodata.desc_bos
                0x10004ae4       0x21 CMakeFiles/helloworld.dir/home/octo/dev/pico-sdk/src/rp2_common/pico_stdio_usb/reset_interface.c.o
                0x10004ae4                desc_bos
 .rodata.str1.4
                0x10004b05       0x13 CMakeFiles/helloworld.dir/home/octo/dev/pico-sdk/src/rp2_common/pico_stdio_usb/stdio_usb.c.o
 *fill*         0x10004b05        0x3 
 .rodata.__bi_197.0
                0x10004b08        0xc CMakeFiles/helloworld.dir/home/octo/dev/pico-sdk/src/rp2_common/pico_stdio_usb/stdio_usb.c.o
 .rodata.str1.4
                0x10004b14       0x2a CMakeFiles/helloworld.dir/home/octo/dev/pico-sdk/src/rp2_common/pico_stdio_usb/stdio_usb_descriptors.c.o
 .rodata.usbd_desc_str
                0x10004b14       0x18 CMakeFiles/helloworld.dir/home/octo/dev/pico-sdk/src/rp2_common/pico_stdio_usb/stdio_usb_descriptors.c.o
 .rodata.usbd_desc_cfg
                0x10004b2c       0x54 CMakeFiles/helloworld.dir/home/octo/dev/pico-sdk/src/rp2_common/pico_stdio_usb/stdio_usb_descriptors.c.o
 .rodata.usbd_desc_device
                0x10004b80       0x12 CMakeFiles/helloworld.dir/home/octo/dev/pico-sdk/src/rp2_common/pico_stdio_usb/stdio_usb_descriptors.c.o
 .rodata.str1.4
                0x10004b92       0x14 CMakeFiles/helloworld.dir/home/octo/dev/pico-sdk/lib/tinyusb/src/portable/raspberrypi/rp2040/dcd_rp2040.c.o
 .rodata.str1.4
                0x10004b92       0x48 CMakeFiles/helloworld.dir/home/octo/dev/pico-sdk/lib/tinyusb/src/portable/raspberrypi/rp2040/rp2040_usb.c.o
 *fill*         0x10004b92        0x2 
 .rodata._usbd_driver
                0x10004b94       0x40 CMakeFiles/helloworld.dir/home/octo/dev/pico-sdk/lib/tinyusb/src/device/usbd.c.o
 *(.srodata*)
                0x10004bd4                        . = ALIGN (0x4)
 *(SORT_BY_ALIGNMENT(SORT_BY_NAME(.flashdata*)))
                0x10004bd4                        . = ALIGN (0x4)

.ARM.extab
 *(.ARM.extab* .gnu.linkonce.armextab.*)
                0x10004bd4                        __exidx_start = .

.ARM.exidx      0x10004bd4        0x8
 *(.ARM.exidx* .gnu.linkonce.armexidx.*)
 .ARM.exidx     0x10004bd4        0x8 /usr/lib/gcc/arm-none-eabi/14.2.0/../../../../arm-none-eabi/lib/thumb/v8-m.main+fp/softfp/libg.a(libc_a-memcpy.o)
                0x10004bdc                        __exidx_end = .
                0x10004bdc                        . = ALIGN (0x4)
                0x10004bdc                        __binary_info_start = .

.binary_info    0x10004bdc       0x2c
 *(.binary_info.keep.*)
 .binary_info.keep.__bi_ptr84
                0x10004bdc        0x4 CMakeFiles/helloworld.dir/home/octo/dev/pico-sdk/src/rp2_common/pico_standard_binary_info/standard_binary_info.c.o
 .binary_info.keep.__bi_ptr78
                0x10004be0        0x4 CMakeFiles/helloworld.dir/home/octo/dev/pico-sdk/src/rp2_common/pico_standard_binary_info/standard_binary_info.c.o
 .binary_info.keep.__bi_ptr54
                0x10004be4        0x4 CMakeFiles/helloworld.dir/home/octo/dev/pico-sdk/src/rp2_common/pico_standard_binary_info/standard_binary_info.c.o
 .binary_info.keep.__bi_ptr48
                0x10004be8        0x4 CMakeFiles/helloworld.dir/home/octo/dev/pico-sdk/src/rp2_common/pico_standard_binary_info/standard_binary_info.c.o
 .binary_info.keep.__bi_ptr42
                0x10004bec        0x4 CMakeFiles/helloworld.dir/home/octo/dev/pico-sdk/src/rp2_common/pico_standard_binary_info/standard_binary_info.c.o
 .binary_info.keep.__bi_ptr34
                0x10004bf0        0x4 CMakeFiles/helloworld.dir/home/octo/dev/pico-sdk/src/rp2_common/pico_standard_binary_info/standard_binary_info.c.o
 .binary_info.keep.__bi_ptr26
                0x10004bf4        0x4 CMakeFiles/helloworld.dir/home/octo/dev/pico-sdk/src/rp2_common/pico_standard_binary_info/standard_binary_info.c.o
 *(.binary_info.*)
 .binary_info.__bi_ptr50
                0x10004bf8        0x4 CMakeFiles/helloworld.dir/home/octo/dev/pico-sdk/src/rp2_common/pico_stdio_uart/stdio_uart.c.o
 .binary_info.__bi_ptr49
                0x10004bfc        0x4 CMakeFiles/helloworld.dir/home/octo/dev/pico-sdk/src/rp2_common/pico_stdio_uart/stdio_uart.c.o
 .binary_info.__bi_ptr45
                0x10004c00        0x4 CMakeFiles/helloworld.dir/home/octo/dev/pico-sdk/src/rp2_common/pico_stdio_uart/stdio_uart.c.o
 .binary_info.__bi_ptr197
                0x10004c04        0x4 CMakeFiles/helloworld.dir/home/octo/dev/pico-sdk/src/rp2_common/pico_stdio_usb/stdio_usb.c.o
                0x10004c08                        __binary_info_end = .
                0x10004c08                        . = ALIGN (0x4)

.ram_vector_table
                0x20000000      0x110
 *(.ram_vector_table)
 .ram_vector_table
                0x20000000      0x110 CMakeFiles/helloworld.dir/home/octo/dev/pico-sdk/src/rp2_common/pico_runtime_init/runtime_init.c.o
                0x20000000                ram_vector_table

.uninitialized_data
                0x20000110        0x0
                0x20000110                        . = ALIGN (0x4)
 *(.uninitialized_data*)

.data           0x20000110      0xde8 load address 0x10004c08
                0x20000110                        __data_start__ = .
 *(vtable)
 *(.time_critical*)
 .time_critical.mutex_try_enter
                0x20000110       0x50 CMakeFiles/helloworld.dir/home/octo/dev/pico-sdk/src/common/pico_sync/mutex.c.o
                0x20000110                mutex_try_enter
 .time_critical.mutex_enter_block_until
                0x20000160       0x6c CMakeFiles/helloworld.dir/home/octo/dev/pico-sdk/src/common/pico_sync/mutex.c.o
                0x20000160                mutex_enter_block_until
 .time_critical.mutex_try_enter_block_until
                0x200001cc       0x68 CMakeFiles/helloworld.dir/home/octo/dev/pico-sdk/src/common/pico_sync/mutex.c.o
                0x200001cc                mutex_try_enter_block_until
 .time_critical.mutex_enter_timeout_ms
                0x20000234       0x38 CMakeFiles/helloworld.dir/home/octo/dev/pico-sdk/src/common/pico_sync/mutex.c.o
                0x20000234                mutex_enter_timeout_ms
 .time_critical.mutex_exit
                0x2000026c       0x3c CMakeFiles/helloworld.dir/home/octo/dev/pico-sdk/src/common/pico_sync/mutex.c.o
                0x2000026c                mutex_exit
 .time_critical.reset_non_control_endpoints
                0x200002a8       0x64 CMakeFiles/helloworld.dir/home/octo/dev/pico-sdk/lib/tinyusb/src/portable/raspberrypi/rp2040/dcd_rp2040.c.o
 .time_critical.hw_handle_buff_status
                0x2000030c       0x94 CMakeFiles/helloworld.dir/home/octo/dev/pico-sdk/lib/tinyusb/src/portable/raspberrypi/rp2040/dcd_rp2040.c.o
 .time_critical.dcd_rp2040_irq
                0x200003a0      0x560 CMakeFiles/helloworld.dir/home/octo/dev/pico-sdk/lib/tinyusb/src/portable/raspberrypi/rp2040/dcd_rp2040.c.o
 .time_critical.prepare_ep_buffer
                0x20000900       0xc0 CMakeFiles/helloworld.dir/home/octo/dev/pico-sdk/lib/tinyusb/src/portable/raspberrypi/rp2040/rp2040_usb.c.o
 .time_critical.sync_ep_buffer
                0x200009c0       0xb4 CMakeFiles/helloworld.dir/home/octo/dev/pico-sdk/lib/tinyusb/src/portable/raspberrypi/rp2040/rp2040_usb.c.o
 .time_critical._hw_endpoint_xfer_sync
                0x20000a74       0x2c CMakeFiles/helloworld.dir/home/octo/dev/pico-sdk/lib/tinyusb/src/portable/raspberrypi/rp2040/rp2040_usb.c.o
 .time_critical.e15_is_bulkin_ep
                0x20000aa0       0x28 CMakeFiles/helloworld.dir/home/octo/dev/pico-sdk/lib/tinyusb/src/portable/raspberrypi/rp2040/rp2040_usb.c.o
 .time_critical.e15_is_critical_frame_period
                0x20000ac8       0x28 CMakeFiles/helloworld.dir/home/octo/dev/pico-sdk/lib/tinyusb/src/portable/raspberrypi/rp2040/rp2040_usb.c.o
 .time_critical.hw_endpoint_reset_transfer
                0x20000af0        0xc CMakeFiles/helloworld.dir/home/octo/dev/pico-sdk/lib/tinyusb/src/portable/raspberrypi/rp2040/rp2040_usb.c.o
                0x20000af0                hw_endpoint_reset_transfer
 .time_critical._hw_endpoint_buffer_control_update32
                0x20000afc       0x44 CMakeFiles/helloworld.dir/home/octo/dev/pico-sdk/lib/tinyusb/src/portable/raspberrypi/rp2040/rp2040_usb.c.o
                0x20000afc                _hw_endpoint_buffer_control_update32
 .time_critical.hw_endpoint_start_next_buffer
                0x20000b40       0x64 CMakeFiles/helloworld.dir/home/octo/dev/pico-sdk/lib/tinyusb/src/portable/raspberrypi/rp2040/rp2040_usb.c.o
                0x20000b40                hw_endpoint_start_next_buffer
 .time_critical.hw_endpoint_xfer_continue
                0x20000ba4       0x3c CMakeFiles/helloworld.dir/home/octo/dev/pico-sdk/lib/tinyusb/src/portable/raspberrypi/rp2040/rp2040_usb.c.o
                0x20000ba4                hw_endpoint_xfer_continue
 .time_critical.tinyusb
                0x20000be0      0x224 CMakeFiles/helloworld.dir/home/octo/dev/pico-sdk/lib/tinyusb/src/device/usbd.c.o
                0x20000be0                dcd_event_handler
 *fill*         0x20000e04        0x4 
 .time_critical.tinyusb.__stub
                0x20000e08       0x30 linker stubs
 *(.text*)
                0x20000e38                        . = ALIGN (0x4)
 *(.rodata*)
                0x20000e38                        . = ALIGN (0x4)
 *(.data*)
 .data.striped_spin_lock_num
                0x20000e38        0x1 CMakeFiles/helloworld.dir/home/octo/dev/pico-sdk/src/rp2_common/hardware_sync/sync.c.o
 *fill*         0x20000e39        0x3 
 .data          0x20000e3c       0x48 CMakeFiles/helloworld.dir/home/octo/dev/pico-sdk/src/rp2_common/hardware_irq/irq_handler_chain.S.o
                0x20000e3c                irq_handler_chain_slots
                0x20000e6c                irq_handler_chain_first_slot
                0x20000e76                irq_handler_chain_remove_tail
 .data.default_alarm_pool
                0x20000e84       0x18 CMakeFiles/helloworld.dir/home/octo/dev/pico-sdk/src/common/pico_time/time.c.o
 .data.stdio_uart
                0x20000e9c       0x18 CMakeFiles/helloworld.dir/home/octo/dev/pico-sdk/src/rp2_common/pico_stdio_uart/stdio_uart.c.o
                0x20000e9c                stdio_uart
 .data.stdio_usb
                0x20000eb4       0x18 CMakeFiles/helloworld.dir/home/octo/dev/pico-sdk/src/rp2_common/pico_stdio_usb/stdio_usb.c.o
                0x20000eb4                stdio_usb
 .data._usbd_qdef
                0x20000ecc       0x1c CMakeFiles/helloworld.dir/home/octo/dev/pico-sdk/lib/tinyusb/src/device/usbd.c.o
                0x20000ecc                _usbd_qdef
 .data._usbd_rhport
                0x20000ee8        0x1 CMakeFiles/helloworld.dir/home/octo/dev/pico-sdk/lib/tinyusb/src/device/usbd.c.o
 *fill*         0x20000ee9        0x3 
 .data.__atexit_recursive_mutex
                0x20000eec        0x4 /usr/lib/gcc/arm-none-eabi/14.2.0/../../../../arm-none-eabi/lib/thumb/v8-m.main+fp/softfp/libg.a(libc_a-__call_atexit.o)
                0x20000eec                __atexit_recursive_mutex
 *(.sdata*)
                0x20000ef0                        . = ALIGN (0x4)
 *(.after_data.*)
                0x20000ef0                        . = ALIGN (0x4)
                0x20000ef0                        PROVIDE (__mutex_array_start = .)
 *(SORT_BY_NAME(.mutex_array.*))
 *(.mutex_array)
 .mutex_array   0x20000ef0        0x8 CMakeFiles/helloworld.dir/home/octo/dev/pico-sdk/src/rp2_common/pico_stdio/stdio.c.o
                0x20000ef8                        PROVIDE (__mutex_array_end = .)
 *(.jcr)
                0x20000ef8                        . = ALIGN (0x4)

.igot.plt       0x20000ef8        0x0 load address 0x100059f0
 .igot.plt      0x20000ef8        0x0 /usr/lib/gcc/arm-none-eabi/14.2.0/thumb/v8-m.main+fp/softfp/crtbegin.o

.tdata          0x20000ef8        0x0 load address 0x100059f0
                0x20000ef8                        . = ALIGN (0x4)
 *(.tdata .tdata.* .gnu.linkonce.td.*)
                0x20000ef8                        __tdata_end = .
                0x20000ef8                        PROVIDE (__data_end__ = .)
                0x10004c08                        __etext = LOADADDR (.data)

.tbss           0x20000ef8        0x0 load address 0x100059f0
                0x20000ef8                        . = ALIGN (0x4)
                0x20000ef8                        __bss_start__ = .
                0x20000ef8                        __tls_base = .
 *(.tbss .tbss.* .gnu.linkonce.tb.*)
 *(.tcommon)
                0x20000ef8                        __tls_end = .

.bss            0x20000ef8      0xf4c load address 0x100059f0
                0x20000ef8                        . = ALIGN (0x4)
                0x20000ef8                        __tbss_end = .
 *(SORT_BY_ALIGNMENT(SORT_BY_NAME(.bss*)))
 .bss.default_alarm_pool_entries
                0x20000ef8      0x180 CMakeFiles/helloworld.dir/home/octo/dev/pico-sdk/src/common/pico_time/time.c.o
 .bss.last_avail_time.1
                0x20001078        0x8 CMakeFiles/helloworld.dir/home/octo/dev/pico-sdk/src/rp2_common/pico_stdio_usb/stdio_usb.c.o
 .bss.__atexit  0x20001080        0x4 /usr/lib/gcc/arm-none-eabi/14.2.0/../../../../arm-none-eabi/lib/thumb/v8-m.main+fp/softfp/libg.a(libc_a-__call_atexit.o)
                0x20001080                __atexit
 .bss.__atexit0
                0x20001084      0x190 /usr/lib/gcc/arm-none-eabi/14.2.0/../../../../arm-none-eabi/lib/thumb/v8-m.main+fp/softfp/libg.a(libc_a-__atexit.o)
                0x20001084                __atexit0
 .bss.__lock___atexit_recursive_mutex
                0x20001214        0x1 /usr/lib/gcc/arm-none-eabi/14.2.0/../../../../arm-none-eabi/lib/thumb/v8-m.main+fp/softfp/libg.a(libc_a-lock.o)
                0x20001214                __lock___atexit_recursive_mutex
 *fill*         0x20001215        0x3 
 .bss._app_driver
                0x20001218        0x4 CMakeFiles/helloworld.dir/home/octo/dev/pico-sdk/lib/tinyusb/src/device/usbd.c.o
 .bss._cdcd_fifo_cfg
                0x2000121c        0x1 CMakeFiles/helloworld.dir/home/octo/dev/pico-sdk/lib/tinyusb/src/class/cdc/cdc_device.c.o
 *fill*         0x2000121d        0x3 
 .bss._cdcd_itf
                0x20001220      0x2c8 CMakeFiles/helloworld.dir/home/octo/dev/pico-sdk/lib/tinyusb/src/class/cdc/cdc_device.c.o
 .bss._ctrl_xfer
                0x200014e8       0x14 CMakeFiles/helloworld.dir/home/octo/dev/pico-sdk/lib/tinyusb/src/device/usbd_control.c.o
 .bss._sw_spin_locks
                0x200014fc       0x20 CMakeFiles/helloworld.dir/home/octo/dev/pico-sdk/src/rp2_common/hardware_sync_spin_lock/sync_spin_lock.c.o
                0x200014fc                _sw_spin_locks
 .bss._ubsd_mutexdef
                0x2000151c        0x8 CMakeFiles/helloworld.dir/home/octo/dev/pico-sdk/lib/tinyusb/src/device/usbd.c.o
 .bss._usbd_ctrl_buf
                0x20001524       0x40 CMakeFiles/helloworld.dir/home/octo/dev/pico-sdk/lib/tinyusb/src/device/usbd_control.c.o
 .bss._usbd_dev
                0x20001564       0x54 CMakeFiles/helloworld.dir/home/octo/dev/pico-sdk/lib/tinyusb/src/device/usbd.c.o
 .bss._usbd_mutex
                0x200015b8        0x4 CMakeFiles/helloworld.dir/home/octo/dev/pico-sdk/lib/tinyusb/src/device/usbd.c.o
 .bss._usbd_q   0x200015bc        0x4 CMakeFiles/helloworld.dir/home/octo/dev/pico-sdk/lib/tinyusb/src/device/usbd.c.o
 .bss._usbd_qdef_buf
                0x200015c0       0xc0 CMakeFiles/helloworld.dir/home/octo/dev/pico-sdk/lib/tinyusb/src/device/usbd.c.o
                0x200015c0                _usbd_qdef_buf
 .bss._vendord_itf
                0x20001680      0x2cc CMakeFiles/helloworld.dir/home/octo/dev/pico-sdk/lib/tinyusb/src/class/vendor/vendor_device.c.o
 .bss.chars_available_callback
                0x2000194c        0x4 CMakeFiles/helloworld.dir/home/octo/dev/pico-sdk/src/rp2_common/pico_stdio_uart/stdio_uart.c.o
 .bss.chars_available_callback
                0x20001950        0x4 CMakeFiles/helloworld.dir/home/octo/dev/pico-sdk/src/rp2_common/pico_stdio_usb/stdio_usb.c.o
 .bss.chars_available_param
                0x20001954        0x4 CMakeFiles/helloworld.dir/home/octo/dev/pico-sdk/src/rp2_common/pico_stdio_uart/stdio_uart.c.o
 .bss.chars_available_param
                0x20001958        0x4 CMakeFiles/helloworld.dir/home/octo/dev/pico-sdk/src/rp2_common/pico_stdio_usb/stdio_usb.c.o
 .bss.claimed   0x2000195c        0x4 CMakeFiles/helloworld.dir/home/octo/dev/pico-sdk/src/rp2_common/hardware_sync/sync.c.o
 .bss.claimed   0x20001960        0x2 CMakeFiles/helloworld.dir/home/octo/dev/pico-sdk/src/rp2_common/hardware_timer/timer.c.o
 *fill*         0x20001962        0x2 
 .bss.configured_freq
                0x20001964       0x28 CMakeFiles/helloworld.dir/home/octo/dev/pico-sdk/src/rp2_common/hardware_clocks/clocks.c.o
 .bss.desc_str.0
                0x2000198c       0x28 CMakeFiles/helloworld.dir/home/octo/dev/pico-sdk/src/rp2_common/pico_stdio_usb/stdio_usb_descriptors.c.o
 .bss.drivers   0x200019b4        0x4 CMakeFiles/helloworld.dir/home/octo/dev/pico-sdk/src/rp2_common/pico_stdio/stdio.c.o
 .bss.e15_last_sof
                0x200019b8        0x4 CMakeFiles/helloworld.dir/home/octo/dev/pico-sdk/lib/tinyusb/src/portable/raspberrypi/rp2040/rp2040_usb.c.o
                0x200019b8                e15_last_sof
 .bss.filter    0x200019bc        0x4 CMakeFiles/helloworld.dir/home/octo/dev/pico-sdk/src/rp2_common/pico_stdio/stdio.c.o
 .bss.hw_endpoints
                0x200019c0      0x400 CMakeFiles/helloworld.dir/home/octo/dev/pico-sdk/lib/tinyusb/src/portable/raspberrypi/rp2040/dcd_rp2040.c.o
 .bss.lazy_vsnprintf
                0x20001dc0        0x4 CMakeFiles/helloworld.dir/home/octo/dev/pico-sdk/src/rp2_common/pico_printf/printf.c.o
 .bss.load_value
                0x20001dc4        0x4 CMakeFiles/helloworld.dir/home/octo/dev/pico-sdk/src/rp2_common/hardware_watchdog/watchdog.c.o
 .bss.next_buffer_ptr
                0x20001dc8        0x4 CMakeFiles/helloworld.dir/home/octo/dev/pico-sdk/lib/tinyusb/src/portable/raspberrypi/rp2040/dcd_rp2040.c.o
 .bss.object.0  0x20001dcc       0x18 /usr/lib/gcc/arm-none-eabi/14.2.0/thumb/v8-m.main+fp/softfp/crtbegin.o
 .bss.one_shot_timer_crit_sec
                0x20001de4        0x8 CMakeFiles/helloworld.dir/home/octo/dev/pico-sdk/src/rp2_common/pico_stdio_usb/stdio_usb.c.o
 .bss.pools     0x20001dec       0x20 CMakeFiles/helloworld.dir/home/octo/dev/pico-sdk/src/common/pico_time/time.c.o
 .bss.retrieved_id
                0x20001e0c        0x8 CMakeFiles/helloworld.dir/home/octo/dev/pico-sdk/src/rp2_common/pico_unique_id/unique_id.c.o
 .bss.sleep_notifier
                0x20001e14        0x4 CMakeFiles/helloworld.dir/home/octo/dev/pico-sdk/src/common/pico_time/time.c.o
 .bss.stdio_usb_mutex
                0x20001e18        0x8 CMakeFiles/helloworld.dir/home/octo/dev/pico-sdk/src/rp2_common/pico_stdio_usb/stdio_usb.c.o
 .bss.uart_char_to_line_feed
                0x20001e20        0x4 CMakeFiles/helloworld.dir/home/octo/dev/pico-sdk/src/rp2_common/hardware_uart/uart.c.o
                0x20001e20                uart_char_to_line_feed
 .bss.uart_instance
                0x20001e24        0x4 CMakeFiles/helloworld.dir/home/octo/dev/pico-sdk/src/rp2_common/pico_stdio_uart/stdio_uart.c.o
 .bss.usbd_serial_str
                0x20001e28       0x11 CMakeFiles/helloworld.dir/home/octo/dev/pico-sdk/src/rp2_common/pico_stdio_usb/stdio_usb_descriptors.c.o
 .bss._app_driver_count
                0x20001e39        0x1 CMakeFiles/helloworld.dir/home/octo/dev/pico-sdk/lib/tinyusb/src/device/usbd.c.o
 .bss._sof_enable
                0x20001e3a        0x1 CMakeFiles/helloworld.dir/home/octo/dev/pico-sdk/lib/tinyusb/src/portable/raspberrypi/rp2040/dcd_rp2040.c.o
 .bss._usbd_queued_setup
                0x20001e3b        0x1 CMakeFiles/helloworld.dir/home/octo/dev/pico-sdk/lib/tinyusb/src/device/usbd.c.o
 .bss.irq_handler_chain_free_slot_head
                0x20001e3c        0x1 CMakeFiles/helloworld.dir/home/octo/dev/pico-sdk/src/rp2_common/hardware_irq/irq.c.o
 .bss.itf_num   0x20001e3d        0x1 CMakeFiles/helloworld.dir/home/octo/dev/pico-sdk/src/rp2_common/pico_stdio_usb/reset_interface.c.o
 .bss.low_priority_irq_num
                0x20001e3e        0x1 CMakeFiles/helloworld.dir/home/octo/dev/pico-sdk/src/rp2_common/pico_stdio_usb/stdio_usb.c.o
 .bss.one_shot_timer_pending
                0x20001e3f        0x1 CMakeFiles/helloworld.dir/home/octo/dev/pico-sdk/src/rp2_common/pico_stdio_usb/stdio_usb.c.o
 .bss.user_irq_claimed
                0x20001e40        0x1 CMakeFiles/helloworld.dir/home/octo/dev/pico-sdk/src/rp2_common/hardware_irq/irq.c.o
 *(COMMON)
                [!provide]                        PROVIDE (__global_pointer$ = (. + 0x800))
 *(.sbss*)
                0x20001e44                        . = ALIGN (0x4)
 *fill*         0x20001e41        0x3 
                0x20001e44                        __bss_end__ = .

.heap           0x20001e44      0x800 load address 0x100059f0
                0x20001e44                        __end__ = .
                0x20001e44                        end = __end__
 *(.heap*)
 .heap          0x20001e44      0x800 CMakeFiles/helloworld.dir/home/octo/dev/pico-sdk/src/rp2_common/pico_crt0/crt0.S.o
                0x20080000                        __HeapLimit = (ORIGIN (RAM) + LENGTH (RAM))

.scratch_x      0x20080000        0x0 load address 0x100059f0
                0x20080000                        __scratch_x_start__ = .
 *(.scratch_x.*)
                0x20080000                        . = ALIGN (0x4)
                0x20080000                        __scratch_x_end__ = .
                0x100059f0                        __scratch_x_source__ = LOADADDR (.scratch_x)

.scratch_y      0x20081000        0x0 load address 0x100059f0
                0x20081000                        __scratch_y_start__ = .
 *(.scratch_y.*)
                0x20081000                        . = ALIGN (0x4)
                0x20081000                        __scratch_y_end__ = .
                0x100059f0                        __scratch_y_source__ = LOADADDR (.scratch_y)

.stack1_dummy
 *(.stack1*)

.stack_dummy    0x20081000      0x800
 *(.stack*)
 .stack         0x20081000      0x800 CMakeFiles/helloworld.dir/home/octo/dev/pico-sdk/src/rp2_common/pico_crt0/crt0.S.o

.flash_end      0x100059f0       0x14
 *(.embedded_end_block*)
 .embedded_end_block
                0x100059f0       0x14 CMakeFiles/helloworld.dir/home/octo/dev/pico-sdk/src/rp2_common/pico_crt0/crt0.S.o
                0x10005a04                        PROVIDE (__flash_binary_end = .)
                0x20080000                        __StackLimit = (ORIGIN (RAM) + LENGTH (RAM))
                0x20081000                        __StackOneTop = (ORIGIN (SCRATCH_X) + LENGTH (SCRATCH_X))
                0x20082000                        __StackTop = (ORIGIN (SCRATCH_Y) + LENGTH (SCRATCH_Y))
                0x20081000                        __StackOneBottom = (__StackOneTop - SIZEOF (.stack1_dummy))
                0x20081800                        __StackBottom = (__StackTop - SIZEOF (.stack_dummy))
                0x20082000                        PROVIDE (__stack = __StackTop)
                [!provide]                        PROVIDE (__heap_start = __end__)
                [!provide]                        PROVIDE (__heap_end = __HeapLimit)
                [!provide]                        PROVIDE (__tls_align = MAX (ALIGNOF (.tdata), ALIGNOF (.tbss)))
                [!provide]                        PROVIDE (__tls_size_align = (((__tls_size + __tls_align) - 0x1) & ~ ((__tls_align - 0x1))))
                [!provide]                        PROVIDE (__arm32_tls_tcb_offset = MAX (0x8, __tls_align))
                [!provide]                        PROVIDE (_end = __end__)
                [!provide]                        PROVIDE (__llvm_libc_heap_limit = __HeapLimit)
                0x00000001                        ASSERT ((__StackLimit >= __HeapLimit), region RAM overflowed)
                0x00000001                        ASSERT (((__binary_info_header_end - __logical_binary_start) <= 0x400), Binary info must be in first 1024 bytes of the binary)
                0x00000001                        ASSERT (((__embedded_block_end - __logical_binary_start) <= 0x1000), Embedded block must be in first 4096 bytes of the binary)
LOAD CMakeFiles/helloworld.dir/src/main.c.o
LOAD CMakeFiles/helloworld.dir/home/octo/dev/pico-sdk/src/rp2_common/pico_stdlib/stdlib.c.o
LOAD CMakeFiles/helloworld.dir/home/octo/dev/pico-sdk/src/rp2_common/hardware_gpio/gpio.c.o
LOAD CMakeFiles/helloworld.dir/home/octo/dev/pico-sdk/src/rp2350/pico_platform/platform.c.o
LOAD CMakeFiles/helloworld.dir/home/octo/dev/pico-sdk/src/rp2_common/pico_platform_panic/panic.c.o
LOAD CMakeFiles/helloworld.dir/home/octo/dev/pico-sdk/src/common/hardware_claim/claim.c.o
LOAD CMakeFiles/helloworld.dir/home/octo/dev/pico-sdk/src/rp2_common/hardware_sync/sync.c.o
LOAD CMakeFiles/helloworld.dir/home/octo/dev/pico-sdk/src/rp2_common/hardware_sync_spin_lock/sync_spin_lock.c.o
LOAD CMakeFiles/helloworld.dir/home/octo/dev/pico-sdk/src/rp2_common/hardware_irq/irq.c.o
LOAD CMakeFiles/helloworld.dir/home/octo/dev/pico-sdk/src/rp2_common/hardware_irq/irq_handler_chain.S.o
LOAD CMakeFiles/helloworld.dir/home/octo/dev/pico-sdk/src/common/pico_sync/sem.c.o
LOAD CMakeFiles/helloworld.dir/home/octo/dev/pico-sdk/src/common/pico_sync/lock_core.c.o
LOAD CMakeFiles/helloworld.dir/home/octo/dev/pico-sdk/src/common/pico_sync/mutex.c.o
LOAD CMakeFiles/helloworld.dir/home/octo/dev/pico-sdk/src/common/pico_sync/critical_section.c.o
LOAD CMakeFiles/helloworld.dir/home/octo/dev/pico-sdk/src/common/pico_time/time.c.o
LOAD CMakeFiles/helloworld.dir/home/octo/dev/pico-sdk/src/common/pico_time/timeout_helper.c.o
LOAD CMakeFiles/helloworld.dir/home/octo/dev/pico-sdk/src/rp2_common/hardware_timer/timer.c.o
LOAD CMakeFiles/helloworld.dir/home/octo/dev/pico-sdk/src/common/pico_util/datetime.c.o
LOAD CMakeFiles/helloworld.dir/home/octo/dev/pico-sdk/src/common/pico_util/pheap.c.o
LOAD CMakeFiles/helloworld.dir/home/octo/dev/pico-sdk/src/common/pico_util/queue.c.o
LOAD CMakeFiles/helloworld.dir/home/octo/dev/pico-sdk/src/rp2_common/hardware_uart/uart.c.o
LOAD CMakeFiles/helloworld.dir/home/octo/dev/pico-sdk/src/rp2_common/hardware_clocks/clocks.c.o
LOAD CMakeFiles/helloworld.dir/home/octo/dev/pico-sdk/src/rp2_common/hardware_pll/pll.c.o
LOAD CMakeFiles/helloworld.dir/home/octo/dev/pico-sdk/src/rp2_common/hardware_vreg/vreg.c.o
LOAD CMakeFiles/helloworld.dir/home/octo/dev/pico-sdk/src/rp2_common/hardware_watchdog/watchdog.c.o
LOAD CMakeFiles/helloworld.dir/home/octo/dev/pico-sdk/src/rp2_common/hardware_ticks/ticks.c.o
LOAD CMakeFiles/helloworld.dir/home/octo/dev/pico-sdk/src/rp2_common/pico_bootrom/bootrom.c.o
LOAD CMakeFiles/helloworld.dir/home/octo/dev/pico-sdk/src/rp2_common/pico_bootrom/bootrom_lock.c.o
LOAD CMakeFiles/helloworld.dir/home/octo/dev/pico-sdk/src/rp2_common/hardware_boot_lock/boot_lock.c.o
LOAD CMakeFiles/helloworld.dir/home/octo/dev/pico-sdk/src/rp2_common/pico_flash/flash.c.o
LOAD CMakeFiles/helloworld.dir/home/octo/dev/pico-sdk/src/rp2_common/hardware_xosc/xosc.c.o
LOAD CMakeFiles/helloworld.dir/home/octo/dev/pico-sdk/src/rp2_common/hardware_divider/divider.c.o
LOAD CMakeFiles/helloworld.dir/home/octo/dev/pico-sdk/src/rp2_common/pico_runtime/runtime.c.o
LOAD CMakeFiles/helloworld.dir/home/octo/dev/pico-sdk/src/rp2_common/pico_runtime_init/runtime_init.c.o
LOAD CMakeFiles/helloworld.dir/home/octo/dev/pico-sdk/src/rp2_common/pico_runtime_init/runtime_init_clocks.c.o
LOAD CMakeFiles/helloworld.dir/home/octo/dev/pico-sdk/src/rp2_common/pico_runtime_init/runtime_init_stack_guard.c.o
LOAD CMakeFiles/helloworld.dir/home/octo/dev/pico-sdk/src/rp2_common/pico_bit_ops/bit_ops_aeabi.S.o
LOAD CMakeFiles/helloworld.dir/home/octo/dev/pico-sdk/src/rp2_common/pico_divider/divider_compiler.c.o
LOAD CMakeFiles/helloworld.dir/home/octo/dev/pico-sdk/src/rp2_common/pico_double/double_math.c.o
LOAD CMakeFiles/helloworld.dir/home/octo/dev/pico-sdk/src/rp2_common/pico_double/double_aeabi_dcp.S.o
LOAD CMakeFiles/helloworld.dir/home/octo/dev/pico-sdk/src/rp2_common/pico_double/double_fma_dcp.S.o
LOAD CMakeFiles/helloworld.dir/home/octo/dev/pico-sdk/src/rp2_common/pico_double/double_sci_m33.S.o
LOAD CMakeFiles/helloworld.dir/home/octo/dev/pico-sdk/src/rp2_common/pico_double/double_conv_m33.S.o
LOAD CMakeFiles/helloworld.dir/home/octo/dev/pico-sdk/src/rp2_common/pico_float/float_math.c.o
LOAD CMakeFiles/helloworld.dir/home/octo/dev/pico-sdk/src/rp2_common/pico_float/float_sci_m33_vfp.S.o
LOAD CMakeFiles/helloworld.dir/home/octo/dev/pico-sdk/src/rp2_common/pico_float/float_conv_m33.S.o
LOAD CMakeFiles/helloworld.dir/home/octo/dev/pico-sdk/src/rp2_common/pico_malloc/malloc.c.o
LOAD CMakeFiles/helloworld.dir/home/octo/dev/pico-sdk/src/rp2_common/pico_atomic/atomic.c.o
LOAD CMakeFiles/helloworld.dir/home/octo/dev/pico-sdk/src/rp2_common/pico_cxx_options/new_delete.cpp.o
LOAD CMakeFiles/helloworld.dir/home/octo/dev/pico-sdk/src/rp2_common/pico_standard_binary_info/standard_binary_info.c.o
LOAD CMakeFiles/helloworld.dir/home/octo/dev/pico-sdk/src/rp2_common/pico_printf/printf.c.o
LOAD CMakeFiles/helloworld.dir/home/octo/dev/pico-sdk/src/rp2_common/pico_crt0/crt0.S.o
LOAD CMakeFiles/helloworld.dir/home/octo/dev/pico-sdk/src/rp2_common/pico_clib_interface/newlib_interface.c.o
LOAD CMakeFiles/helloworld.dir/home/octo/dev/pico-sdk/src/rp2_common/pico_stdio/stdio.c.o
LOAD CMakeFiles/helloworld.dir/home/octo/dev/pico-sdk/src/rp2_common/pico_stdio_uart/stdio_uart.c.o
LOAD CMakeFiles/helloworld.dir/home/octo/dev/pico-sdk/src/rp2_common/pico_stdio_usb/reset_interface.c.o
LOAD CMakeFiles/helloworld.dir/home/octo/dev/pico-sdk/src/rp2_common/pico_stdio_usb/stdio_usb.c.o
LOAD CMakeFiles/helloworld.dir/home/octo/dev/pico-sdk/src/rp2_common/pico_stdio_usb/stdio_usb_descriptors.c.o
LOAD CMakeFiles/helloworld.dir/home/octo/dev/pico-sdk/src/rp2_common/pico_unique_id/unique_id.c.o
LOAD CMakeFiles/helloworld.dir/home/octo/dev/pico-sdk/src/rp2_common/hardware_flash/flash.c.o
LOAD CMakeFiles/helloworld.dir/home/octo/dev/pico-sdk/src/rp2_common/hardware_xip_cache/xip_cache.c.o
LOAD CMakeFiles/helloworld.dir/home/octo/dev/pico-sdk/lib/tinyusb/src/portable/raspberrypi/rp2040/dcd_rp2040.c.o
LOAD CMakeFiles/helloworld.dir/home/octo/dev/pico-sdk/lib/tinyusb/src/portable/raspberrypi/rp2040/rp2040_usb.c.o
LOAD CMakeFiles/helloworld.dir/home/octo/dev/pico-sdk/lib/tinyusb/src/device/usbd.c.o
LOAD CMakeFiles/helloworld.dir/home/octo/dev/pico-sdk/lib/tinyusb/src/device/usbd_control.c.o
LOAD CMakeFiles/helloworld.dir/home/octo/dev/pico-sdk/lib/tinyusb/src/class/audio/audio_device.c.o
LOAD CMakeFiles/helloworld.dir/home/octo/dev/pico-sdk/lib/tinyusb/src/class/cdc/cdc_device.c.o
LOAD CMakeFiles/helloworld.dir/home/octo/dev/pico-sdk/lib/tinyusb/src/class/dfu/dfu_device.c.o
LOAD CMakeFiles/helloworld.dir/home/octo/dev/pico-sdk/lib/tinyusb/src/class/dfu/dfu_rt_device.c.o
LOAD CMakeFiles/helloworld.dir/home/octo/dev/pico-sdk/lib/tinyusb/src/class/hid/hid_device.c.o
LOAD CMakeFiles/helloworld.dir/home/octo/dev/pico-sdk/lib/tinyusb/src/class/midi/midi_device.c.o
LOAD CMakeFiles/helloworld.dir/home/octo/dev/pico-sdk/lib/tinyusb/src/class/msc/msc_device.c.o
LOAD CMakeFiles/helloworld.dir/home/octo/dev/pico-sdk/lib/tinyusb/src/class/net/ecm_rndis_device.c.o
LOAD CMakeFiles/helloworld.dir/home/octo/dev/pico-sdk/lib/tinyusb/src/class/net/ncm_device.c.o
LOAD CMakeFiles/helloworld.dir/home/octo/dev/pico-sdk/lib/tinyusb/src/class/usbtmc/usbtmc_device.c.o
LOAD CMakeFiles/helloworld.dir/home/octo/dev/pico-sdk/lib/tinyusb/src/class/vendor/vendor_device.c.o
LOAD CMakeFiles/helloworld.dir/home/octo/dev/pico-sdk/lib/tinyusb/src/class/video/video_device.c.o
LOAD CMakeFiles/helloworld.dir/home/octo/dev/pico-sdk/lib/tinyusb/src/tusb.c.o
LOAD CMakeFiles/helloworld.dir/home/octo/dev/pico-sdk/lib/tinyusb/src/common/tusb_fifo.c.o
LOAD CMakeFiles/helloworld.dir/home/octo/dev/pico-sdk/src/rp2_common/pico_fix/rp2040_usb_device_enumeration/rp2040_usb_device_enumeration.c.o
LOAD pico-sdk/src/rp2350/boot_stage2/CMakeFiles/bs2_default_library.dir/bs2_default_padded_checksummed.S.o
LOAD /usr/lib/gcc/arm-none-eabi/14.2.0/../../../../arm-none-eabi/lib/thumb/v8-m.main+fp/softfp/libstdc++.a
LOAD /usr/lib/gcc/arm-none-eabi/14.2.0/../../../../arm-none-eabi/lib/thumb/v8-m.main+fp/softfp/libm.a
START GROUP
LOAD /usr/lib/gcc/arm-none-eabi/14.2.0/thumb/v8-m.main+fp/softfp/libgcc.a
LOAD /usr/lib/gcc/arm-none-eabi/14.2.0/../../../../arm-none-eabi/lib/thumb/v8-m.main+fp/softfp/libg.a
LOAD /usr/lib/gcc/arm-none-eabi/14.2.0/../../../../arm-none-eabi/lib/thumb/v8-m.main+fp/softfp/libc.a
END GROUP
START GROUP
LOAD /usr/lib/gcc/arm-none-eabi/14.2.0/thumb/v8-m.main+fp/softfp/libgcc.a
LOAD /usr/lib/gcc/arm-none-eabi/14.2.0/../../../../arm-none-eabi/lib/thumb/v8-m.main+fp/softfp/libc.a
LOAD /usr/lib/gcc/arm-none-eabi/14.2.0/../../../../arm-none-eabi/lib/thumb/v8-m.main+fp/softfp/libnosys.a
END GROUP
LOAD /usr/lib/gcc/arm-none-eabi/14.2.0/thumb/v8-m.main+fp/softfp/crtend.o
LOAD /usr/lib/gcc/arm-none-eabi/14.2.0/thumb/v8-m.main+fp/softfp/crtn.o
OUTPUT(helloworld.elf elf32-littlearm)
LOAD linker stubs

.rel.dyn        0x10005a04        0x0
 .rel.iplt      0x10005a04        0x0 /usr/lib/gcc/arm-none-eabi/14.2.0/thumb/v8-m.main+fp/softfp/crtbegin.o

.ARM.attributes
                0x00000000       0x34
 .ARM.attributes
                0x00000000       0x26 /usr/lib/gcc/arm-none-eabi/14.2.0/thumb/v8-m.main+fp/softfp/crti.o
 .ARM.attributes
                0x00000026       0x36 /usr/lib/gcc/arm-none-eabi/14.2.0/thumb/v8-m.main+fp/softfp/crtbegin.o
 .ARM.attributes
                0x0000005c       0x38 CMakeFiles/helloworld.dir/src/main.c.o
 .ARM.attributes
                0x00000094       0x38 CMakeFiles/helloworld.dir/home/octo/dev/pico-sdk/src/rp2_common/hardware_gpio/gpio.c.o
 .ARM.attributes
                0x000000cc       0x38 CMakeFiles/helloworld.dir/home/octo/dev/pico-sdk/src/rp2_common/pico_platform_panic/panic.c.o
 .ARM.attributes
                0x00000104       0x38 CMakeFiles/helloworld.dir/home/octo/dev/pico-sdk/src/common/hardware_claim/claim.c.o
 .ARM.attributes
                0x0000013c       0x38 CMakeFiles/helloworld.dir/home/octo/dev/pico-sdk/src/rp2_common/hardware_sync/sync.c.o
 .ARM.attributes
                0x00000174       0x38 CMakeFiles/helloworld.dir/home/octo/dev/pico-sdk/src/rp2_common/hardware_sync_spin_lock/sync_spin_lock.c.o
 .ARM.attributes
                0x000001ac       0x38 CMakeFiles/helloworld.dir/home/octo/dev/pico-sdk/src/rp2_common/hardware_irq/irq.c.o
 .ARM.attributes
                0x000001e4       0x28 CMakeFiles/helloworld.dir/home/octo/dev/pico-sdk/src/rp2_common/hardware_irq/irq_handler_chain.S.o
 .ARM.attributes
                0x0000020c       0x38 CMakeFiles/helloworld.dir/home/octo/dev/pico-sdk/src/common/pico_sync/lock_core.c.o
 .ARM.attributes
                0x00000244       0x38 CMakeFiles/helloworld.dir/home/octo/dev/pico-sdk/src/common/pico_sync/mutex.c.o
 .ARM.attributes
                0x0000027c       0x38 CMakeFiles/helloworld.dir/home/octo/dev/pico-sdk/src/common/pico_sync/critical_section.c.o
 .ARM.attributes
                0x000002b4       0x38 CMakeFiles/helloworld.dir/home/octo/dev/pico-sdk/src/common/pico_time/time.c.o
 .ARM.attributes
                0x000002ec       0x38 CMakeFiles/helloworld.dir/home/octo/dev/pico-sdk/src/rp2_common/hardware_timer/timer.c.o
 .ARM.attributes
                0x00000324       0x38 CMakeFiles/helloworld.dir/home/octo/dev/pico-sdk/src/rp2_common/hardware_uart/uart.c.o
 .ARM.attributes
                0x0000035c       0x38 CMakeFiles/helloworld.dir/home/octo/dev/pico-sdk/src/rp2_common/hardware_clocks/clocks.c.o
 .ARM.attributes
                0x00000394       0x38 CMakeFiles/helloworld.dir/home/octo/dev/pico-sdk/src/rp2_common/hardware_pll/pll.c.o
 .ARM.attributes
                0x000003cc       0x38 CMakeFiles/helloworld.dir/home/octo/dev/pico-sdk/src/rp2_common/hardware_watchdog/watchdog.c.o
 .ARM.attributes
                0x00000404       0x38 CMakeFiles/helloworld.dir/home/octo/dev/pico-sdk/src/rp2_common/hardware_ticks/ticks.c.o
 .ARM.attributes
                0x0000043c       0x38 CMakeFiles/helloworld.dir/home/octo/dev/pico-sdk/src/rp2_common/pico_bootrom/bootrom.c.o
 .ARM.attributes
                0x00000474       0x38 CMakeFiles/helloworld.dir/home/octo/dev/pico-sdk/src/rp2_common/pico_bootrom/bootrom_lock.c.o
 .ARM.attributes
                0x000004ac       0x38 CMakeFiles/helloworld.dir/home/octo/dev/pico-sdk/src/rp2_common/hardware_boot_lock/boot_lock.c.o
 .ARM.attributes
                0x000004e4       0x38 CMakeFiles/helloworld.dir/home/octo/dev/pico-sdk/src/rp2_common/hardware_xosc/xosc.c.o
 .ARM.attributes
                0x0000051c       0x38 CMakeFiles/helloworld.dir/home/octo/dev/pico-sdk/src/rp2_common/pico_runtime/runtime.c.o
 .ARM.attributes
                0x00000554       0x38 CMakeFiles/helloworld.dir/home/octo/dev/pico-sdk/src/rp2_common/pico_runtime_init/runtime_init.c.o
 .ARM.attributes
                0x0000058c       0x38 CMakeFiles/helloworld.dir/home/octo/dev/pico-sdk/src/rp2_common/pico_runtime_init/runtime_init_clocks.c.o
 .ARM.attributes
                0x000005c4       0x38 CMakeFiles/helloworld.dir/home/octo/dev/pico-sdk/src/rp2_common/pico_standard_binary_info/standard_binary_info.c.o
 .ARM.attributes
                0x000005fc       0x38 CMakeFiles/helloworld.dir/home/octo/dev/pico-sdk/src/rp2_common/pico_printf/printf.c.o
 .ARM.attributes
                0x00000634       0x28 CMakeFiles/helloworld.dir/home/octo/dev/pico-sdk/src/rp2_common/pico_crt0/crt0.S.o
 .ARM.attributes
                0x0000065c       0x38 CMakeFiles/helloworld.dir/home/octo/dev/pico-sdk/src/rp2_common/pico_clib_interface/newlib_interface.c.o
 .ARM.attributes
                0x00000694       0x38 CMakeFiles/helloworld.dir/home/octo/dev/pico-sdk/src/rp2_common/pico_stdio/stdio.c.o
 .ARM.attributes
                0x000006cc       0x38 CMakeFiles/helloworld.dir/home/octo/dev/pico-sdk/src/rp2_common/pico_stdio_uart/stdio_uart.c.o
 .ARM.attributes
                0x00000704       0x38 CMakeFiles/helloworld.dir/home/octo/dev/pico-sdk/src/rp2_common/pico_stdio_usb/reset_interface.c.o
 .ARM.attributes
                0x0000073c       0x38 CMakeFiles/helloworld.dir/home/octo/dev/pico-sdk/src/rp2_common/pico_stdio_usb/stdio_usb.c.o
 .ARM.attributes
                0x00000774       0x38 CMakeFiles/helloworld.dir/home/octo/dev/pico-sdk/src/rp2_common/pico_stdio_usb/stdio_usb_descriptors.c.o
 .ARM.attributes
                0x000007ac       0x38 CMakeFiles/helloworld.dir/home/octo/dev/pico-sdk/src/rp2_common/pico_unique_id/unique_id.c.o
 .ARM.attributes
                0x000007e4       0x38 CMakeFiles/helloworld.dir/home/octo/dev/pico-sdk/lib/tinyusb/src/portable/raspberrypi/rp2040/dcd_rp2040.c.o
 .ARM.attributes
                0x0000081c       0x38 CMakeFiles/helloworld.dir/home/octo/dev/pico-sdk/lib/tinyusb/src/portable/raspberrypi/rp2040/rp2040_usb.c.o
 .ARM.attributes
                0x00000854       0x38 CMakeFiles/helloworld.dir/home/octo/dev/pico-sdk/lib/tinyusb/src/device/usbd.c.o
 .ARM.attributes
                0x0000088c       0x38 CMakeFiles/helloworld.dir/home/octo/dev/pico-sdk/lib/tinyusb/src/device/usbd_control.c.o
 .ARM.attributes
                0x000008c4       0x38 CMakeFiles/helloworld.dir/home/octo/dev/pico-sdk/lib/tinyusb/src/class/cdc/cdc_device.c.o
 .ARM.attributes
                0x000008fc       0x38 CMakeFiles/helloworld.dir/home/octo/dev/pico-sdk/lib/tinyusb/src/class/vendor/vendor_device.c.o
 .ARM.attributes
                0x00000934       0x38 CMakeFiles/helloworld.dir/home/octo/dev/pico-sdk/lib/tinyusb/src/tusb.c.o
 .ARM.attributes
                0x0000096c       0x38 CMakeFiles/helloworld.dir/home/octo/dev/pico-sdk/lib/tinyusb/src/common/tusb_fifo.c.o
 .ARM.attributes
                0x000009a4       0x36 /usr/lib/gcc/arm-none-eabi/14.2.0/../../../../arm-none-eabi/lib/thumb/v8-m.main+fp/softfp/libg.a(libc_a-atexit.o)
 .ARM.attributes
                0x000009da       0x36 /usr/lib/gcc/arm-none-eabi/14.2.0/../../../../arm-none-eabi/lib/thumb/v8-m.main+fp/softfp/libg.a(libc_a-memset.o)
 .ARM.attributes